Microchip MPLAB XC8 Compiler V1.45 ()

Linker command line:

-W-3 --edf=C:\Program Files (x86)\Microchip\xc8\v1.45\dat\en_msgs.txt -cs \
  -h+dist/Release/production\MRF89XA_ApplT.X.production.sym \
  --cmf=dist/Release/production\MRF89XA_ApplT.X.production.cmf -z -Q16F1847 \
  -oe:\Temp\s5a4.2 -Mdist/Release/production/MRF89XA_ApplT.X.production.map \
  -E1 -ver=XC8 -ASTACK=021CAh-023efh -pstack=STACK \
  -ACODE=0380h-07FFh,0800h-0FFFhx3 -ASTRCODE=0380h-01FFFh \
  -ASTRING=0380h-03FFh,0400h-04FFhx28 -ACONST=0380h-03FFh,0400h-04FFhx28 \
  -AENTRY=0380h-03FFh,0400h-04FFhx28 -ACOMMON=070h-07Fh -ABANK0=020h-06Fh \
  -ABANK1=0A0h-0EFh -ABANK2=0120h-016Fh -ABANK3=01A0h-01EFh \
  -ABANK4=0220h-026Fh -ABANK5=02A0h-02EFh -ABANK6=0320h-036Fh \
  -ABANK7=03A0h-03EFh -ABANK8=0420h-046Fh -ABANK9=04A0h-04EFh \
  -ABANK10=0520h-056Fh -ABANK11=05A0h-05EFh -ABANK12=0620h-064Fh \
  -ABIGRAM=02000h-023EFh \
  -ARAM=020h-06Fh,0A0h-0EFh,0120h-016Fh,01A0h-01EFh,0220h-026Fh,02A0h-02EFh,0320h-036Fh,03A0h-03EFh,0420h-046Fh,04A0h-04EFh,0520h-056Fh,05A0h-05EFh,0620h-064Fh \
  -AABS1=020h-07Fh,0A0h-0EFh,0120h-016Fh,01A0h-01EFh,0220h-026Fh,02A0h-02EFh,0320h-036Fh,03A0h-03EFh,0420h-046Fh,04A0h-04EFh,0520h-056Fh,05A0h-05EFh,0620h-064Fh \
  -ASFR0=00h-01Fh -ASFR1=080h-09Fh -ASFR2=0100h-011Fh -ASFR3=0180h-019Fh \
  -ASFR4=0200h-021Fh -ASFR5=0280h-029Fh -ASFR6=0300h-031Fh \
  -ASFR7=0380h-039Fh -ASFR8=0400h-041Fh -ASFR9=0480h-049Fh \
  -ASFR10=0500h-051Fh -ASFR11=0580h-059Fh -ASFR12=0600h-061Fh \
  -ASFR13=0680h-06EFh -ASFR14=0700h-076Fh -ASFR15=0780h-07EFh \
  -ASFR16=0800h-086Fh -ASFR17=0880h-08EFh -ASFR18=0900h-096Fh \
  -ASFR19=0980h-09EFh -ASFR20=0A00h-0A6Fh -ASFR21=0A80h-0AEFh \
  -ASFR22=0B00h-0B6Fh -ASFR23=0B80h-0BEFh -ASFR24=0C00h-0C6Fh \
  -ASFR25=0C80h-0CEFh -ASFR26=0D00h-0D6Fh -ASFR27=0D80h-0DEFh \
  -ASFR28=0E00h-0E6Fh -ASFR29=0E80h-0EEFh -ASFR30=0F00h-0F6Fh \
  -ASFR31=0F80h-0FEFh -preset_vec=0380h,intentry=0384h,init,end_init \
  -ppowerup=CODE -pcinit=CODE -pfunctab=ENTRY -ACONFIG=08007h-08008h \
  -pconfig=CONFIG -DCONFIG=2 -AIDLOC=08000h-08003h -pidloc=IDLOC -DIDLOC=2 \
  -AEEDATA=00h-0FFh/0F000h -peeprom_data=EEDATA -DEEDATA=2 -DCODE=2 \
  -DSTRCODE=2 -DSTRING=2 -DCONST=2 -DENTRY=2 -k e:\Temp\s5a4.obj \
  dist/Release/production\MRF89XA_ApplT.X.production.obj 

Object code version is 3.11

Machine type is 16F1847



                Name                               Link     Load   Length Selector   Space Scale
e:\Temp\s5a4.obj
                end_init                            388      388        2      708       0
                reset_vec                           380      380        2      700       0
dist/Release/production\MRF89XA_ApplT.X.production.obj
                cinit                               38A      38A        4      708       0
                intentry                            384      384        4      708       0
                text97                             148D     148D       12     291A       0
                text95                             15CD     15CD       4B     2B9A       0
                text93                             1584     1584       49     2B08       0
                text92                             149F     149F       13     293E       0
                text86                             1766     1766       9A     2ECC       0
                text85                              958      958      22B     12B0       0
                text64                             1544     1544       40     2A88       0
                text61                             151C     151C       28     2A38       0
                text60                             1618     1618       60     2C30       0
                text56                              808      808       A1     1010       0
                text52                             14FD     14FD       1F     29FA       0
                text46                             14C9     14C9       18     2992       0
                text44                              38E      38E      46C      708       0
                text21                             1678     1678       68     2CF0       0
                text15                              800      800        8     1000       0
                swtext2                            1348     1348        A     267C       0
                text11                             16E0     16E0       86     2DC0       0
                text10                             147D     147D       10     28FA       0
                text9                              14B2     14B2       17     2964       0
                text8                              1454     1454        D     28A8       0
                text6                               8A9      8A9       AF     1152       0
                text5                              1449     1449        B     2892       0
                text4                              14E1     14E1       1C     29C2       0
                text3                              1461     1461        E     28C2       0
                text2                               7FA      7FA        5      708       0
                text1                              146F     146F        E     28DE       0
                swtext1                            133E     133E        A     267C       0
                maintext                            B83      B83      47D     1706       0
                cstackBANK0                          5C       5C       12       20       1
                cstackCOMMON                         70       70        D       70       1
                bssBANK5                            2A0      2A0       3A      2A0       1
                bssBANK4                            220      220       40      220       1
                bssBANK3                            1A0      1A0       40      1A0       1
                bssBANK2                            120      120       46      120       1
                bssBANK1                             A0       A0       47       A0       1
                bssBANK0                             20       20       3C       20       1
                stringtext28                       18D5     18D5        4     3000       0
                stringtext27                       18D1     18D1        4     3000       0
                stringtext26                       18CD     18CD        4     3000       0
                stringtext25                       18C9     18C9        4     3000       0
                stringtext24                       18C5     18C5        4     3000       0
                stringtext23                       18C1     18C1        4     3000       0
                stringtext22                       18BD     18BD        4     3000       0
                stringtext21                       18B9     18B9        4     3000       0
                stringtext20                       18B5     18B5        4     3000       0
                stringtext19                       18B1     18B1        4     3000       0
                stringtext18                       18AD     18AD        4     3000       0
                stringtext17                       18A9     18A9        4     3000       0
                stringtext16                       18A5     18A5        4     3000       0
                stringtext15                       186E     186E        A     3000       0
                nvBANK1                              E7       E7        2       A0       1
                stringtext14                       18A1     18A1        4     3000       0
                stringtext13                       189D     189D        4     3000       0
                stringtext12                       1898     1898        5     3000       0
                stringtext11                       1893     1893        5     3000       0
                stringtext10                       188A     188A        9     3000       0
                stringtext9                        1860     1860        E     3000       0
                stringtext8                        1820     1820       1C     3000       0
                stringtext7                        1881     1881        9     3000       0
                stringtext6                        1878     1878        9     3000       0
                stringtext5                        184E     184E       12     3000       0
                stringtext4                        183C     183C       12     3000       0
                stringtext3                        1800     1800       20     3000       0
                stringtext2                        11D6     11D6      168     2000       0
                stringtext1                        1000     1000      1D6     2000       0

TOTAL           Name                               Link     Load   Length     Space
        CLASS   STACK          

        CLASS   CODE           
                end_init                            388      388        2         0
                cinit                               38A      38A        4         0
                intentry                            384      384        4         0
                reset_vec                           380      380        2         0
                text97                             148D     148D       12         0
                text95                             15CD     15CD       4B         0
                text93                             1584     1584       49         0
                text92                             149F     149F       13         0
                text86                             1766     1766       9A         0
                text85                              958      958      22B         0
                text64                             1544     1544       40         0
                text61                             151C     151C       28         0
                text60                             1618     1618       60         0
                text56                              808      808       A1         0
                text52                             14FD     14FD       1F         0
                text46                             14C9     14C9       18         0
                text44                              38E      38E      46C         0
                text21                             1678     1678       68         0
                text15                              800      800        8         0
                text11                             16E0     16E0       86         0
                text10                             147D     147D       10         0
                text9                              14B2     14B2       17         0
                text8                              1454     1454        D         0
                text6                               8A9      8A9       AF         0
                text5                              1449     1449        B         0
                text4                              14E1     14E1       1C         0
                text3                              1461     1461        E         0
                text2                               7FA      7FA        5         0
                text1                              146F     146F        E         0
                maintext                            B83      B83      47D         0

        CLASS   STRCODE        
                stringtext28                       18D5     18D5        4         0
                stringtext27                       18D1     18D1        4         0
                stringtext26                       18CD     18CD        4         0
                stringtext25                       18C9     18C9        4         0
                stringtext24                       18C5     18C5        4         0
                stringtext23                       18C1     18C1        4         0
                stringtext22                       18BD     18BD        4         0
                stringtext21                       18B9     18B9        4         0
                stringtext20                       18B5     18B5        4         0
                stringtext19                       18B1     18B1        4         0
                stringtext18                       18AD     18AD        4         0
                stringtext17                       18A9     18A9        4         0
                stringtext16                       18A5     18A5        4         0
                stringtext15                       186E     186E        A         0
                stringtext14                       18A1     18A1        4         0
                stringtext13                       189D     189D        4         0
                stringtext12                       1898     1898        5         0
                stringtext11                       1893     1893        5         0
                stringtext10                       188A     188A        9         0
                stringtext9                        1860     1860        E         0
                stringtext8                        1820     1820       1C         0
                stringtext7                        1881     1881        9         0
                stringtext6                        1878     1878        9         0
                stringtext5                        184E     184E       12         0
                stringtext4                        183C     183C       12         0
                stringtext3                        1800     1800       20         0
                stringtext2                        11D6     11D6      168         0
                stringtext1                        1000     1000      1D6         0

        CLASS   STRING         

        CLASS   CONST          
                swtext2                            1348     1348        A         0
                swtext1                            133E     133E        A         0

        CLASS   ENTRY          

        CLASS   COMMON         
                cstackCOMMON                         70       70        D         1

        CLASS   BANK0          
                cstackBANK0                          5C       5C       12         1
                bssBANK0                             20       20       3C         1

        CLASS   BANK1          
                bssBANK1                             A0       A0       47         1
                nvBANK1                              E7       E7        2         1

        CLASS   BANK2          
                bssBANK2                            120      120       46         1

        CLASS   BANK3          
                bssBANK3                            1A0      1A0       40         1

        CLASS   BANK4          
                bssBANK4                            220      220       40         1

        CLASS   BANK5          
                bssBANK5                            2A0      2A0       3A         1

        CLASS   BANK6          

        CLASS   BANK7          

        CLASS   BANK8          

        CLASS   BANK9          

        CLASS   BANK10         

        CLASS   BANK11         

        CLASS   BANK12         

        CLASS   BIGRAM         

        CLASS   RAM            

        CLASS   ABS1           
                abs_s1                               7E       7E        2         1

        CLASS   SFR0           

        CLASS   SFR1           

        CLASS   SFR2           

        CLASS   SFR3           

        CLASS   SFR4           

        CLASS   SFR5           

        CLASS   SFR6           

        CLASS   SFR7           

        CLASS   SFR8           

        CLASS   SFR9           

        CLASS   SFR10          

        CLASS   SFR11          

        CLASS   SFR12          

        CLASS   SFR13          

        CLASS   SFR14          

        CLASS   SFR15          

        CLASS   SFR16          

        CLASS   SFR17          

        CLASS   SFR18          

        CLASS   SFR19          

        CLASS   SFR20          

        CLASS   SFR21          

        CLASS   SFR22          

        CLASS   SFR23          

        CLASS   SFR24          

        CLASS   SFR25          

        CLASS   SFR26          

        CLASS   SFR27          

        CLASS   SFR28          

        CLASS   SFR29          

        CLASS   SFR30          

        CLASS   SFR31          

        CLASS   CONFIG         

        CLASS   IDLOC          

        CLASS   EEDATA         

        CLASS   BANK31         

        CLASS   BANK30         

        CLASS   BANK29         

        CLASS   BANK28         

        CLASS   BANK27         

        CLASS   BANK26         

        CLASS   BANK25         

        CLASS   BANK24         

        CLASS   BANK23         

        CLASS   BANK22         

        CLASS   BANK21         

        CLASS   BANK20         

        CLASS   BANK19         

        CLASS   BANK18         

        CLASS   BANK17         

        CLASS   BANK16         

        CLASS   BANK15         

        CLASS   BANK14         

        CLASS   BANK13         



SEGMENTS        Name                           Load    Length   Top    Selector   Space  Class     Delta

                bssBANK0                       000020  00004E  00006E        20       1  BANK0       1
                cstackCOMMON                   000070  00000D  00007D        70       1  COMMON      1
                bssBANK1                       0000A0  000049  0000E9        A0       1  BANK1       1
                bssBANK2                       000120  000046  000166       120       1  BANK2       1
                bssBANK3                       0001A0  000040  0001E0       1A0       1  BANK3       1
                bssBANK4                       000220  000040  000260       220       1  BANK4       1
                bssBANK5                       0002A0  00003A  0002DA       2A0       1  BANK5       1
                reset_vec                      000380  000002  000382       700       0  CODE        2
                intentry                       000384  00047B  0007FF       708       0  CODE        2
                text15                         000800  000008  000808      1000       0  CODE        2
                text56                         000808  0000A1  0008A9      1010       0  CODE        2
                text6                          0008A9  0000AF  000958      1152       0  CODE        2
                text85                         000958  00022B  000B83      12B0       0  CODE        2
                maintext                       000B83  00047D  001000      1706       0  CODE        2
                stringtext1                    001000  00033E  00133E      2000       0  STRCODE     2
                swtext1                        00133E  000014  001352      267C       0  CONST       2
                text5                          001449  00000B  001454      2892       0  CODE        2
                text8                          001454  00000D  001461      28A8       0  CODE        2
                text3                          001461  00000E  00146F      28C2       0  CODE        2
                text1                          00146F  00000E  00147D      28DE       0  CODE        2
                text10                         00147D  000010  00148D      28FA       0  CODE        2
                text97                         00148D  000012  00149F      291A       0  CODE        2
                text92                         00149F  000013  0014B2      293E       0  CODE        2
                text9                          0014B2  000017  0014C9      2964       0  CODE        2
                text46                         0014C9  000018  0014E1      2992       0  CODE        2
                text4                          0014E1  00001C  0014FD      29C2       0  CODE        2
                text52                         0014FD  00001F  00151C      29FA       0  CODE        2
                text61                         00151C  000028  001544      2A38       0  CODE        2
                text64                         001544  000040  001584      2A88       0  CODE        2
                text93                         001584  000049  0015CD      2B08       0  CODE        2
                text95                         0015CD  00004B  001618      2B9A       0  CODE        2
                text60                         001618  000060  001678      2C30       0  CODE        2
                text21                         001678  000068  0016E0      2CF0       0  CODE        2
                text11                         0016E0  000086  001766      2DC0       0  CODE        2
                text86                         001766  00009A  001800      2ECC       0  CODE        2
                stringtext3                    001800  0000D9  0018D9      3000       0  STRCODE     2


UNUSED ADDRESS RANGES

        Name                Unused          Largest block    Delta
        BANK0            006E-006F              2           1
        BANK1            00E9-00EF              7           1
        BANK10           0520-056F             50           1
        BANK11           05A0-05EF             50           1
        BANK12           0620-064F             30           1
        BANK2            0166-016F              A           1
        BANK3            01E0-01EF             10           1
        BANK4            0260-026F             10           1
        BANK5            02DA-02EF             16           1
        BANK6            0320-036F             50           1
        BANK7            03A0-03EF             50           1
        BANK8            0420-046F             50           1
        BANK9            04A0-04EF             50           1
        BIGRAM           2000-23EF            3F0           1
        CODE             0382-0383              2           2
                         07FF-07FF              1
                         1352-1448             F7
                         18D9-1FFF            727
        COMMON           007D-007D              1           1
        CONFIG           8007-8008              2           2
        CONST            0382-0383              2           2
                         07FF-07FF              1
                         1352-1448             AE
                         18D9-1FFF            100
        EEDATA           F000-F0FF            100           2
        ENTRY            0382-0383              2           2
                         07FF-07FF              1
                         1352-1448             AE
                         18D9-1FFF            100
        IDLOC            8000-8003              4           2
        RAM              006E-006F              2           1
                         00E9-00EF              7
                         0166-016F              A
                         01E0-01EF             10
                         0260-026F             10
                         02DA-02EF             16
                         0320-036F             50
                         03A0-03EF             50
                         0420-046F             50
                         04A0-04EF             50
                         0520-056F             50
                         05A0-05EF             50
                         0620-064F             30
        SFR0             0000-001F             20           1
        SFR1             0080-009F             20           1
        SFR10            0500-051F             20           1
        SFR11            0580-059F             20           1
        SFR12            0600-061F             20           1
        SFR13            0680-06EF             70           1
        SFR14            0700-076F             70           1
        SFR15            0780-07EF             70           1
        SFR16            0800-086F             70           1
        SFR17            0880-08EF             70           1
        SFR18            0900-096F             70           1
        SFR19            0980-09EF             70           1
        SFR2             0100-011F             20           1
        SFR20            0A00-0A6F             70           1
        SFR21            0A80-0AEF             70           1
        SFR22            0B00-0B6F             70           1
        SFR23            0B80-0BEF             70           1
        SFR24            0C00-0C6F             70           1
        SFR25            0C80-0CEF             70           1
        SFR26            0D00-0D6F             70           1
        SFR27            0D80-0DEF             70           1
        SFR28            0E00-0E6F             70           1
        SFR29            0E80-0EEF             70           1
        SFR3             0180-019F             20           1
        SFR30            0F00-0F6F             70           1
        SFR31            0F80-0FEF             70           1
        SFR4             0200-021F             20           1
        SFR5             0280-029F             20           1
        SFR6             0300-031F             20           1
        SFR7             0380-039F             20           1
        SFR8             0400-041F             20           1
        SFR9             0480-049F             20           1
        STACK            21CA-23EF            226           1
        STRCODE          0382-0383              2           2
                         07FF-07FF              1
                         1352-1448             F7
                         18D9-1FFF            727
        STRING           0382-0383              2           2
                         07FF-07FF              1
                         1352-1448             AE
                         18D9-1FFF            100

                                  Symbol Table

?_IO_GetTempMeas                 cstackCOMMON 0070
?___awdiv                        cstackCOMMON 0070
?___awmod                        cstackCOMMON 0070
?___lmul                         cstackCOMMON 0070
?___wmul                         cstackCOMMON 0070
AirS_Init@i                      cstackCOMMON 0070
DetermineProg@ctime              cstackCOMMON 007A
DetermineProg@ix                 cstackCOMMON 007B
DrawLargeTemp@t                  cstackCOMMON 007A
IO_CalcTemp@offs8                cstackCOMMON 0070
IO_GetSW1Press@b                 cstackCOMMON 0070
IO_GetSW2Press@b                 cstackCOMMON 0070
IO_StartTimer1@Time              cstackCOMMON 0070
IO_StartTimer2@Time              cstackCOMMON 0070
IO_TaskFast@bUV                  cstackCOMMON 0071
LCDWriteCMD@data                 cstackCOMMON 0071
LCD_BCDNumber@bLzero             cstackCOMMON 007A
LCD_BCDNumber@digit              cstackCOMMON 007B
LCD_BitmapV@bmp                  cstackCOMMON 0071
LCD_Char@character               cstackCOMMON 0076
LCD_Char@index                   cstackCOMMON 0078
LCD_Char@j                       cstackCOMMON 0077
LCD_ClearLCD@index               cstackCOMMON 0071
LCD_ClearLine@i                  cstackCOMMON 0071
LCD_Large2Dots@bON               cstackCOMMON 0074
LCD_LargeDigit@dig               cstackCOMMON 0076
LCD_LargeDigit@i                 cstackCOMMON 0077
LCD_LargeDigit@offs              cstackCOMMON 0078
LCD_String@characters            cstackCOMMON 007A
LCD_XY@x                         cstackCOMMON 0073
LCD_XY@y                         cstackCOMMON 0072
MRF89XAInit@i                    cstackCOMMON 0077
MRF89XAInit@input                cstackCOMMON 0076
MRF89XAInit@res                  cstackCOMMON 0075
MRF89XARegisterRead@address      cstackCOMMON 0072
MRF89XARegisterRead@value        cstackCOMMON 0071
MRF89XARegisterSet@address       cstackCOMMON 0072
MRF89XARegisterSet@value         cstackCOMMON 0071
MRF89XASendFrame@i               cstackCOMMON 0075
MRF89XASetRFMode@mcparam0_read   cstackCOMMON 0073
MRF89XASetRFMode@mode            cstackCOMMON 0074
MRF89XAStartReception@i          cstackCOMMON 0075
MRF89XATask@i                    cstackCOMMON 0076
MRF89XATask@k                    cstackCOMMON 0075
NEG_RESP@c                       cstackCOMMON 0070
NVM_GetBlockLenght@Block         cstackCOMMON 0070
NVM_IsIdle@i                     cstackCOMMON 0070
NVM_ReadBlockData@Block          cstackCOMMON 0074
NVM_ReadBlockData@offset         cstackCOMMON 0070
NVM_ReadBlockData@pr             cstackCOMMON 0075
NVM_Task@i                       cstackCOMMON 0074
NVM_WriteBlock@BlockIndex        cstackCOMMON 0070
NVM_WriteBlockData@Block         cstackCOMMON 0078
NVM_WriteBlockData@data          cstackCOMMON 0071
NVM_WriteBlockData@offset        cstackCOMMON 0070
NVM_WriteBlockData@pr            cstackCOMMON 0076
PL10                             text21       16DA
PL12                             text44       07E2
PL14                             text44       07EA
PL16                             text44       07F2
PL18                             maintext     0FD3
PL2                              text44       07D8
PL20                             text85       0B7D
PL22                             maintext     0FD9
PL24                             maintext     0FDF
PL26                             text95       1612
PL28                             maintext     0FE5
PL30                             maintext     0FEA
PL32                             maintext     0FEF
PL4                              text93       15C6
PL6                              text85       0B71
PL8                              text21       16D4
POS_RESP@len                     cstackCOMMON 0070
PRG_SetNewTemp@sIncrease         cstackCOMMON 007B
ROL@num                          cstackCOMMON 0070
RTC_BCD2DEC@x                    cstackCOMMON 0074
RTC_BCD2DEC@y                    cstackCOMMON 0073
RTC_TimeToNumber@r               cstackCOMMON 0079
ReadFIFO@value                   cstackCOMMON 0070
Read_Eep@badd                    cstackCOMMON 0070
ReloadTime@bLocal                cstackCOMMON 0070
SPI_HF_Put@v                     cstackCOMMON 0070
UDS_CompareKey@s1                cstackCOMMON 0071
UDS_RDBID@i                      cstackCOMMON 0078
UDS_RDBID@k                      cstackCOMMON 007A
UDS_WDBID@i                      cstackCOMMON 007A
UDS_WDBID@j                      cstackCOMMON 0079
UDS_WDBID@k                      cstackCOMMON 007B
WriteFIFO@Data                   cstackCOMMON 0071
WriteNVMBlockSync@block          cstackCOMMON 0075
Write_Eep@SAVEICON               cstackCOMMON 0072
Write_Eep@badd                   cstackCOMMON 0071
Write_Eep@bdata                  cstackCOMMON 0070
_ADCON0                          (abs)        009D
_ADCON0bits                      (abs)        009D
_ADCON1                          (abs)        009E
_ADRESH                          (abs)        009C
_ADRESL                          (abs)        009B
_ANSELA                          (abs)        018C
_ANSELB                          (abs)        018D
_APFCON0                         (abs)        011D
_ASCII                           stringtext1  1000
_AdcRaw                          bssBANK0     0032
_AdcTemp                         bssBANK1     00D1
_AdcTempCnt                      bssBANK0     0058
_AdcTempFilt                     bssBANK1     00C3
_AirS_Init                       maintext     0C0C
_AirS_Task                       maintext     0C22
_AirS_Task_Slow                  maintext     0C23
_App_OnAirHumSig                 maintext     0FCA
_App_OnAirTempSig                text97       148D
_App_OnWinSensor                 text93       15A4
_ByteCount                       bssBANK0     003E
_CSm                             bssBANK0     0040
_Calc_Key                        text86       17C8
_Clock_Init                      maintext     0C62
_ComData                         bssBANK1     00A0
_ComTxData                       bssBANK1     00B3
_Comm_Init                       maintext     0D2F
_Comm_InitMRF                    maintext     0E53
_Comm_IsAlreadyReceived          text95       15CD
_Comm_OnIdle                     maintext     0D57
_Comm_PrepareTransmit            text64       157D
_Comm_RxProcess                  maintext     0F00
_Comm_Task                       text64       1544
_Comm_TaskSlow                   maintext     0FF3
_CurrentBlock                    bssBANK0     003F
_DateTime                        bssBANK1     00BC
_Delta                           bssBANK0     002A
_DetermineMode                   text85       0998
_DetermineProg                   text85       0ACA
_DrawClrLastLines                text44       040F
_DrawLargeHum                    text44       058C
_DrawLargeTemp                   text44       05F5
_DrawLargeTime                   text44       05B6
_DrawRegPower                    text44       04EE
_DrawSetTempText                 text44       04DA
_DrawTimeDate                    text44       0419
_EEADR                           (abs)        0191
_EECON1bits                      (abs)        0195
_EECON2                          (abs)        0196
_EEDATL                          (abs)        0193
_GetRIRLevel                     text11       1735
_I2C_Init                        maintext     0FFC
_INTCON                          (abs)        000B
_INTCONbits                      (abs)        000B
_IO_CalcTemp                     text56       0867
_IO_DisablePIR                   maintext     0ED4
_IO_GetPIRLevel                  text11       1760
_IO_GetPIRPin                    text85       0ABD
_IO_GetSW1Press                  text85       09D6
_IO_GetSW2Press                  text85       09DD
_IO_GetTempMeas                  maintext     0C5C
_IO_Init                         text61       151C
_IO_StartTimer1                  maintext     0EB2
_IO_StartTimer2                  text56       087A
_IO_TaskFast                     text60       1618
_IO_TaskSlow                     text56       0808
_ISR                             intentry     0384
_InitConfigRegs                  stringtext3  1800
_LARGE                           stringtext2  11D6
_LATA                            (abs)        010C
_LATAbits                        (abs)        010C
_LATB                            (abs)        010D
_LATBbits                        (abs)        010D
_LCDWriteCMD                     text44       07B6
_LCD_BCDNumber                   text44       04B4
_LCD_BitmapV                     text44       055C
_LCD_Char                        text44       06E6
_LCD_ClearLCD                    text52       1505
_LCD_ClearLine                   text44       04CC
_LCD_Init                        text44       07A1
_LCD_Large2Dots                  text44       06AF
_LCD_LargeDigit                  text44       0657
_LCD_LargeDot                    text44       038E
_LCD_LargeMinus                  text44       069D
_LCD_LargePlus                   text44       057A
_LCD_String                      text44       04A2
_LCD_XY                          text44       064B
_Line                            bssBANK0     0047
_MNU_Init                        text52       14FD
_MNU_Task                        text44       039A
_MNU_TaskButton                  text85       09B2
_MRF89XACheckRSSI                maintext     0EAD
_MRF89XAInit                     maintext     0DD7
_MRF89XARegisterRead             maintext     0E14
_MRF89XARegisterSet              maintext     0E76
_MRF89XASendFrame                maintext     0E23
_MRF89XASetRFMode                maintext     0E84
_MRF89XAStartReception           maintext     0D82
_MRF89XATask                     maintext     0D93
_MRF89XA_Error                   bssBANK0     003A
_MRF89XA_RSSI                    bssBANK0     0041
_Menu                            bssBANK0     0048
_NEG_RESP                        maintext     0FBD
_NVMState                        bssBANK0     003C
_NVM_BlockAddr                   stringtext6  1878
_NVM_BlockRAM                    stringtext5  184E
_NVM_BlockROM                    stringtext4  183C
_NVM_BlockSize                   stringtext7  1881
_NVM_BlockStatus                 bssBANK2     0120
_NVM_GetBlockLenght              text85       0AC2
_NVM_Init                        text21       1678
_NVM_IsIdle                      maintext     0C87
_NVM_ReadBlockData               text85       0AF1
_NVM_Task                        maintext     0C99
_NVM_WriteBlock                  text85       0B6A
_NVM_WriteBlockData              text85       0B33
_OPTION_REG                      (abs)        0095
_OSCCONbits                      (abs)        0099
_PIRFlags                        bssBANK0     0030
_PORTB                           (abs)        000D
_PORTBbits                       (abs)        000D
_POS_RESP                        text85       0AB1
_PR2                             (abs)        001B
_PR4                             (abs)        0416
_PR6                             (abs)        041D
_PRG_Init                        text85       0B79
_PRG_SetNewTemp                  text85       09E4
_PRG_TaskSlow                    text85       098C
_PRS_Init                        text15       0800
_PRS_OnPIRFrame                  text93       1584
_PRS_RoomPresence                text44       0569
_PRS_Task                        text11       16E0
_PRS_Task1s                      text10       147D
_Ports_Init                      text9        14B2
_PrepBlockData                   maintext     0ED8
_PresenceOff                     bssBANK0     0037
_PresenceTime                    bssBANK0     0028
_ProgSetTemp                     bssBANK0     002E
_RAM_CTRL                        bssBANK5     02BE
_RAM_NWID                        bssBANK1     00D5
_RAM_PARAM                       bssBANK1     00DA
_RAM_PIRDATA                     bssBANK2     015D
_RAM_TEMPPROG                    bssBANK2     014F
_RAM_TEMPPROG2                   bssBANK2     0141
_RAM_TEMP_REGDATA                bssBANK1     00DF
_REG_FZLogic                     text6        092C
_REG_GetLevel                    text44       0564
_REG_Init                        text8        1454
_REG_PARAMS_RAM                  bssBANK1     00E3
_REG_PARAMS_ROM                  stringtext14 18A1
_REG_TaskSlow                    text6        08A9
_RF_Mode                         bssBANK0     003B
_ROL                             text86       17ED
_ROM_CRTRL                       stringtext8  1820
_ROM_NWID                        stringtext12 1898
_ROM_PARAM                       stringtext11 1893
_ROM_PIRDATA                     stringtext10 188A
_ROM_TEMPPROG                    stringtext9  1860
_ROM_TEMP_REGDATA                stringtext13 189D
_RTC_BCD2DEC                     text85       0B1B
_RTC_Init                        text5        1449
_RTC_OnRTCFrame                  text92       149F
_RTC_Status                      bssBANK0     0051
_RTC_TaskSlow                    text4        14E1
_RTC_TimeToNumber                text85       0B0A
_ReadBlock                       text21       1688
_ReadFIFO                        maintext     0DCF
_Read_Eep                        maintext     0D0C
_ReloadTime                      text11       173E
_RequestReset                    text4        14F8
_RxPacket                        bssBANK3     01A0
_SPI_HF_Get                      maintext     0E98
_SPI_HF_Init                     text3        1461
_SPI_HF_Put                      text44       06DA
_SSP1BUF                         (abs)        0211
_SSP1CON1                        (abs)        0215
_SSP1CON1bits                    (abs)        0215
_SSP1CON2                        (abs)        0216
_SSP1CON3                        (abs)        0217
_SSP1IE                          (abs)        048B
_SSP1IF                          (abs)        008B
_SSP1STAT                        (abs)        0214
_SW1buf                          bssBANK0     0057
_SW2buf                          bssBANK0     0056
_SWcnt1                          bssBANK0     0053
_SWcnt2                          bssBANK0     0052
_SWdeb1                          bssBANK0     0055
_SWdeb2                          bssBANK0     0054
_T2CON                           (abs)        001C
_T2CONbits                       (abs)        001C
_T4CON                           (abs)        0417
_T4CONbits                       (abs)        0417
_T6CON                           (abs)        041E
_T6CONbits                       (abs)        041E
_TEMP_HISTORY                    bssBANK2     0129
_TMR2IE                          (abs)        0489
_TMR2IF                          (abs)        0089
_TMR4IE                          (abs)        0499
_TMR4IF                          (abs)        0099
_TMR6IE                          (abs)        049B
_TMR6IF                          (abs)        009B
_TRISA                           (abs)        008C
_TRISAbits                       (abs)        008C
_TRISB                           (abs)        008D
_TempHumFlag                     bssBANK0     0042
_TransmitFrame                   maintext     0EBC
_TxPacket                        bssBANK4     0220
_UDS_CompareKey                  text86       1766
_UDS_GetSeed                     text85       0958
_UDS_RDBID                       text85       0A40
_UDS_WDBID                       text85       0A09
_WIN_Init                        text2        07FA
_WIN_IsOpen                      text44       056E
_WIN_IsOpen$1753                 cstackCOMMON 0070
_WIN_TaskSlow                    text1        146F
_WPUB                            (abs)        020D
_WorkBuff                        bssBANK5     02A0
_WriteFIFO                       maintext     0EA4
_WriteNVMBlockSync               text85       0B5C
_Write_Eep                       maintext     0D17
__Habs1                          abs1         0000
__Hbank0                         bank0        0000
__Hbank1                         bank1        0000
__Hbank10                        bank10       0000
__Hbank11                        bank11       0000
__Hbank12                        bank12       0000
__Hbank13                        bank13       0000
__Hbank14                        bank14       0000
__Hbank15                        bank15       0000
__Hbank16                        bank16       0000
__Hbank17                        bank17       0000
__Hbank18                        bank18       0000
__Hbank19                        bank19       0000
__Hbank2                         bank2        0000
__Hbank20                        bank20       0000
__Hbank21                        bank21       0000
__Hbank22                        bank22       0000
__Hbank23                        bank23       0000
__Hbank24                        bank24       0000
__Hbank25                        bank25       0000
__Hbank26                        bank26       0000
__Hbank27                        bank27       0000
__Hbank28                        bank28       0000
__Hbank29                        bank29       0000
__Hbank3                         bank3        0000
__Hbank30                        bank30       0000
__Hbank31                        bank31       0000
__Hbank4                         bank4        0000
__Hbank5                         bank5        0000
__Hbank6                         bank6        0000
__Hbank7                         bank7        0000
__Hbank8                         bank8        0000
__Hbank9                         bank9        0000
__Hbigram                        bigram       0000
__HbssBANK0                      bssBANK0     0000
__HbssBANK1                      bssBANK1     0000
__HbssBANK2                      bssBANK2     0000
__HbssBANK3                      bssBANK3     0000
__HbssBANK4                      bssBANK4     0000
__HbssBANK5                      bssBANK5     0000
__Hcinit                         cinit        038E
__Hclrtext                       clrtext      0000
__Hcode                          code         0000
__Hcommon                        common       0000
__Hconfig                        config       0000
__HcstackBANK0                   cstackBANK0  0000
__HcstackCOMMON                  cstackCOMMON 0000
__Heeprom_data                   eeprom_data  0000
__Hend_init                      end_init     038A
__Hfunctab                       functab      0000
__Hidloc                         idloc        0000
__Hinit                          init         0388
__Hintentry                      intentry     0388
__Hmaintext                      maintext     0000
__HnvBANK1                       nvBANK1      0000
__Hpa_nodes0                     pa_nodes0    0000
__Hpowerup                       powerup      0000
__Hram                           ram          0000
__Hreset_vec                     reset_vec    0382
__Hsfr0                          sfr0         0000
__Hsfr1                          sfr1         0000
__Hsfr10                         sfr10        0000
__Hsfr11                         sfr11        0000
__Hsfr12                         sfr12        0000
__Hsfr13                         sfr13        0000
__Hsfr14                         sfr14        0000
__Hsfr15                         sfr15        0000
__Hsfr16                         sfr16        0000
__Hsfr17                         sfr17        0000
__Hsfr18                         sfr18        0000
__Hsfr19                         sfr19        0000
__Hsfr2                          sfr2         0000
__Hsfr20                         sfr20        0000
__Hsfr21                         sfr21        0000
__Hsfr22                         sfr22        0000
__Hsfr23                         sfr23        0000
__Hsfr24                         sfr24        0000
__Hsfr25                         sfr25        0000
__Hsfr26                         sfr26        0000
__Hsfr27                         sfr27        0000
__Hsfr28                         sfr28        0000
__Hsfr29                         sfr29        0000
__Hsfr3                          sfr3         0000
__Hsfr30                         sfr30        0000
__Hsfr31                         sfr31        0000
__Hsfr4                          sfr4         0000
__Hsfr5                          sfr5         0000
__Hsfr6                          sfr6         0000
__Hsfr7                          sfr7         0000
__Hsfr8                          sfr8         0000
__Hsfr9                          sfr9         0000
__Hspace_0                       (abs)        18D9
__Hspace_1                       (abs)        02DA
__Hspace_2                       (abs)        0000
__Hspace_3                       (abs)        0000
__Hstack                         stack        0000
__Hstrings                       strings      0000
__Hstringtext1                   stringtext1  0000
__Hstringtext10                  stringtext10 0000
__Hstringtext11                  stringtext11 0000
__Hstringtext12                  stringtext12 0000
__Hstringtext13                  stringtext13 0000
__Hstringtext14                  stringtext14 0000
__Hstringtext15                  stringtext15 0000
__Hstringtext16                  stringtext16 0000
__Hstringtext17                  stringtext17 0000
__Hstringtext18                  stringtext18 0000
__Hstringtext19                  stringtext19 0000
__Hstringtext2                   stringtext2  0000
__Hstringtext20                  stringtext20 0000
__Hstringtext21                  stringtext21 0000
__Hstringtext22                  stringtext22 0000
__Hstringtext23                  stringtext23 0000
__Hstringtext24                  stringtext24 0000
__Hstringtext25                  stringtext25 0000
__Hstringtext26                  stringtext26 0000
__Hstringtext27                  stringtext27 0000
__Hstringtext28                  stringtext28 0000
__Hstringtext29                  stringtext29 0000
__Hstringtext3                   stringtext3  0000
__Hstringtext4                   stringtext4  0000
__Hstringtext5                   stringtext5  0000
__Hstringtext6                   stringtext6  0000
__Hstringtext7                   stringtext7  0000
__Hstringtext8                   stringtext8  0000
__Hstringtext9                   stringtext9  0000
__Htext                          text         0000
__Labs1                          abs1         0000
__Lbank0                         bank0        0000
__Lbank1                         bank1        0000
__Lbank10                        bank10       0000
__Lbank11                        bank11       0000
__Lbank12                        bank12       0000
__Lbank13                        bank13       0000
__Lbank14                        bank14       0000
__Lbank15                        bank15       0000
__Lbank16                        bank16       0000
__Lbank17                        bank17       0000
__Lbank18                        bank18       0000
__Lbank19                        bank19       0000
__Lbank2                         bank2        0000
__Lbank20                        bank20       0000
__Lbank21                        bank21       0000
__Lbank22                        bank22       0000
__Lbank23                        bank23       0000
__Lbank24                        bank24       0000
__Lbank25                        bank25       0000
__Lbank26                        bank26       0000
__Lbank27                        bank27       0000
__Lbank28                        bank28       0000
__Lbank29                        bank29       0000
__Lbank3                         bank3        0000
__Lbank30                        bank30       0000
__Lbank31                        bank31       0000
__Lbank4                         bank4        0000
__Lbank5                         bank5        0000
__Lbank6                         bank6        0000
__Lbank7                         bank7        0000
__Lbank8                         bank8        0000
__Lbank9                         bank9        0000
__Lbigram                        bigram       0000
__LbssBANK0                      bssBANK0     0000
__LbssBANK1                      bssBANK1     0000
__LbssBANK2                      bssBANK2     0000
__LbssBANK3                      bssBANK3     0000
__LbssBANK4                      bssBANK4     0000
__LbssBANK5                      bssBANK5     0000
__Lcinit                         cinit        038A
__Lclrtext                       clrtext      0000
__Lcode                          code         0000
__Lcommon                        common       0000
__Lconfig                        config       0000
__LcstackBANK0                   cstackBANK0  0000
__LcstackCOMMON                  cstackCOMMON 0000
__Leeprom_data                   eeprom_data  0000
__Lend_init                      end_init     0388
__Lfunctab                       functab      0000
__Lidloc                         idloc        0000
__Linit                          init         0388
__Lintentry                      intentry     0384
__Lmaintext                      maintext     0000
__LnvBANK1                       nvBANK1      0000
__Lpa_nodes0                     pa_nodes0    0000
__Lpowerup                       powerup      0000
__Lram                           ram          0000
__Lreset_vec                     reset_vec    0380
__Lsfr0                          sfr0         0000
__Lsfr1                          sfr1         0000
__Lsfr10                         sfr10        0000
__Lsfr11                         sfr11        0000
__Lsfr12                         sfr12        0000
__Lsfr13                         sfr13        0000
__Lsfr14                         sfr14        0000
__Lsfr15                         sfr15        0000
__Lsfr16                         sfr16        0000
__Lsfr17                         sfr17        0000
__Lsfr18                         sfr18        0000
__Lsfr19                         sfr19        0000
__Lsfr2                          sfr2         0000
__Lsfr20                         sfr20        0000
__Lsfr21                         sfr21        0000
__Lsfr22                         sfr22        0000
__Lsfr23                         sfr23        0000
__Lsfr24                         sfr24        0000
__Lsfr25                         sfr25        0000
__Lsfr26                         sfr26        0000
__Lsfr27                         sfr27        0000
__Lsfr28                         sfr28        0000
__Lsfr29                         sfr29        0000
__Lsfr3                          sfr3         0000
__Lsfr30                         sfr30        0000
__Lsfr31                         sfr31        0000
__Lsfr4                          sfr4         0000
__Lsfr5                          sfr5         0000
__Lsfr6                          sfr6         0000
__Lsfr7                          sfr7         0000
__Lsfr8                          sfr8         0000
__Lsfr9                          sfr9         0000
__Lspace_0                       (abs)        0000
__Lspace_1                       (abs)        0000
__Lspace_2                       (abs)        0000
__Lspace_3                       (abs)        0000
__Lstack                         stack        0000
__Lstrings                       strings      0000
__Lstringtext1                   stringtext1  0000
__Lstringtext10                  stringtext10 0000
__Lstringtext11                  stringtext11 0000
__Lstringtext12                  stringtext12 0000
__Lstringtext13                  stringtext13 0000
__Lstringtext14                  stringtext14 0000
__Lstringtext15                  stringtext15 0000
__Lstringtext16                  stringtext16 0000
__Lstringtext17                  stringtext17 0000
__Lstringtext18                  stringtext18 0000
__Lstringtext19                  stringtext19 0000
__Lstringtext2                   stringtext2  0000
__Lstringtext20                  stringtext20 0000
__Lstringtext21                  stringtext21 0000
__Lstringtext22                  stringtext22 0000
__Lstringtext23                  stringtext23 0000
__Lstringtext24                  stringtext24 0000
__Lstringtext25                  stringtext25 0000
__Lstringtext26                  stringtext26 0000
__Lstringtext27                  stringtext27 0000
__Lstringtext28                  stringtext28 0000
__Lstringtext29                  stringtext29 0000
__Lstringtext3                   stringtext3  0000
__Lstringtext4                   stringtext4  0000
__Lstringtext5                   stringtext5  0000
__Lstringtext6                   stringtext6  0000
__Lstringtext7                   stringtext7  0000
__Lstringtext8                   stringtext8  0000
__Lstringtext9                   stringtext9  0000
__Ltext                          text         0000
__S0                             (abs)        18D9
__S1                             (abs)        02DA
__S2                             (abs)        0000
__S3                             (abs)        0000
___awdiv                         text44       0728
___awdiv@counter                 cstackCOMMON 0074
___awdiv@dividend                cstackCOMMON 0072
___awdiv@divisor                 cstackCOMMON 0070
___awdiv@quotient                cstackCOMMON 0076
___awdiv@sign                    cstackCOMMON 0075
___awmod                         text44       0768
___awmod@counter                 cstackCOMMON 0074
___awmod@dividend                cstackCOMMON 0072
___awmod@divisor                 cstackCOMMON 0070
___awmod@sign                    cstackCOMMON 0075
___bmul                          text85       0B27
___bmul@multiplicand             cstackCOMMON 0070
___bmul@multiplier               cstackCOMMON 0072
___bmul@product                  cstackCOMMON 0071
___int_sp                        stack        0000
___latbits                       (abs)        0002
___lbdiv                         text44       07C0
___lbdiv@counter                 cstackCOMMON 0077
___lbdiv@dividend                cstackCOMMON 0076
___lbdiv@divisor                 cstackCOMMON 0075
___lbdiv@quotient                cstackCOMMON 0078
___lbmod                         text46       14C9
___lbmod@counter                 cstackCOMMON 0073
___lbmod@dividend                cstackCOMMON 0072
___lbmod@divisor                 cstackCOMMON 0070
___lbmod@rem                     cstackCOMMON 0074
___lmul                          text56       0884
___lmul@multiplicand             cstackCOMMON 0074
___lmul@multiplier               cstackCOMMON 0070
___lmul@product                  cstackCOMMON 0078
___sp                            stack        0000
___wmul                          text44       0713
___wmul@multiplicand             cstackCOMMON 0072
___wmul@multiplier               cstackCOMMON 0070
___wmul@product                  cstackCOMMON 0074
__end_ofPL10                     text21       16E0
__end_ofPL12                     text44       07EA
__end_ofPL14                     text44       07F2
__end_ofPL16                     text44       07FA
__end_ofPL18                     maintext     0FD9
__end_ofPL2                      text44       07E2
__end_ofPL20                     text85       0B83
__end_ofPL22                     maintext     0FDF
__end_ofPL24                     maintext     0FE5
__end_ofPL26                     text95       1618
__end_ofPL28                     maintext     0FEA
__end_ofPL30                     maintext     0FEF
__end_ofPL32                     maintext     0FF3
__end_ofPL4                      text93       15CD
__end_ofPL6                      text85       0B79
__end_ofPL8                      text21       16DA
__end_of_ASCII                   stringtext1  11D6
__end_of_AirS_Init               maintext     0C22
__end_of_AirS_Task               maintext     0C23
__end_of_AirS_Task_Slow          maintext     0C5C
__end_of_App_OnAirHumSig         maintext     0FD3
__end_of_App_OnAirTempSig        text97       149F
__end_of_App_OnWinSensor         text93       15C6
__end_of_Calc_Key                text86       17ED
__end_of_Clock_Init              maintext     0C87
__end_of_Comm_Init               maintext     0D57
__end_of_Comm_InitMRF            maintext     0E76
__end_of_Comm_IsAlreadyReceived  text95       1612
__end_of_Comm_OnIdle             maintext     0D82
__end_of_Comm_PrepareTransmit    text64       1584
__end_of_Comm_RxProcess          maintext     0FBD
__end_of_Comm_Task               text64       157D
__end_of_Comm_TaskSlow           maintext     0FFC
__end_of_DetermineMode           text85       09B2
__end_of_DetermineProg           text85       0AF1
__end_of_DrawClrLastLines        text44       0419
__end_of_DrawLargeHum            text44       05B6
__end_of_DrawLargeTemp           text44       064B
__end_of_DrawLargeTime           text44       05F5
__end_of_DrawRegPower            text44       055C
__end_of_DrawSetTempText         text44       04EE
__end_of_DrawTimeDate            text44       04A2
__end_of_GetRIRLevel             text11       173E
__end_of_I2C_Init                maintext     1000
__end_of_IO_CalcTemp             text56       087A
__end_of_IO_DisablePIR           maintext     0ED8
__end_of_IO_GetPIRLevel          text11       1766
__end_of_IO_GetPIRPin            text85       0AC2
__end_of_IO_GetSW1Press          text85       09DD
__end_of_IO_GetSW2Press          text85       09E4
__end_of_IO_GetTempMeas          maintext     0C62
__end_of_IO_Init                 text61       1544
__end_of_IO_StartTimer1          maintext     0EBC
__end_of_IO_StartTimer2          text56       0884
__end_of_IO_TaskFast             text60       1678
__end_of_IO_TaskSlow             text56       0867
__end_of_ISR                     intentry     0388
__end_of_InitConfigRegs          stringtext3  1820
__end_of_LARGE                   stringtext2  133E
__end_of_LCDWriteCMD             text44       07C0
__end_of_LCD_BCDNumber           text44       04CC
__end_of_LCD_BitmapV             text44       0564
__end_of_LCD_Char                text44       0713
__end_of_LCD_ClearLCD            text52       151C
__end_of_LCD_ClearLine           text44       04DA
__end_of_LCD_Init                text44       07B6
__end_of_LCD_Large2Dots          text44       06DA
__end_of_LCD_LargeDigit          text44       069D
__end_of_LCD_LargeDot            text44       039A
__end_of_LCD_LargeMinus          text44       06AF
__end_of_LCD_LargePlus           text44       058C
__end_of_LCD_String              text44       04B4
__end_of_LCD_XY                  text44       0657
__end_of_MNU_Init                text52       1505
__end_of_MNU_Task                text44       040F
__end_of_MNU_TaskButton          text85       09D6
__end_of_MRF89XACheckRSSI        maintext     0EB2
__end_of_MRF89XAInit             maintext     0E14
__end_of_MRF89XARegisterRead     maintext     0E23
__end_of_MRF89XARegisterSet      maintext     0E84
__end_of_MRF89XASendFrame        maintext     0E53
__end_of_MRF89XASetRFMode        maintext     0E98
__end_of_MRF89XAStartReception   maintext     0D93
__end_of_MRF89XATask             maintext     0DCF
__end_of_NEG_RESP                maintext     0FCA
__end_of_NVM_BlockAddr           stringtext6  1881
__end_of_NVM_BlockRAM            stringtext5  1860
__end_of_NVM_BlockROM            stringtext4  184E
__end_of_NVM_BlockSize           stringtext7  188A
__end_of_NVM_GetBlockLenght      text85       0ACA
__end_of_NVM_Init                text21       1688
__end_of_NVM_IsIdle              maintext     0C99
__end_of_NVM_ReadBlockData       text85       0B0A
__end_of_NVM_Task                maintext     0D0C
__end_of_NVM_WriteBlock          text85       0B71
__end_of_NVM_WriteBlockData      text85       0B5C
__end_of_POS_RESP                text85       0ABD
__end_of_PRG_Init                text85       0B7D
__end_of_PRG_SetNewTemp          text85       0A09
__end_of_PRG_TaskSlow            text85       0998
__end_of_PRS_Init                text15       0808
__end_of_PRS_OnPIRFrame          text93       15A4
__end_of_PRS_RoomPresence        text44       056E
__end_of_PRS_Task                text11       1735
__end_of_PRS_Task1s              text10       148D
__end_of_Ports_Init              text9        14C9
__end_of_PrepBlockData           maintext     0F00
__end_of_REG_FZLogic             text6        0958
__end_of_REG_GetLevel            text44       0569
__end_of_REG_Init                text8        1461
__end_of_REG_PARAMS_ROM          stringtext14 18A5
__end_of_REG_TaskSlow            text6        092C
__end_of_ROL                     text86       1800
__end_of_ROM_CRTRL               stringtext8  183C
__end_of_ROM_NWID                stringtext12 189D
__end_of_ROM_PARAM               stringtext11 1898
__end_of_ROM_PIRDATA             stringtext10 1893
__end_of_ROM_TEMPPROG            stringtext9  186E
__end_of_ROM_TEMP_REGDATA        stringtext13 18A1
__end_of_RTC_BCD2DEC             text85       0B27
__end_of_RTC_Init                text5        1454
__end_of_RTC_OnRTCFrame          text92       14B2
__end_of_RTC_TaskSlow            text4        14F8
__end_of_RTC_TimeToNumber        text85       0B1B
__end_of_ReadBlock               text21       16D4
__end_of_ReadFIFO                maintext     0DD7
__end_of_Read_Eep                maintext     0D17
__end_of_ReloadTime              text11       1760
__end_of_RequestReset            text4        14FD
__end_of_SPI_HF_Get              maintext     0EA4
__end_of_SPI_HF_Init             text3        146F
__end_of_SPI_HF_Put              text44       06E6
__end_of_TransmitFrame           maintext     0ED4
__end_of_UDS_CompareKey          text86       17C8
__end_of_UDS_GetSeed             text85       098C
__end_of_UDS_RDBID               text85       0AB1
__end_of_UDS_WDBID               text85       0A40
__end_of_WIN_Init                text2        07FF
__end_of_WIN_IsOpen              text44       057A
__end_of_WIN_TaskSlow            text1        147D
__end_of_WriteFIFO               maintext     0EAD
__end_of_WriteNVMBlockSync       text85       0B6A
__end_of_Write_Eep               maintext     0D2F
__end_of___awdiv                 text44       0768
__end_of___awmod                 text44       07A1
__end_of___bmul                  text85       0B33
__end_of___lbdiv                 text44       07D8
__end_of___lbmod                 text46       14E1
__end_of___lmul                  text56       08A9
__end_of___wmul                  text44       0728
__end_of__initialization         cinit        038A
__end_of_main                    maintext     0C0C
__initialization                 cinit        038A
__pbssBANK0                      bssBANK0     0020
__pbssBANK1                      bssBANK1     00A0
__pbssBANK2                      bssBANK2     0120
__pbssBANK3                      bssBANK3     01A0
__pbssBANK4                      bssBANK4     0220
__pbssBANK5                      bssBANK5     02A0
__pcstackBANK0                   cstackBANK0  005C
__pcstackCOMMON                  cstackCOMMON 0070
__pintentry                      intentry     0384
__pmaintext                      maintext     0B83
__pnvBANK1                       nvBANK1      00E7
__pstringtext1                   stringtext1  1000
__pstringtext10                  stringtext10 188A
__pstringtext11                  stringtext11 1893
__pstringtext12                  stringtext12 1898
__pstringtext13                  stringtext13 189D
__pstringtext14                  stringtext14 18A1
__pstringtext15                  stringtext15 186E
__pstringtext16                  stringtext16 18A5
__pstringtext17                  stringtext17 18A9
__pstringtext18                  stringtext18 18AD
__pstringtext19                  stringtext19 18B1
__pstringtext2                   stringtext2  11D6
__pstringtext20                  stringtext20 18B5
__pstringtext21                  stringtext21 18B9
__pstringtext22                  stringtext22 18BD
__pstringtext23                  stringtext23 18C1
__pstringtext24                  stringtext24 18C5
__pstringtext25                  stringtext25 18C9
__pstringtext26                  stringtext26 18CD
__pstringtext27                  stringtext27 18D1
__pstringtext28                  stringtext28 18D5
__pstringtext29                  stringtext29 0000
__pstringtext3                   stringtext3  1800
__pstringtext4                   stringtext4  183C
__pstringtext5                   stringtext5  184E
__pstringtext6                   stringtext6  1878
__pstringtext7                   stringtext7  1881
__pstringtext8                   stringtext8  1820
__pstringtext9                   stringtext9  1860
__pswtext1                       swtext1      133E
__pswtext2                       swtext2      1348
__ptext1                         text1        146F
__ptext10                        text10       147D
__ptext100                       maintext     0EBC
__ptext101                       maintext     0E23
__ptext102                       maintext     0EA4
__ptext103                       maintext     0EB2
__ptext104                       maintext     0ED4
__ptext105                       maintext     0E53
__ptext106                       maintext     0DD7
__ptext107                       maintext     0D82
__ptext108                       maintext     0E84
__ptext109                       maintext     0E76
__ptext11                        text11       16E0
__ptext110                       maintext     0E14
__ptext111                       text44       06DA
__ptext112                       maintext     0E98
__ptext113                       maintext     0C62
__ptext114                       maintext     0C23
__ptext115                       text85       0B1B
__ptext116                       text85       0B27
__ptext117                       maintext     0C5C
__ptext118                       maintext     0C22
__ptext119                       maintext     0C0C
__ptext12                        text11       173E
__ptext13                        text11       1735
__ptext14                        text11       1760
__ptext15                        text15       0800
__ptext16                        text85       098C
__ptext17                        text85       0998
__ptext18                        text85       0ACA
__ptext19                        text85       0B0A
__ptext2                         text2        07FA
__ptext20                        text85       0B79
__ptext21                        text21       1678
__ptext22                        text85       09B2
__ptext23                        text85       09E4
__ptext24                        text85       09DD
__ptext25                        text85       09D6
__ptext26                        text44       039A
__ptext27                        text44       0419
__ptext28                        text44       04B4
__ptext29                        text44       04DA
__ptext3                         text3        1461
__ptext30                        text44       04A2
__ptext31                        text44       04EE
__ptext32                        text44       056E
__ptext33                        text44       0569
__ptext34                        text44       055C
__ptext35                        text44       05B6
__ptext36                        text44       06AF
__ptext37                        text44       040F
__ptext38                        text44       04CC
__ptext39                        text44       05F5
__ptext4                         text4        14E1
__ptext40                        text44       0768
__ptext41                        text44       0728
__ptext42                        text44       057A
__ptext43                        text44       069D
__ptext44                        text44       038E
__ptext45                        text44       058C
__ptext46                        text46       14C9
__ptext47                        text44       07C0
__ptext48                        text44       0657
__ptext49                        text44       064B
__ptext5                         text5        1449
__ptext50                        text44       06E6
__ptext51                        text44       0713
__ptext52                        text52       14FD
__ptext53                        text52       1505
__ptext54                        text44       07A1
__ptext55                        text44       07B6
__ptext56                        text56       0808
__ptext57                        text56       0884
__ptext58                        text56       087A
__ptext59                        text56       0867
__ptext6                         text6        08A9
__ptext60                        text60       1618
__ptext61                        text61       151C
__ptext62                        maintext     0FFC
__ptext63                        maintext     0FF3
__ptext64                        text64       1544
__ptext65                        maintext     0D57
__ptext66                        maintext     0D93
__ptext67                        maintext     0DCF
__ptext68                        maintext     0EAD
__ptext69                        maintext     0F00
__ptext7                         text6        092C
__ptext70                        text85       0A09
__ptext71                        text85       0B5C
__ptext72                        text85       0B6A
__ptext73                        maintext     0C99
__ptext74                        maintext     0D17
__ptext75                        text21       1688
__ptext76                        maintext     0D0C
__ptext77                        maintext     0ED8
__ptext78                        text85       0B33
__ptext79                        text85       0A40
__ptext8                         text8        1454
__ptext80                        text44       0564
__ptext81                        text85       0AF1
__ptext82                        maintext     0C87
__ptext83                        text85       0AC2
__ptext84                        text85       0ABD
__ptext85                        text85       0958
__ptext86                        text86       1766
__ptext87                        text85       0AB1
__ptext88                        maintext     0FBD
__ptext89                        text86       17C8
__ptext9                         text9        14B2
__ptext90                        text86       17ED
__ptext91                        text4        14F8
__ptext92                        text92       149F
__ptext93                        text93       1584
__ptext94                        text64       157D
__ptext95                        text95       15CD
__ptext96                        text93       15A4
__ptext97                        text97       148D
__ptext98                        maintext     0FCA
__ptext99                        maintext     0D2F
__size_of_AirS_Init              (abs)        0000
__size_of_AirS_Task              (abs)        0000
__size_of_AirS_Task_Slow         (abs)        0000
__size_of_App_OnAirHumSig        (abs)        0000
__size_of_App_OnAirTempSig       (abs)        0000
__size_of_App_OnWinSensor        (abs)        0000
__size_of_Calc_Key               (abs)        0000
__size_of_Clock_Init             (abs)        0000
__size_of_Comm_Init              (abs)        0000
__size_of_Comm_InitMRF           (abs)        0000
__size_of_Comm_IsAlreadyReceived (abs)        0000
__size_of_Comm_OnIdle            (abs)        0000
__size_of_Comm_PrepareTransmit   (abs)        0000
__size_of_Comm_RxProcess         (abs)        0000
__size_of_Comm_Task              (abs)        0000
__size_of_Comm_TaskSlow          (abs)        0000
__size_of_DetermineMode          (abs)        0000
__size_of_DetermineProg          (abs)        0000
__size_of_DrawClrLastLines       (abs)        0000
__size_of_DrawLargeHum           (abs)        0000
__size_of_DrawLargeTemp          (abs)        0000
__size_of_DrawLargeTime          (abs)        0000
__size_of_DrawRegPower           (abs)        0000
__size_of_DrawSetTempText        (abs)        0000
__size_of_DrawTimeDate           (abs)        0000
__size_of_GetRIRLevel            (abs)        0000
__size_of_I2C_Init               (abs)        0000
__size_of_IO_CalcTemp            (abs)        0000
__size_of_IO_DisablePIR          (abs)        0000
__size_of_IO_GetPIRLevel         (abs)        0000
__size_of_IO_GetPIRPin           (abs)        0000
__size_of_IO_GetSW1Press         (abs)        0000
__size_of_IO_GetSW2Press         (abs)        0000
__size_of_IO_GetTempMeas         (abs)        0000
__size_of_IO_Init                (abs)        0000
__size_of_IO_StartTimer1         (abs)        0000
__size_of_IO_StartTimer2         (abs)        0000
__size_of_IO_TaskFast            (abs)        0000
__size_of_IO_TaskSlow            (abs)        0000
__size_of_ISR                    (abs)        0000
__size_of_LCDWriteCMD            (abs)        0000
__size_of_LCD_BCDNumber          (abs)        0000
__size_of_LCD_BitmapV            (abs)        0000
__size_of_LCD_Char               (abs)        0000
__size_of_LCD_ClearLCD           (abs)        0000
__size_of_LCD_ClearLine          (abs)        0000
__size_of_LCD_Init               (abs)        0000
__size_of_LCD_Large2Dots         (abs)        0000
__size_of_LCD_LargeDigit         (abs)        0000
__size_of_LCD_LargeDot           (abs)        0000
__size_of_LCD_LargeMinus         (abs)        0000
__size_of_LCD_LargePlus          (abs)        0000
__size_of_LCD_String             (abs)        0000
__size_of_LCD_XY                 (abs)        0000
__size_of_MNU_Init               (abs)        0000
__size_of_MNU_Task               (abs)        0000
__size_of_MNU_TaskButton         (abs)        0000
__size_of_MRF89XACheckRSSI       (abs)        0000
__size_of_MRF89XAInit            (abs)        0000
__size_of_MRF89XARegisterRead    (abs)        0000
__size_of_MRF89XARegisterSet     (abs)        0000
__size_of_MRF89XASendFrame       (abs)        0000
__size_of_MRF89XASetRFMode       (abs)        0000
__size_of_MRF89XAStartReception  (abs)        0000
__size_of_MRF89XATask            (abs)        0000
__size_of_NEG_RESP               (abs)        0000
__size_of_NVM_GetBlockLenght     (abs)        0000
__size_of_NVM_Init               (abs)        0000
__size_of_NVM_IsIdle             (abs)        0000
__size_of_NVM_ReadBlockData      (abs)        0000
__size_of_NVM_Task               (abs)        0000
__size_of_NVM_WriteBlock         (abs)        0000
__size_of_NVM_WriteBlockData     (abs)        0000
__size_of_POS_RESP               (abs)        0000
__size_of_PRG_Init               (abs)        0000
__size_of_PRG_SetNewTemp         (abs)        0000
__size_of_PRG_TaskSlow           (abs)        0000
__size_of_PRS_Init               (abs)        0000
__size_of_PRS_OnPIRFrame         (abs)        0000
__size_of_PRS_RoomPresence       (abs)        0000
__size_of_PRS_Task               (abs)        0000
__size_of_PRS_Task1s             (abs)        0000
__size_of_Ports_Init             (abs)        0000
__size_of_PrepBlockData          (abs)        0000
__size_of_REG_FZLogic            (abs)        0000
__size_of_REG_GetLevel           (abs)        0000
__size_of_REG_Init               (abs)        0000
__size_of_REG_TaskSlow           (abs)        0000
__size_of_ROL                    (abs)        0000
__size_of_RTC_BCD2DEC            (abs)        0000
__size_of_RTC_Init               (abs)        0000
__size_of_RTC_OnRTCFrame         (abs)        0000
__size_of_RTC_TaskSlow           (abs)        0000
__size_of_RTC_TimeToNumber       (abs)        0000
__size_of_ReadBlock              (abs)        0000
__size_of_ReadFIFO               (abs)        0000
__size_of_Read_Eep               (abs)        0000
__size_of_ReloadTime             (abs)        0000
__size_of_RequestReset           (abs)        0000
__size_of_SPI_HF_Get             (abs)        0000
__size_of_SPI_HF_Init            (abs)        0000
__size_of_SPI_HF_Put             (abs)        0000
__size_of_TransmitFrame          (abs)        0000
__size_of_UDS_CompareKey         (abs)        0000
__size_of_UDS_GetSeed            (abs)        0000
__size_of_UDS_RDBID              (abs)        0000
__size_of_UDS_WDBID              (abs)        0000
__size_of_WIN_Init               (abs)        0000
__size_of_WIN_IsOpen             (abs)        0000
__size_of_WIN_TaskSlow           (abs)        0000
__size_of_WriteFIFO              (abs)        0000
__size_of_WriteNVMBlockSync      (abs)        0000
__size_of_Write_Eep              (abs)        0000
__size_of___awdiv                (abs)        0000
__size_of___awmod                (abs)        0000
__size_of___bmul                 (abs)        0000
__size_of___lbdiv                (abs)        0000
__size_of___lbmod                (abs)        0000
__size_of___lmul                 (abs)        0000
__size_of___wmul                 (abs)        0000
__size_of_main                   (abs)        0000
_addr                            bssBANK0     003D
_bWriteNvm                       bssBANK0     004A
_c_mode                          bssBANK0     004B
_cntr                            bssBANK0     0034
_currhum                         bssBANK0     0049
_currtemp                        bssBANK0     002C
_dotctr                          bssBANK0     0043
_ePrs                            bssBANK0     0038
_evalCntr                        bssBANK0     004E
_ftimer                          bssBANK0     0036
_main                            maintext     0B83
_newPWM                          bssBANK0     0050
_nvblock                         bssBANK0     004D
_nvpos                           bssBANK0     004C
_oldSetTemp                      bssBANK1     00C9
[...]
 This function uses a non-reentrant model


 *************** function _Clock_Init *****************
 Defined at:
		line 57 in file "../main.c"
 Parameters:    Size  Location     Type
		None
 Auto vars:     Size  Location     Type
		None
 Return value:  Size  Location     Type
                  1    wreg      void 
 Registers used:
		wreg, status,2, status,0
 Tracked objects:
		On entry : 
		On exit  : 
		Unchanged: 
 Data sizes:     COMMON   BANK0   BANK1   BANK2   BANK3   BANK4   BANK5   BANK6   BANK7   BANK8   BANK9  BANK10  BANK11  BANK12
      Params:         0       0       0       0       0       0       0       0       0       0       0       0       0       0
      Locals:         0       0       0       0       0       0       0       0       0       0       0       0       0       0
      Temps:          0       0       0       0       0       0       0       0       0       0       0       0       0       0
      Totals:         0       0       0       0       0       0       0       0       0       0       0       0       0       0
Total ram usage:        0 bytes
 Hardware stack levels used:    1
 Hardware stack levels required when called:    1
 This function calls:
		Nothing
 This function is called by:
		_main
 This function uses a non-reentrant model


 *************** function _AirS_Task_Slow *****************
 Defined at:
		line 37 in file "../drv_air_sens.c"
 Parameters:    Size  Location     Type
		None
 Auto vars:     Size  Location     Type
		None
 Return value:  Size  Location     Type
                  1    wreg      void 
 Registers used:
		wreg, fsr1l, fsr1h, status,2, status,0, pclath, cstack
 Tracked objects:
		On entry : 
		On exit  : 
		Unchanged: 
 Data sizes:     COMMON   BANK0   BANK1   BANK2   BANK3   BANK4   BANK5   BANK6   BANK7   BANK8   BANK9  BANK10  BANK11  BANK12
      Params:         0       0       0       0       0       0       0       0       0       0       0       0       0       0
      Locals:         0       0       0       0       0       0       0       0       0       0       0       0       0       0
      Temps:          2       0       0       0       0       0       0       0       0       0       0       0       0       0
      Totals:         2       0       0       0       0       0       0       0       0       0       0       0       0       0
Total ram usage:        2 bytes
 Hardware stack levels used:    1
 Hardware stack levels required when called:    3
 This function calls:
		_IO_GetTempMeas
		_RTC_BCD2DEC
 This function is called by:
		_main
 This function uses a non-reentrant model


 *************** function _RTC_BCD2DEC *****************
 Defined at:
		line 70 in file "../../LIBC/RTC/app_RTC.c"
 Parameters:    Size  Location     Type
  x               1    wreg     unsigned char 
 Auto vars:     Size  Location     Type
  x               1    4[COMMON] unsigned char 
  y               1    3[COMMON] unsigned char 
 Return value:  Size  Location     Type
                  1    wreg      unsigned char 
 Registers used:
		wreg, status,2, status,0, pclath, cstack
 Tracked objects:
		On entry : 
		On exit  : 
		Unchanged: 
 Data sizes:     COMMON   BANK0   BANK1   BANK2   BANK3   BANK4   BANK5   BANK6   BANK7   BANK8   BANK9  BANK10  BANK11  BANK12
      Params:         0       0       0       0       0       0       0       0       0       0       0       0       0       0
      Locals:         2       0       0       0       0       0       0       0       0       0       0       0       0       0
      Temps:          0       0       0       0       0       0       0       0       0       0       0       0       0       0
      Totals:         2       0       0       0       0       0       0       0       0       0       0       0       0       0
Total ram usage:        2 bytes
 Hardware stack levels used:    1
 Hardware stack levels required when called:    2
 This function calls:
		___bmul
 This function is called by:
		_RTC_TimeToNumber
		_AirS_Task_Slow
 This function uses a non-reentrant model


 *************** function ___bmul *****************
 Defined at:
		line 4 in file "C:\Program Files (x86)\Microchip\xc8\v1.45\sources\common\Umul8.c"
 Parameters:    Size  Location     Type
  multiplier      1    wreg     unsigned char 
  multiplicand    1    0[COMMON] unsigned char 
 Auto vars:     Size  Location     Type
  multiplier      1    2[COMMON] unsigned char 
  product         1    1[COMMON] unsigned char 
 Return value:  Size  Location     Type
                  1    wreg      unsigned char 
 Registers used:
		wreg, status,2, status,0
 Tracked objects:
		On entry : 
		On exit  : 
		Unchanged: 
 Data sizes:     COMMON   BANK0   BANK1   BANK2   BANK3   BANK4   BANK5   BANK6   BANK7   BANK8   BANK9  BANK10  BANK11  BANK12
      Params:         1       0       0       0       0       0       0       0       0       0       0       0       0       0
      Locals:         2       0       0       0       0       0       0       0       0       0       0       0       0       0
      Temps:          0       0       0       0       0       0       0       0       0       0       0       0       0       0
      Totals:         3       0       0       0       0       0       0       0       0       0       0       0       0       0
Total ram usage:        3 bytes
 Hardware stack levels used:    1
 Hardware stack levels required when called:    1
 This function calls:
		Nothing
 This function is called by:
		_RTC_BCD2DEC
 This function uses a non-reentrant model


 *************** function _IO_GetTempMeas *****************
 Defined at:
		line 49 in file "../drv_io.c"
 Parameters:    Size  Location     Type
		None
 Auto vars:     Size  Location     Type
		None
 Return value:  Size  Location     Type
                  2    0[COMMON] short 
 Registers used:
		wreg
 Tracked objects:
		On entry : 
		On exit  : 
		Unchanged: 
 Data sizes:     COMMON   BANK0   BANK1   BANK2   BANK3   BANK4   BANK5   BANK6   BANK7   BANK8   BANK9  BANK10  BANK11  BANK12
      Params:         2       0       0       0       0       0       0       0       0       0       0       0       0       0
      Locals:         0       0       0       0       0       0       0       0       0       0       0       0       0       0
      Temps:          0       0       0       0       0       0       0       0       0       0       0       0       0       0
      Totals:         2       0       0       0       0       0       0       0       0       0       0       0       0       0
Total ram usage:        2 bytes
 Hardware stack levels used:    1
 Hardware stack levels required when called:    1
 This function calls:
		Nothing
 This function is called by:
		_AirS_Task_Slow
 This function uses a non-reentrant model


 *************** function _AirS_Task *****************
 Defined at:
		line 31 in file "../drv_air_sens.c"
 Parameters:    Size  Location     Type
		None
 Auto vars:     Size  Location     Type
		None
 Return value:  Size  Location     Type
                  1    wreg      void 
 Registers used:
		None
 Tracked objects:
		On entry : 
		On exit  : 
		Unchanged: 
 Data sizes:     COMMON   BANK0   BANK1   BANK2   BANK3   BANK4   BANK5   BANK6   BANK7   BANK8   BANK9  BANK10  BANK11  BANK12
      Params:         0       0       0       0       0       0       0       0       0       0       0       0       0       0
      Locals:         0       0       0       0       0       0       0       0       0       0       0       0       0       0
      Temps:          0       0       0       0       0       0       0       0       0       0       0       0       0       0
      Totals:         0       0       0       0       0       0       0       0       0       0       0       0       0       0
Total ram usage:        0 bytes
 Hardware stack levels used:    1
 Hardware stack levels required when called:    1
 This function calls:
		Nothing
 This function is called by:
		_main
 This function uses a non-reentrant model


 *************** function _AirS_Init *****************
 Defined at:
		line 15 in file "../drv_air_sens.c"
 Parameters:    Size  Location     Type
		None
 Auto vars:     Size  Location     Type
  i               1    0[COMMON] unsigned char 
 Return value:  Size  Location     Type
                  1    wreg      void 
 Registers used:
		wreg, fsr1l, fsr1h, status,2, status,0
 Tracked objects:
		On entry : 
		On exit  : 
		Unchanged: 
 Data sizes:     COMMON   BANK0   BANK1   BANK2   BANK3   BANK4   BANK5   BANK6   BANK7   BANK8   BANK9  BANK10  BANK11  BANK12
      Params:         0       0       0       0       0       0       0       0       0       0       0       0       0       0
      Locals:         1       0       0       0       0       0       0       0       0       0       0       0       0       0
      Temps:          0       0       0       0       0       0       0       0       0       0       0       0       0       0
      Totals:         1       0       0       0       0       0       0       0       0       0       0       0       0       0
Total ram usage:        1 bytes
 Hardware stack levels used:    1
 Hardware stack levels required when called:    1
 This function calls:
		Nothing
 This function is called by:
		_main
 This function uses a non-reentrant model


 *************** function _ISR *****************
 Defined at:
		line 201 in file "../main.c"
 Parameters:    Size  Location     Type
		None
 Auto vars:     Size  Location     Type
		None
 Return value:  Size  Location     Type
                  1    wreg      void 
 Registers used:
		None
 Tracked objects:
		On entry : 
		On exit  : 
		Unchanged: 
 Data sizes:     COMMON   BANK0   BANK1   BANK2   BANK3   BANK4   BANK5   BANK6   BANK7   BANK8   BANK9  BANK10  BANK11  BANK12
      Params:         0       0       0       0       0       0       0       0       0       0       0       0       0       0
      Locals:         0       0       0       0       0       0       0       0       0       0       0       0       0       0
      Temps:          0       0       0       0       0       0       0       0       0       0       0       0       0       0
      Totals:         0       0       0       0       0       0       0       0       0       0       0       0       0       0
Total ram usage:        0 bytes
 Hardware stack levels used:    1
 This function calls:
		Nothing
 This function is called by:
		Interrupt level 1
 This function uses a non-reentrant model



MODULE INFORMATION

Module		Function		Class		Link	Load	Size
../main.c
		_ISR           		CODE           	0384	0000	5
		_main          		CODE           	0B83	0000	138
		_Clock_Init    		CODE           	0C62	0000	38
		_RequestReset  		CODE           	14F8	0000	6
		_Ports_Init    		CODE           	14B2	0000	24

../main.c estimated size: 211

../../LIBC/NVM/svc_nvm.c
		_NVM_Task      		CODE           	0C99	0000	116
		_PrepBlockData 		CODE           	0ED8	0000	41
		_NVM_IsIdle    		CODE           	0C87	0000	19
		_NVM_GetBlockLenght		CODE           	0AC2	0000	9
		_ReadBlock     		CODE           	1688	0000	77
		_NVM_Init      		CODE           	1678	0000	17
		_NVM_WriteBlock		CODE           	0B6A	0000	8
		_NVM_WriteBlockData		CODE           	0B33	0000	42
		_NVM_ReadBlockData		CODE           	0AF1	0000	26

../../LIBC/NVM/svc_nvm.c estimated size: 355

../../LIBC/MRF89_Drv/MRF89XA.c
		_MRF89XAStartReception		CODE           	0D82	0000	18
		_MRF89XACheckRSSI		CODE           	0EAD	0000	6
		_ReadFIFO      		CODE           	0DCF	0000	9
		_MRF89XATask   		CODE           	0D93	0000	61
		_MRF89XAInit   		CODE           	0DD7	0000	62
		_MRF89XASetRFMode		CODE           	0E84	0000	21
		_MRF89XASendFrame		CODE           	0E23	0000	49
		_WriteFIFO     		CODE           	0EA4	0000	10
		_MRF89XARegisterRead		CODE           	0E14	0000	16
		_MRF89XARegisterSet		CODE           	0E76	0000	15

../../LIBC/MRF89_Drv/MRF89XA.c estimated size: 267

../../LIBC/RTC/app_RTC.c
		_RTC_BCD2DEC   		CODE           	0B1B	0000	13
		_RTC_Init      		CODE           	1449	0000	12
		_RTC_TimeToNumber		CODE           	0B0A	0000	18
		_RTC_TaskSlow  		CODE           	14E1	0000	24
		_RTC_OnRTCFrame		CODE           	149F	0000	20

../../LIBC/RTC/app_RTC.c estimated size: 87

../drv_I2C.c
		_I2C_Init      		CODE           	0FFC	0000	5

../drv_I2C.c estimated size: 5

../../LIBC/COM/svc_comm.c
		_Comm_Task     		CODE           	1544	0000	58
		_POS_RESP      		CODE           	0AB1	0000	13
		_Comm_TaskSlow 		CODE           	0FF3	0000	10
		_Comm_Init     		CODE           	0D2F	0000	41
		_Comm_InitMRF  		CODE           	0E53	0000	36
		_Comm_OnIdle   		CODE           	0D57	0000	44
		_Comm_IsAlreadyReceived		CODE           	15CD	0000	70
		_NEG_RESP      		CODE           	0FBD	0000	14
		_Comm_RxProcess		CODE           	0F00	0000	190
		_TransmitFrame 		CODE           	0EBC	0000	25
		_Comm_PrepareTransmit		CODE           	157D	0000	8

../../LIBC/COM/svc_comm.c estimated size: 509

../svc_uds.c
		_UDS_RDBID     		CODE           	0A40	0000	114
		_UDS_CompareKey		CODE           	1766	0000	99
		_WriteNVMBlockSync		CODE           	0B5C	0000	15
		_Calc_Key      		CODE           	17C8	0000	38
		_ROL           		CODE           	17ED	0000	20
		_UDS_WDBID     		CODE           	0A09	0000	56
		_UDS_GetSeed   		CODE           	0958	0000	53

../svc_uds.c estimated size: 395

C:\Program Files (x86)\Microchip\xc8\v1.45\sources\common\lbdiv.c
		___lbdiv       		CODE           	07C0	0000	25

C:\Program Files (x86)\Microchip\xc8\v1.45\sources\common\lbdiv.c estimated size: 25

../app_win_sens.c
		_App_OnWinSensor		CODE           	15A4	0000	35
		_WIN_TaskSlow  		CODE           	146F	0000	15
		_WIN_IsOpen    		CODE           	056E	0000	13
		_WIN_Init      		CODE           	07FA	0000	6

../app_win_sens.c estimated size: 69

../../LIBC/PRESENCE/app_Presence.c
		_PRS_Init      		CODE           	0800	0000	9
		_GetRIRLevel   		CODE           	1735	0000	10
		_PRS_OnPIRFrame		CODE           	1584	0000	33
		_PRS_RoomPresence		CODE           	0569	0000	6
		_ReloadTime    		CODE           	173E	0000	35
		_PRS_Task      		CODE           	16E0	0000	86
		_PRS_Task1s    		CODE           	147D	0000	17

../../LIBC/PRESENCE/app_Presence.c estimated size: 196

C:\Program Files (x86)\Microchip\xc8\v1.45\sources\common\Umul16.c
		___wmul        		CODE           	0713	0000	22

C:\Program Files (x86)\Microchip\xc8\v1.45\sources\common\Umul16.c estimated size: 22

../drv_spi.c
		_SPI_HF_Get    		CODE           	0E98	0000	13
		_SPI_HF_Put    		CODE           	06DA	0000	13
		_SPI_HF_Init   		CODE           	1461	0000	15

../drv_spi.c estimated size: 41

C:\Program Files (x86)\Microchip\xc8\v1.45\sources\common\awmod.c
		___awmod       		CODE           	0768	0000	58

C:\Program Files (x86)\Microchip\xc8\v1.45\sources\common\awmod.c estimated size: 58

../app_TempReg.c
		_REG_Init      		CODE           	1454	0000	14
		_REG_GetLevel  		CODE           	0564	0000	6
		_REG_TaskSlow  		CODE           	08A9	0000	132
		_REG_FZLogic   		CODE           	092C	0000	45

../app_TempReg.c estimated size: 197

../drv_io.c
		_IO_GetTempMeas		CODE           	0C5C	0000	7
		_IO_GetPIRPin  		CODE           	0ABD	0000	6
		_IO_GetPIRLevel		CODE           	1760	0000	7
		_IO_CalcTemp   		CODE           	0867	0000	20
		_IO_GetSW1Press		CODE           	09D6	0000	8
		_IO_GetSW2Press		CODE           	09DD	0000	8
		_IO_StartTimer1		CODE           	0EB2	0000	11
		_IO_StartTimer2		CODE           	087A	0000	11
		_IO_TaskFast   		CODE           	1618	0000	97
		_IO_TaskSlow   		CODE           	0808	0000	96
		_IO_Init       		CODE           	151C	0000	41
		_IO_DisablePIR 		CODE           	0ED4	0000	5

../drv_io.c estimated size: 317

C:\Program Files (x86)\Microchip\xc8\v1.45\sources\common\Umul32.c
		___lmul        		CODE           	0884	0000	38

C:\Program Files (x86)\Microchip\xc8\v1.45\sources\common\Umul32.c estimated size: 38

../drv_lcd.c
		_LCD_String    		CODE           	04A2	0000	19
		_LCD_Init      		CODE           	07A1	0000	22
		_LCD_XY        		CODE           	064B	0000	13
		_LCDWriteCMD   		CODE           	07B6	0000	11
		_LCD_LargeDot  		CODE           	038E	0000	13
		_LCD_LargePlus 		CODE           	057A	0000	19
		_LCD_Char      		CODE           	06E6	0000	46
		_LCD_LargeDigit		CODE           	0657	0000	71
		_LCD_Large2Dots		CODE           	06AF	0000	44
		_LCD_LargeMinus		CODE           	069D	0000	19
		_LCD_ClearLCD  		CODE           	1505	0000	24
		_LCD_ClearLine 		CODE           	04CC	0000	15
		_LCD_BitmapV   		CODE           	055C	0000	9
		_LCD_BCDNumber 		CODE           	04B4	0000	25

../drv_lcd.c estimated size: 350

../drv_eep.c
		_Read_Eep      		CODE           	0D0C	0000	12
		_Write_Eep     		CODE           	0D17	0000	25

../drv_eep.c estimated size: 37

shared
		PL12           		CODE           	07E2	0000	9
		PL8            		CODE           	16D4	0000	7
		PL22           		CODE           	0FD9	0000	7
		_ROM_TEMP_REGDATA		STRCODE        	189D	0000	5
		PL32           		CODE           	0FEF	0000	5
		PL14           		CODE           	07EA	0000	9
		PL24           		CODE           	0FDF	0000	7
		_NVM_BlockRAM  		STRCODE        	184E	0000	19
		_NVM_BlockROM  		STRCODE        	183C	0000	19
		PL16           		CODE           	07F2	0000	9
		PL26           		CODE           	1612	0000	7
		_NVM_BlockAddr 		STRCODE        	1878	0000	10
		_NVM_BlockSize 		STRCODE        	1881	0000	10
		_ASCII         		STRCODE        	1000	0000	471
		PL18           		CODE           	0FD3	0000	7
		PL28           		CODE           	0FE5	0000	6
		_ROM_TEMPPROG  		STRCODE        	1860	0000	15
		_InitConfigRegs		STRCODE        	1800	0000	33
		_REG_PARAMS_ROM		STRCODE        	18A1	0000	5
		_ROM_PIRDATA   		STRCODE        	188A	0000	10
		__initialization		CODE           	038A	0000	1
		_ROM_CRTRL     		STRCODE        	1820	0000	29
		_ROM_PARAM     		STRCODE        	1893	0000	6
		_ROM_NWID      		STRCODE        	1898	0000	6
		_LARGE         		STRCODE        	11D6	0000	361
		PL2            		CODE           	07D8	0000	11
		PL10           		CODE           	16DA	0000	7
		PL4            		CODE           	15C6	0000	8
		PL20           		CODE           	0B7D	0000	7
		PL30           		CODE           	0FEA	0000	6
		PL6            		CODE           	0B71	0000	9

shared estimated size: 1121

../app_Menu.c
		_MNU_Init      		CODE           	14FD	0000	9
		_DrawSetTempText		CODE           	04DA	0000	21
		_DrawTimeDate  		CODE           	0419	0000	138
		_MNU_Task      		CODE           	039A	0000	118
		_DrawRegPower  		CODE           	04EE	0000	111
		_DrawLargeHum  		CODE           	058C	0000	43
		_MNU_TaskButton		CODE           	09B2	0000	37
		_DrawLargeTime 		CODE           	05B6	0000	64
		_DrawLargeTemp 		CODE           	05F5	0000	87
		_DrawClrLastLines		CODE           	040F	0000	11

../app_Menu.c estimated size: 639

../app_ProgTemp.c
		_PRG_SetNewTemp		CODE           	09E4	0000	38
		_DetermineMode 		CODE           	0998	0000	27
		_DetermineProg 		CODE           	0ACA	0000	40
		_PRG_Init      		CODE           	0B79	0000	5
		_PRG_TaskSlow  		CODE           	098C	0000	13

../app_ProgTemp.c estimated size: 123

../drv_air_sens.c
		_AirS_Task     		CODE           	0C22	0000	2
		_AirS_Init     		CODE           	0C0C	0000	23
		_AirS_Task_Slow		CODE           	0C23	0000	58
		_App_OnAirTempSig		CODE           	148D	0000	19
		_App_OnAirHumSig		CODE           	0FCA	0000	10

../drv_air_sens.c estimated size: 112

C:\Program Files (x86)\Microchip\xc8\v1.45\sources\common\awdiv.c
		___awdiv       		CODE           	0728	0000	65

C:\Program Files (x86)\Microchip\xc8\v1.45\sources\common\awdiv.c estimated size: 65

C:\Program Files (x86)\Microchip\xc8\v1.45\sources\common\lbmod.c
		___lbmod       		CODE           	14C9	0000	25

C:\Program Files (x86)\Microchip\xc8\v1.45\sources\common\lbmod.c estimated size: 25

C:\Program Files (x86)\Microchip\xc8\v1.45\sources\common\Umul8.c
		___bmul        		CODE           	0B27	0000	13

C:\Program Files (x86)\Microchip\xc8\v1.45\sources\common\Umul8.c estimated size: 13

