Microchip MPLAB XC8 Compiler V1.45 ()

Linker command line:

-W-3 --edf=C:\Program Files (x86)\Microchip\xc8\v1.45\dat\en_msgs.txt -cs \
  -h+dist/Release/production\MRF89XA_PVboost.X.production.sym \
  --cmf=dist/Release/production\MRF89XA_PVboost.X.production.cmf -z \
  -Q16LF18323 -oe:\Temp\s1e8.2 \
  -Mdist/Release/production/MRF89XA_PVboost.X.production.map -E1 -ver=XC8 \
  -ASTACK=02042h-020efh -pstack=STACK -ACODE=00h-07FFh -ASTRCODE=00h-07FFh \
  -ASTRING=00h-0FFhx8 -ACONST=00h-0FFhx8 -AENTRY=00h-0FFhx8 \
  -ACOMMON=070h-07Fh -ABANK0=020h-06Fh -ABANK1=0A0h-0EFh \
  -ABANK2=0120h-016Fh -ABIGRAM=02000h-020EFh \
  -ARAM=020h-06Fh,0A0h-0EFh,0120h-016Fh \
  -AABS1=020h-07Fh,0A0h-0EFh,0120h-016Fh -ASFR0=00h-01Fh -ASFR1=080h-09Fh \
  -ASFR2=0100h-011Fh -ASFR3=0180h-01EFh -ASFR4=0200h-026Fh \
  -ASFR5=0280h-02EFh -ASFR6=0300h-036Fh -ASFR7=0380h-03EFh \
  -ASFR8=0400h-046Fh -ASFR9=0480h-04EFh -ASFR10=0500h-056Fh \
  -ASFR11=0580h-05EFh -ASFR12=0600h-066Fh -ASFR13=0680h-06EFh \
  -ASFR14=0700h-076Fh -ASFR15=0780h-07EFh -ASFR16=0800h-086Fh \
  -ASFR17=0880h-08EFh -ASFR18=0900h-096Fh -ASFR19=0980h-09EFh \
  -ASFR20=0A00h-0A6Fh -ASFR21=0A80h-0AEFh -ASFR22=0B00h-0B6Fh \
  -ASFR23=0B80h-0BEFh -ASFR24=0C00h-0C6Fh -ASFR25=0C80h-0CEFh \
  -ASFR26=0D00h-0D6Fh -ASFR27=0D80h-0DEFh -ASFR28=0E00h-0E6Fh \
  -ASFR29=0E80h-0EEFh -ASFR30=0F00h-0F6Fh -ASFR31=0F80h-0FEFh \
  -preset_vec=00h,intentry=04h,init,end_init -ppowerup=CODE -pcinit=CODE \
  -pfunctab=ENTRY -ACONFIG=08007h-0800Ah -pconfig=CONFIG -DCONFIG=2 \
  -AIDLOC=08000h-08003h -pidloc=IDLOC -DIDLOC=2 -AEEDATA=00h-0FFh/0F000h \
  -peeprom_data=EEDATA -DEEDATA=2 -DCODE=2 -DSTRCODE=2 -DSTRING=2 -DCONST=2 \
  -DENTRY=2 -k e:\Temp\s1e8.obj \
  dist/Release/production\MRF89XA_PVboost.X.production.obj 

Object code version is 3.11

Machine type is 16LF18323



                Name                               Link     Load   Length Selector   Space Scale
e:\Temp\s1e8.obj
                end_init                             11       11        1        8       0
                reset_vec                             0        0        1        0       0
                config                             8007     8007        4    1000E       0
dist/Release/production\MRF89XA_PVboost.X.production.obj
                cinit                                12       12        3        8       0
                intentry                              4        4        D        8       0
                text20                              294      294       3F        8       0
                text19                              323      323       25        8       0
                text18                              1C6      1C6       86        8       0
                text17                              404      404        9        8       0
                text16                              3E1      3E1        E        8       0
                text15                              3A2      3A2       13        8       0
                text14                              412      412        5        8       0
                text13                               15       15      1B1        8       0
                text12                              3C4      3C4        F        8       0
                text11                              378      378       16        8       0
                text10                              3EF      3EF        B        8       0
                text9                               3FA      3FA        A        8       0
                text8                               38E      38E       14        8       0
                text7                               40D      40D        5        8       0
                text6                               3B5      3B5        F        8       0
                text5                               361      361       17        8       0
                text4                               3D3      3D3        E        8       0
                text3                               24C      24C       48        8       0
                text2                               2FE      2FE       25        8       0
                text1                               348      348       19        8       0
                maintext                            2D3      2D3       2B        8       0
                cstackBANK0                          5C       5C        6       20       1
                cstackCOMMON                         70       70        D       70       1
                bssBANK0                             20       20       3C       20       1

TOTAL           Name                               Link     Load   Length     Space
        CLASS   STACK          

        CLASS   CODE           
                end_init                             11       11        1         0
                cinit                                12       12        3         0
                intentry                              4        4        D         0
                reset_vec                             0        0        1         0
                text20                              294      294       3F         0
                text19                              323      323       25         0
                text18                              1C6      1C6       86         0
                text17                              404      404        9         0
                text16                              3E1      3E1        E         0
                text15                              3A2      3A2       13         0
                text14                              412      412        5         0
                text13                               15       15      1B1         0
                text12                              3C4      3C4        F         0
                text11                              378      378       16         0
                text10                              3EF      3EF        B         0
                text9                               3FA      3FA        A         0
                text8                               38E      38E       14         0
                text7                               40D      40D        5         0
                text6                               3B5      3B5        F         0
                text5                               361      361       17         0
                text4                               3D3      3D3        E         0
                text3                               24C      24C       48         0
                text2                               2FE      2FE       25         0
                text1                               348      348       19         0
                maintext                            2D3      2D3       2B         0

        CLASS   STRCODE        

        CLASS   STRING         

        CLASS   CONST          

        CLASS   ENTRY          

        CLASS   COMMON         
                cstackCOMMON                         70       70        D         1

        CLASS   BANK0          
                cstackBANK0                          5C       5C        6         1
                bssBANK0                             20       20       3C         1

        CLASS   BANK1          

        CLASS   BANK2          

        CLASS   BIGRAM         

        CLASS   RAM            

        CLASS   ABS1           
                abs_s1                               7E       7E        2         1

        CLASS   SFR0           

        CLASS   SFR1           

        CLASS   SFR2           

        CLASS   SFR3           

        CLASS   SFR4           

        CLASS   SFR5           

        CLASS   SFR6           

        CLASS   SFR7           

        CLASS   SFR8           

        CLASS   SFR9           

        CLASS   SFR10          

        CLASS   SFR11          

        CLASS   SFR12          

        CLASS   SFR13          

        CLASS   SFR14          

        CLASS   SFR15          

        CLASS   SFR16          

        CLASS   SFR17          

        CLASS   SFR18          

        CLASS   SFR19          

        CLASS   SFR20          

        CLASS   SFR21          

        CLASS   SFR22          

        CLASS   SFR23          

        CLASS   SFR24          

        CLASS   SFR25          

        CLASS   SFR26          

        CLASS   SFR27          

        CLASS   SFR28          

        CLASS   SFR29          

        CLASS   SFR30          

        CLASS   SFR31          

        CLASS   CONFIG         
                config                             8007     8007        4         0

        CLASS   IDLOC          

        CLASS   EEDATA         

        CLASS   BANK31         

        CLASS   BANK30         

        CLASS   BANK29         

        CLASS   BANK28         

        CLASS   BANK27         

        CLASS   BANK26         

        CLASS   BANK25         

        CLASS   BANK24         

        CLASS   BANK23         

        CLASS   BANK22         

        CLASS   BANK21         

        CLASS   BANK20         

        CLASS   BANK19         

        CLASS   BANK18         

        CLASS   BANK17         

        CLASS   BANK16         

        CLASS   BANK15         

        CLASS   BANK14         

        CLASS   BANK13         

        CLASS   BANK12         

        CLASS   BANK11         

        CLASS   BANK10         

        CLASS   BANK9          

        CLASS   BANK8          

        CLASS   BANK7          

        CLASS   BANK6          

        CLASS   BANK5          

        CLASS   BANK4          

        CLASS   BANK3          



SEGMENTS        Name                           Load    Length   Top    Selector   Space  Class     Delta

                reset_vec                      000000  000001  000001         0       0  CODE        2
                intentry                       000004  000413  000417         8       0  CODE        2
                bssBANK0                       000020  000042  000062        20       1  BANK0       1
                cstackCOMMON                   000070  00000D  00007D        70       1  COMMON      1
                config                         008007  000004  00800B     1000E       0  CONFIG      2


UNUSED ADDRESS RANGES

        Name                Unused          Largest block    Delta
        BANK0            00062-0006F               E           1
        BANK1            000A0-000EF              50           1
        BANK2            00120-0016F              50           1
        BIGRAM           02000-020EF              F0           1
        CODE             00001-00003               3           2
                         00417-007FF             3E9
        COMMON           0007D-0007D               1           1
        CONST            00001-00003               3           2
                         00417-007FF             100
        EEDATA           0F000-0F0FF             100           2
        ENTRY            00001-00003               3           2
                         00417-007FF             100
        IDLOC            08000-08003               4           2
        RAM              00062-0006F               E           1
                         000A0-000EF              50
                         00120-0016F              50
        SFR0             00000-0001F              20           1
        SFR1             00080-0009F              20           1
        SFR10            00500-0056F              70           1
        SFR11            00580-005EF              70           1
        SFR12            00600-0066F              70           1
        SFR13            00680-006EF              70           1
        SFR14            00700-0076F              70           1
        SFR15            00780-007EF              70           1
        SFR16            00800-0086F              70           1
        SFR17            00880-008EF              70           1
        SFR18            00900-0096F              70           1
        SFR19            00980-009EF              70           1
        SFR2             00100-0011F              20           1
        SFR20            00A00-00A6F              70           1
        SFR21            00A80-00AEF              70           1
        SFR22            00B00-00B6F              70           1
        SFR23            00B80-00BEF              70           1
        SFR24            00C00-00C6F              70           1
        SFR25            00C80-00CEF              70           1
        SFR26            00D00-00D6F              70           1
        SFR27            00D80-00DEF              70           1
        SFR28            00E00-00E6F              70           1
        SFR29            00E80-00EEF              70           1
        SFR3             00180-001EF              70           1
        SFR30            00F00-00F6F              70           1
        SFR31            00F80-00FEF              70           1
        SFR4             00200-0026F              70           1
        SFR5             00280-002EF              70           1
        SFR6             00300-0036F              70           1
        SFR7             00380-003EF              70           1
        SFR8             00400-0046F              70           1
        SFR9             00480-004EF              70           1
        STACK            02042-020EF              AE           1
        STRCODE          00001-00003               3           2
                         00417-007FF             3E9
        STRING           00001-00003               3           2
                         00417-007FF             100

                                  Symbol Table

?___lldiv                    cstackCOMMON 00070
?___lmul                     cstackCOMMON 00070
?___lwdiv                    cstackCOMMON 00070
IO_Init@bFull                cstackCOMMON 0007C
IO_SetPWM@pwm                cstackCOMMON 00071
UART_Send@t                  cstackCOMMON 00077
_ADACT                       (abs)        0009F
_ADCON0                      (abs)        0009D
_ADCON0bits                  (abs)        0009D
_ADCON1                      (abs)        0009E
_ADC_Init                    text17       00404
_ADRESH                      (abs)        0009C
_ADRESL                      (abs)        0009B
_ANSELA                      (abs)        0018C
_ANSELC                      (abs)        0018E
_AdcCS                       bssBANK0     00028
_AdcIndex                    bssBANK0     00052
_AdcTemp                     bssBANK0     00020
_AdcVin                      bssBANK0     00038
_AdcVout                     bssBANK0     00030
_C1IE                        (abs)        00495
_C1IF                        (abs)        00095
_C1ON                        (abs)        0088F
_C1OUT                       (abs)        0088E
_CM1CON0                     (abs)        00111
_CM1CON1                     (abs)        00112
_CMP_Init                    text16       003E1
_CSense                      bssBANK0     0004E
_CSenseRaw                   bssBANK0     00040
_CalcPower                   text18       001C6
_Clock_Init                  text15       003A2
_FVRCON                      (abs)        00117
_FVREN                       (abs)        008BF
_FVR_Init                    text14       00412
_IDLEN                       (abs)        048C7
_INTCON                      (abs)        0000B
_INTCONbits                  (abs)        0000B
_IOCIE                       (abs)        00484
_IO_Init                     text8        0038E
_IO_OSTMRElapsed             text7        0040D
_IO_ReadADC                  text13       00015
_IO_SetPWM                   text6        003B5
_IO_safetyCheck10ms          text5        00361
_IO_safetyCheckIdle          text4        003D3
_LATA                        (abs)        0010C
_LATAbits                    (abs)        0010C
_LATC                        (abs)        0010E
_LATCbits                    (abs)        0010E
_MPPT                        text3        0024C
_MaxPower                    bssBANK0     00046
_OSCCON1                     (abs)        00919
_OSCCON3                     (abs)        0091B
_OSCFRQ                      (abs)        0091F
_OldPower                    bssBANK0     00048
_PEIE                        (abs)        0005E
_PIE0                        (abs)        00090
_PIE1                        (abs)        00091
_PIE2                        (abs)        00092
_PIE3                        (abs)        00093
_PIE4                        (abs)        00094
_PORTCbits                   (abs)        0000E
_PR2                         (abs)        0001E
_PWM5CON                     (abs)        00619
_PWM5DCH                     (abs)        00618
_PWM5DCL                     (abs)        00617
_PWM_Init                    text12       003C4
_Ports_Init                  text11       00378
_Power                       bssBANK0     0004A
_RC0PPS                      (abs)        00EA0
_RC4PPS                      (abs)        00EA4
_RC5PPS                      (abs)        00EA5
_SP1BRGL                     (abs)        0019B
_SPEN                        (abs)        00CEF
_SYNC                        (abs)        00CF4
_T0CON0                      (abs)        00017
_T0CON1                      (abs)        00018
_T0EN                        (abs)        000BF
_T2CON                       (abs)        0001F
_TMR0H                       (abs)        00016
_TMR0IE                      (abs)        00485
_TMR0IF                      (abs)        00085
_TMR0_Init                   text10       003EF
_TRISA                       (abs)        0008C
_TRISC                       (abs)        0008E
_TX1REG                      (abs)        0019A
_TXEN                        (abs)        00CF5
_TXIF                        (abs)        0008C
_Temperature                 bssBANK0     00057
_UART_Init                   text9        003FA
_UART_Send                   text1        00348
_Vin                         bssBANK0     00050
_Vout                        bssBANK0     0004C
_VoutRaw                     bssBANK0     00042
_WPUA                        (abs)        0020C
_WPUC                        (abs)        0020E
__CFG_BOREN$ON               (abs)        00000
__CFG_BORV$LOW               (abs)        00000
__CFG_CLKOUTEN$OFF           (abs)        00000
__CFG_CP$OFF                 (abs)        00000
__CFG_CPD$OFF                (abs)        00000
__CFG_CSWEN$ON               (abs)        00000
__CFG_FCMEN$OFF              (abs)        00000
__CFG_FEXTOSC$OFF            (abs)        00000
__CFG_LPBOREN$OFF            (abs)        00000
__CFG_LVP$ON                 (abs)        00000
__CFG_MCLRE$OFF              (abs)        00000
__CFG_PPS1WAY$OFF            (abs)        00000
__CFG_PWRTE$OFF              (abs)        00000
__CFG_RSTOSC$LFINT           (abs)        00000
__CFG_STVREN$ON              (abs)        00000
__CFG_WDTE$OFF               (abs)        00000
__CFG_WRT$OFF                (abs)        00000
__Habs1                      abs1         00000
__Hbank0                     bank0        00000
__Hbank1                     bank1        00000
__Hbank10                    bank10       00000
__Hbank11                    bank11       00000
__Hbank12                    bank12       00000
__Hbank13                    bank13       00000
__Hbank14                    bank14       00000
__Hbank15                    bank15       00000
__Hbank16                    bank16       00000
__Hbank17                    bank17       00000
__Hbank18                    bank18       00000
__Hbank19                    bank19       00000
__Hbank2                     bank2        00000
__Hbank20                    bank20       00000
__Hbank21                    bank21       00000
__Hbank22                    bank22       00000
__Hbank23                    bank23       00000
__Hbank24                    bank24       00000
__Hbank25                    bank25       00000
__Hbank26                    bank26       00000
__Hbank27                    bank27       00000
__Hbank28                    bank28       00000
__Hbank29                    bank29       00000
__Hbank3                     bank3        00000
__Hbank30                    bank30       00000
__Hbank31                    bank31       00000
__Hbank4                     bank4        00000
__Hbank5                     bank5        00000
__Hbank6                     bank6        00000
__Hbank7                     bank7        00000
__Hbank8                     bank8        00000
__Hbank9                     bank9        00000
__Hbigram                    bigram       00000
__HbssBANK0                  bssBANK0     00000
__Hcinit                     cinit        00015
__Hclrtext                   clrtext      00000
__Hcode                      code         00000
__Hcommon                    common       00000
__Hconfig                    config       0800B
__HcstackBANK0               cstackBANK0  00000
__HcstackCOMMON              cstackCOMMON 00000
__Heeprom_data               eeprom_data  00000
__Hend_init                  end_init     00012
__Hfunctab                   functab      00000
__Hidloc                     idloc        00000
__Hinit                      init         00011
__Hintentry                  intentry     00011
__Hmaintext                  maintext     00000
__Hpa_nodes0                 pa_nodes0    00000
__Hpowerup                   powerup      00000
__Hram                       ram          00000
__Hreset_vec                 reset_vec    00001
__Hsfr0                      sfr0         00000
__Hsfr1                      sfr1         00000
__Hsfr10                     sfr10        00000
__Hsfr11                     sfr11        00000
__Hsfr12                     sfr12        00000
__Hsfr13                     sfr13        00000
__Hsfr14                     sfr14        00000
__Hsfr15                     sfr15        00000
__Hsfr16                     sfr16        00000
__Hsfr17                     sfr17        00000
__Hsfr18                     sfr18        00000
__Hsfr19                     sfr19        00000
__Hsfr2                      sfr2         00000
__Hsfr20                     sfr20        00000
__Hsfr21                     sfr21        00000
__Hsfr22                     sfr22        00000
__Hsfr23                     sfr23        00000
__Hsfr24                     sfr24        00000
__Hsfr25                     sfr25        00000
__Hsfr26                     sfr26        00000
__Hsfr27                     sfr27        00000
__Hsfr28                     sfr28        00000
__Hsfr29                     sfr29        00000
__Hsfr3                      sfr3         00000
__Hsfr30                     sfr30        00000
__Hsfr31                     sfr31        00000
__Hsfr4                      sfr4         00000
__Hsfr5                      sfr5         00000
__Hsfr6                      sfr6         00000
__Hsfr7                      sfr7         00000
__Hsfr8                      sfr8         00000
__Hsfr9                      sfr9         00000
__Hspace_0                   (abs)        0800B
__Hspace_1                   (abs)        0007D
__Hspace_2                   (abs)        00000
__Hspace_3                   (abs)        00000
__Hstack                     stack        00000
__Hstrings                   strings      00000
__Htext                      text         00000
__Labs1                      abs1         00000
__Lbank0                     bank0        00000
__Lbank1                     bank1        00000
__Lbank10                    bank10       00000
__Lbank11                    bank11       00000
__Lbank12                    bank12       00000
__Lbank13                    bank13       00000
__Lbank14                    bank14       00000
__Lbank15                    bank15       00000
__Lbank16                    bank16       00000
__Lbank17                    bank17       00000
__Lbank18                    bank18       00000
__Lbank19                    bank19       00000
__Lbank2                     bank2        00000
__Lbank20                    bank20       00000
__Lbank21                    bank21       00000
__Lbank22                    bank22       00000
__Lbank23                    bank23       00000
__Lbank24                    bank24       00000
__Lbank25                    bank25       00000
__Lbank26                    bank26       00000
__Lbank27                    bank27       00000
__Lbank28                    bank28       00000
__Lbank29                    bank29       00000
__Lbank3                     bank3        00000
__Lbank30                    bank30       00000
__Lbank31                    bank31       00000
__Lbank4                     bank4        00000
__Lbank5                     bank5        00000
__Lbank6                     bank6        00000
__Lbank7                     bank7        00000
__Lbank8                     bank8        00000
__Lbank9                     bank9        00000
__Lbigram                    bigram       00000
__LbssBANK0                  bssBANK0     00000
__Lcinit                     cinit        00012
__Lclrtext                   clrtext      00000
__Lcode                      code         00000
__Lcommon                    common       00000
__Lconfig                    config       08007
__LcstackBANK0               cstackBANK0  00000
__LcstackCOMMON              cstackCOMMON 00000
__Leeprom_data               eeprom_data  00000
__Lend_init                  end_init     00011
__Lfunctab                   functab      00000
__Lidloc                     idloc        00000
__Linit                      init         00011
__Lintentry                  intentry     00004
__Lmaintext                  maintext     00000
__Lpa_nodes0                 pa_nodes0    00000
__Lpowerup                   powerup      00000
__Lram                       ram          00000
__Lreset_vec                 reset_vec    00000
__Lsfr0                      sfr0         00000
__Lsfr1                      sfr1         00000
__Lsfr10                     sfr10        00000
__Lsfr11                     sfr11        00000
__Lsfr12                     sfr12        00000
__Lsfr13                     sfr13        00000
__Lsfr14                     sfr14        00000
__Lsfr15                     sfr15        00000
__Lsfr16                     sfr16        00000
__Lsfr17                     sfr17        00000
__Lsfr18                     sfr18        00000
__Lsfr19                     sfr19        00000
__Lsfr2                      sfr2         00000
__Lsfr20                     sfr20        00000
__Lsfr21                     sfr21        00000
__Lsfr22                     sfr22        00000
__Lsfr23                     sfr23        00000
__Lsfr24                     sfr24        00000
__Lsfr25                     sfr25        00000
__Lsfr26                     sfr26        00000
__Lsfr27                     sfr27        00000
__Lsfr28                     sfr28        00000
__Lsfr29                     sfr29        00000
__Lsfr3                      sfr3         00000
__Lsfr30                     sfr30        00000
__Lsfr31                     sfr31        00000
__Lsfr4                      sfr4         00000
__Lsfr5                      sfr5         00000
__Lsfr6                      sfr6         00000
__Lsfr7                      sfr7         00000
__Lsfr8                      sfr8         00000
__Lsfr9                      sfr9         00000
__Lspace_0                   (abs)        00000
__Lspace_1                   (abs)        00000
__Lspace_2                   (abs)        00000
__Lspace_3                   (abs)        00000
__Lstack                     stack        00000
__Lstrings                   strings      00000
__Ltext                      text         00000
__S0                         (abs)        0800B
__S1                         (abs)        0007D
__S2                         (abs)        00000
__S3                         (abs)        00000
___int_sp                    stack        00000
___latbits                   (abs)        00000
___lldiv                     text20       00294
___lldiv@counter             cstackCOMMON 0007C
___lldiv@dividend            cstackCOMMON 00074
___lldiv@divisor             cstackCOMMON 00070
___lldiv@quotient            cstackCOMMON 00078
___lmul                      text19       00323
___lmul@multiplicand         cstackCOMMON 00074
___lmul@multiplier           cstackCOMMON 00070
___lmul@product              cstackCOMMON 00078
___lwdiv                     text2        002FE
___lwdiv@counter             cstackCOMMON 00074
___lwdiv@dividend            cstackCOMMON 00072
___lwdiv@divisor             cstackCOMMON 00070
___lwdiv@quotient            cstackCOMMON 00075
___sp                        stack        00000
__end_of_ADC_Init            text17       0040D
__end_of_CMP_Init            text16       003EF
__end_of_CalcPower           text18       0024C
__end_of_Clock_Init          text15       003B5
__end_of_FVR_Init            text14       00417
__end_of_IO_Init             text8        003A2
__end_of_IO_OSTMRElapsed     text7        00412
__end_of_IO_ReadADC          text13       001C6
__end_of_IO_SetPWM           text6        003C4
__end_of_IO_safetyCheck10ms  text5        00378
__end_of_IO_safetyCheckIdle  text4        003E1
__end_of_MPPT                text3        00294
__end_of_PWM_Init            text12       003D3
__end_of_Ports_Init          text11       0038E
__end_of_TMR0_Init           text10       003FA
__end_of_UART_Init           text9        00404
__end_of_UART_Send           text1        00361
__end_of___lldiv             text20       002D3
__end_of___lmul              text19       00348
__end_of___lwdiv             text2        00323
__end_of__initialization     cinit        00012
__end_of_intr                intentry     00011
__end_of_main                maintext     002FE
__initialization             cinit        00012
__pbssBANK0                  bssBANK0     00020
__pcstackBANK0               cstackBANK0  0005C
__pcstackCOMMON              cstackCOMMON 00070
__pintentry                  intentry     00004
__pmaintext                  maintext     002D3
__ptext1                     text1        00348
__ptext10                    text10       003EF
__ptext11                    text11       00378
__ptext12                    text12       003C4
__ptext13                    text13       00015
__ptext14                    text14       00412
__ptext15                    text15       003A2
__ptext16                    text16       003E1
__ptext17                    text17       00404
__ptext18                    text18       001C6
__ptext19                    text19       00323
__ptext2                     text2        002FE
__ptext20                    text20       00294
__ptext3                     text3        0024C
__ptext4                     text4        003D3
__ptext5                     text5        00361
__ptext6                     text6        003B5
__ptext7                     text7        0040D
__ptext8                     text8        0038E
__ptext9                     text9        003FA
__size_of_ADC_Init           (abs)        00000
__size_of_CMP_Init           (abs)        00000
__size_of_CalcPower          (abs)        00000
__size_of_Clock_Init         (abs)        00000
__size_of_FVR_Init           (abs)        00000
__size_of_IO_Init            (abs)        00000
__size_of_IO_OSTMRElapsed    (abs)        00000
__size_of_IO_ReadADC         (abs)        00000
__size_of_IO_SetPWM          (abs)        00000
__size_of_IO_safetyCheck10ms (abs)        00000
__size_of_IO_safetyCheckIdle (abs)        00000
__size_of_MPPT               (abs)        00000
__size_of_PWM_Init           (abs)        00000
__size_of_Ports_Init         (abs)        00000
__size_of_TMR0_Init          (abs)        00000
__size_of_UART_Init          (abs)        00000
__size_of_UART_Send          (abs)        00000
__size_of___lldiv            (abs)        00000
__size_of___lmul             (abs)        00000
__size_of___lwdiv            (abs)        00000
__size_of_intr               (abs)        00000
__size_of_main               (abs)        00000
_bDir                        bssBANK0     00055
_bEmStop                     bssBANK0     00056
_intr                        intentry     00004
_main                        maintext     002D3
_u32t                        bssBANK0     00058
_u8PWM                       bssBANK0     00054
_zzl                         bssBANK0     00053
_zzz                         bssBANK0     00044
btemp                        (abs)        0007E
end_of_initialization        cinit        00012
int$flags                    (abs)        0007E
intlevel0                    functab      00000
intlevel1                    functab      00000
intlevel2                    functab      00000
intlevel3                    functab      00000
intlevel4                    functab      00000
intlevel5                    functab      00000
reset_vec                    reset_vec    00000
stackhi                      (abs)        020EF
stacklo                      (abs)        02042
start                        init         00011
start_initialization         cinit        00012
wtemp0                       (abs)        0007E


FUNCTION INFORMATION:

 *************** function _main *****************
 Defined at:
		line 148 in file "../main.c"
 Parameters:    Size  Location     Type
		None
 Auto vars:     Size  Location     Type
		None
 Return value:  Size  Location     Type
                  2   72[None  ] int 
 Registers used:
		wreg, fsr0l, fsr0h, fsr1l, fsr1h, status,2, status,0, pclath, cstack
 Tracked objects:
		On entry : 
		On exit  : 
		Unchanged: 
 Data sizes:     COMMON   BANK0   BANK1   BANK2
      Params:         0       0       0       0
      Locals:         0       0       0       0
      Temps:          0       0       0       0
      Totals:         0       0       0       0
Total ram usage:        0 bytes
 Hardware stack levels required when called:    4
 This function calls:
		_CalcPower
		_IO_Init
		_IO_OSTMRElapsed
		_IO_ReadADC
		_IO_SetPWM
		_IO_safetyCheck10ms
		_IO_safetyCheckIdle
		_MPPT
		_UART_Send
 This function is called by:
		Startup code after reset
 This function uses a non-reentrant model


 *************** function _UART_Send *****************
 Defined at:
		line 129 in file "../drv_io.c"
 Parameters:    Size  Location     Type
		None
 Auto vars:     Size  Location     Type
  t               2    7[COMMON] unsigned short 
 Return value:  Size  Location     Type
                  1    wreg      void 
 Registers used:
		wreg, status,2, status,0, pclath, cstack
 Tracked objects:
		On entry : 
		On exit  : 
		Unchanged: 
 Data sizes:     COMMON   BANK0   BANK1   BANK2
      Params:         0       0       0       0
      Locals:         2       0       0       0
      Temps:          0       0       0       0
      Totals:         2       0       0       0
Total ram usage:        2 bytes
 Hardware stack levels used:    1
 Hardware stack levels required when called:    2
 This function calls:
		___lwdiv
 This function is called by:
		_main
 This function uses a non-reentrant model


 *************** function ___lwdiv *****************
 Defined at:
		line 6 in file "C:\Program Files (x86)\Microchip\xc8\v1.45\sources\common\lwdiv.c"
 Parameters:    Size  Location     Type
  divisor         2    0[COMMON] unsigned int 
  dividend        2    2[COMMON] unsigned int 
 Auto vars:     Size  Location     Type
  quotient        2    5[COMMON] unsigned int 
  counter         1    4[COMMON] unsigned char 
 Return value:  Size  Location     Type
                  2    0[COMMON] unsigned int 
 Registers used:
		wreg, status,2, status,0
 Tracked objects:
		On entry : 
		On exit  : 
		Unchanged: 
 Data sizes:     COMMON   BANK0   BANK1   BANK2
      Params:         4       0       0       0
      Locals:         3       0       0       0
      Temps:          0       0       0       0
      Totals:         7       0       0       0
Total ram usage:        7 bytes
 Hardware stack levels used:    1
 Hardware stack levels required when called:    1
 This function calls:
		Nothing
 This function is called by:
		_UART_Send
 This function uses a non-reentrant model


 *************** function _MPPT *****************
 Defined at:
		line 102 in file "../main.c"
 Parameters:    Size  Location     Type
		None
 Auto vars:     Size  Location     Type
		None
 Return value:  Size  Location     Type
                  1    wreg      void 
 Registers used:
		wreg, status,2, status,0
 Tracked objects:
		On entry : 
		On exit  : 
		Unchanged: 
 Data sizes:     COMMON   BANK0   BANK1   BANK2
      Params:         0       0       0       0
      Locals:         0       0       0       0
      Temps:          0       0       0       0
      Totals:         0       0       0       0
Total ram usage:        0 bytes
 Hardware stack levels used:    1
 Hardware stack levels required when called:    1
 This function calls:
		Nothing
 This function is called by:
		_main
 This function uses a non-reentrant model


 *************** function _IO_safetyCheckIdle *****************
 Defined at:
		line 259 in file "../drv_io.c"
 Parameters:    Size  Location     Type
		None
 Auto vars:     Size  Location     Type
		None
 Return value:  Size  Location     Type
                  1    wreg      void 
 Registers used:
		wreg, status,2
 Tracked objects:
		On entry : 
		On exit  : 
		Unchanged: 
 Data sizes:     COMMON   BANK0   BANK1   BANK2
      Params:         0       0       0       0
      Locals:         0       0       0       0
      Temps:          0       0       0       0
      Totals:         0       0       0       0
Total ram usage:        0 bytes
 Hardware stack levels used:    1
 Hardware stack levels required when called:    1
 This function calls:
		Nothing
 This function is called by:
		_main
 This function uses a non-reentrant model


 *************** function _IO_safetyCheck10ms *****************
 Defined at:
		line 269 in file "../drv_io.c"
 Parameters:    Size  Location     Type
		None
 Auto vars:     Size  Location     Type
		None
 Return value:  Size  Location     Type
                  1    wreg      void 
 Registers used:
		wreg, status,2
 Tracked objects:
		On entry : 
		On exit  : 
		Unchanged: 
 Data sizes:     COMMON   BANK0   BANK1   BANK2
      Params:         0       0       0       0
      Locals:         0       0       0       0
      Temps:          0       0       0       0
      Totals:         0       0       0       0
Total ram usage:        0 bytes
 Hardware stack levels used:    1
 Hardware stack levels required when called:    1
 This function calls:
		Nothing
 This function is called by:
		_main
 This function uses a non-reentrant model


 *************** function _IO_SetPWM *****************
 Defined at:
		line 213 in file "../drv_io.c"
 Parameters:    Size  Location     Type
  pwm             1    wreg     unsigned char 
 Auto vars:     Size  Location     Type
  pwm             1    1[COMMON] unsigned char 
 Return value:  Size  Location     Type
                  1    wreg      void 
 Registers used:
		wreg, status,2, status,0
 Tracked objects:
		On entry : 
		On exit  : 
		Unchanged: 
 Data sizes:     COMMON   BANK0   BANK1   BANK2
      Params:         0       0       0       0
      Locals:         1       0       0       0
      Temps:          1       0       0       0
      Totals:         2       0       0       0
Total ram usage:        2 bytes
 Hardware stack levels used:    1
 Hardware stack levels required when called:    1
 This function calls:
		Nothing
 This function is called by:
		_main
 This function uses a non-reentrant model


 *************** function _IO_OSTMRElapsed *****************
 Defined at:
		line 244 in file "../drv_io.c"
 Parameters:    Size  Location     Type
		None
 Auto vars:     Size  Location     Type
		None
 Return value:  Size  Location     Type
                  1    wreg      unsigned char 
 Registers used:
		wreg
 Tracked objects:
		On entry : 
		On exit  : 
		Unchanged: 
 Data sizes:     COMMON   BANK0   BANK1   BANK2
      Params:         0       0       0       0
      Locals:         0       0       0       0
      Temps:          0       0       0       0
      Totals:         0       0       0       0
Total ram usage:        0 bytes
 Hardware stack levels used:    1
 Hardware stack levels required when called:    1
 This function calls:
		Nothing
 This function is called by:
		_main
 This function uses a non-reentrant model


 *************** function _IO_Init *****************
 Defined at:
		line 218 in file "../drv_io.c"
 Parameters:    Size  Location     Type
  bFull           1    wreg     unsigned char 
 Auto vars:     Size  Location     Type
  bFull           1   12[COMMON] unsigned char 
 Return value:  Size  Location     Type
                  1    wreg      void 
 Registers used:
		wreg, fsr0l, fsr0h, fsr1l, fsr1h, status,2, status,0, pclath, cstack
 Tracked objects:
		On entry : 
		On exit  : 
		Unchanged: 
 Data sizes:     COMMON   BANK0   BANK1   BANK2
      Params:         0       0       0       0
      Locals:         1       0       0       0
      Temps:          0       0       0       0
      Totals:         1       0       0       0
Total ram usage:        1 bytes
 Hardware stack levels used:    1
 Hardware stack levels required when called:    3
 This function calls:
		_ADC_Init
		_CMP_Init
		_Clock_Init
		_FVR_Init
		_IO_ReadADC
		_PWM_Init
		_Ports_Init
		_TMR0_Init
		_UART_Init
 This function is called by:
		_main
 This function uses a non-reentrant model


 *************** function _UART_Init *****************
 Defined at:
		line 121 in file "../drv_io.c"
 Parameters:    Size  Location     Type
		None
 Auto vars:     Size  Location     Type
		None
 Return value:  Size  Location     Type
                  1    wreg      void 
 Registers used:
		wreg
 Tracked objects:
		On entry : 
		On exit  : 
		Unchanged: 
 Data sizes:     COMMON   BANK0   BANK1   BANK2
      Params:         0       0       0       0
      Locals:         0       0       0       0
      Temps:          0       0       0       0
      Totals:         0       0       0       0
Total ram usage:        0 bytes
 Hardware stack levels used:    1
 Hardware stack levels required when called:    1
 This function calls:
		Nothing
 This function is called by:
		_IO_Init
 This function uses a non-reentrant model


 *************** function _TMR0_Init *****************
 Defined at:
		line 105 in file "../drv_io.c"
 Parameters:    Size  Location     Type
		None
 Auto vars:     Size  Location     Type
		None
 Return value:  Size  Location     Type
                  1    wreg      void 
 Registers used:
		wreg, status,2
 Tracked objects:
		On entry : 
		On exit  : 
		Unchanged: 
 Data sizes:     COMMON   BANK0   BANK1   BANK2
      Params:         0       0       0       0
      Locals:         0       0       0       0
      Temps:          0       0       0       0
      Totals:         0       0       0       0
Total ram usage:        0 bytes
 Hardware stack levels used:    1
 Hardware stack levels required when called:    1
 This function calls:
		Nothing
 This function is called by:
		_IO_Init
 This function uses a non-reentrant model


 *************** function _Ports_Init *****************
 Defined at:
		line 62 in file "../drv_io.c"
 Parameters:    Size  Location     Type
		None
 Auto vars:     Size  Location     Type
		None
 Return value:  Size  Location     Type
                  1    wreg      void 
 Registers used:
		wreg, status,2
 Tracked objects:
		On entry : 
		On exit  : 
		Unchanged: 
 Data sizes:     COMMON   BANK0   BANK1   BANK2
      Params:         0       0       0       0
      Locals:         0       0       0       0
      Temps:          0       0       0       0
      Totals:         0       0       0       0
Total ram usage:        0 bytes
 Hardware stack levels used:    1
 Hardware stack levels required when called:    1
 This function calls:
		Nothing
 This function is called by:
		_IO_Init
 This function uses a non-reentrant model


 *************** function _PWM_Init *****************
 Defined at:
		line 95 in file "../drv_io.c"
 Parameters:    Size  Location     Type
		None
 Auto vars:     Size  Location     Type
		None
 Return value:  Size  Location     Type
                  1    wreg      void 
 Registers used:
		wreg, status,2
 Tracked objects:
		On entry : 
		On exit  : 
		Unchanged: 
 Data sizes:     COMMON   BANK0   BANK1   BANK2
      Params:         0       0       0       0
      Locals:         0       0       0       0
      Temps:          0       0       0       0
      Totals:         0       0       0       0
Total ram usage:        0 bytes
 Hardware stack levels used:    1
 Hardware stack levels required when called:    1
 This function calls:
		Nothing
 This function is called by:
		_IO_Init
 This function uses a non-reentrant model


 *************** function _IO_ReadADC *****************
 Defined at:
		line 143 in file "../drv_io.c"
 Parameters:    Size  Location     Type
		None
 Auto vars:     Size  Location     Type
		None
 Return value:  Size  Location     Type
                  1    wreg      void 
 Registers used:
		wreg, fsr0l, fsr0h, fsr1l, fsr1h, status,2, status,0, pclath, cstack
 Tracked objects:
		On entry : 
		On exit  : 
		Unchanged: 
 Data sizes:     COMMON   BANK0   BANK1   BANK2
      Params:         0       0       0       0
      Locals:         0       0       0       0
      Temps:          0       6       0       0
      Totals:         0       6       0       0
Total ram usage:        6 bytes
 Hardware stack levels used:    1
 Hardware stack levels required when called:    2
 This function calls:
		___lmul
 This function is called by:
		_main
		_IO_Init
 This function uses a non-reentrant model


 *************** function _FVR_Init *****************
 Defined at:
		line 45 in file "../drv_io.c"
 Parameters:    Size  Location     Type
		None
 Auto vars:     Size  Location     Type
		None
 Return value:  Size  Location     Type
                  1    wreg      void 
 Registers used:
		wreg
 Tracked objects:
		On entry : 
		On exit  : 
		Unchanged: 
 Data sizes:     COMMON   BANK0   BANK1   BANK2
      Params:         0       0       0       0
      Locals:         0       0       0       0
      Temps:          0       0       0       0
      Totals:         0       0       0       0
Total ram usage:        0 bytes
 Hardware stack levels used:    1
 Hardware stack levels required when called:    1
 This function calls:
		Nothing
 This function is called by:
		_IO_Init
 This function uses a non-reentrant model


 *************** function _Clock_Init *****************
 Defined at:
		line 26 in file "../drv_io.c"
 Parameters:    Size  Location     Type
		None
 Auto vars:     Size  Location     Type
		None
 Return value:  Size  Location     Type
                  1    wreg      void 
 Registers used:
		wreg, status,2
 Tracked objects:
		On entry : 
		On exit  : 
		Unchanged: 
 Data sizes:     COMMON   BANK0   BANK1   BANK2
      Params:         0       0       0       0
      Locals:         0       0       0       0
      Temps:          0       0       0       0
      Totals:         0       0       0       0
Total ram usage:        0 bytes
 Hardware stack levels used:    1
 Hardware stack levels required when called:    1
 This function calls:
		Nothing
 This function is called by:
		_IO_Init
 This function uses a non-reentrant model


 *************** function _CMP_Init *****************
 Defined at:
		line 51 in file "../drv_io.c"
 Parameters:    Size  Location     Type
		None
 Auto vars:     Size  Location     Type
		None
 Return value:  Size  Location     Type
                  1    wreg      void 
 Registers used:
		wreg
 Tracked objects:
		On entry : 
		On exit  : 
		Unchanged: 
 Data sizes:     COMMON   BANK0   BANK1   BANK2
      Params:         0       0       0       0
      Locals:         0       0       0       0
      Temps:          0       0       0       0
      Totals:         0       0       0       0
Total ram usage:        0 bytes
 Hardware stack levels used:    1
 Hardware stack levels required when called:    1
 This function calls:
		Nothing
 This function is called by:
		_IO_Init
 This function uses a non-reentrant model


 *************** function _ADC_Init *****************
 Defined at:
		line 114 in file "../drv_io.c"
 Parameters:    Size  Location     Type
		None
 Auto vars:     Size  Location     Type
		None
 Return value:  Size  Location     Type
                  1    wreg      void 
 Registers used:
		wreg, status,2
 Tracked objects:
		On entry : 
		On exit  : 
		Unchanged: 
 Data sizes:     COMMON   BANK0   BANK1   BANK2
      Params:         0       0       0       0
      Locals:         0       0       0       0
      Temps:          0       0       0       0
      Totals:         0       0       0       0
Total ram usage:        0 bytes
 Hardware stack levels used:    1
 Hardware stack levels required when called:    1
 This function calls:
		Nothing
 This function is called by:
		_IO_Init
 This function uses a non-reentrant model


 *************** function _CalcPower *****************
 Defined at:
		line 75 in file "../main.c"
 Parameters:    Size  Location     Type
		None
 Auto vars:     Size  Location     Type
		None
 Return value:  Size  Location     Type
                  1    wreg      void 
 Registers used:
		wreg, status,2, status,0, pclath, cstack
 Tracked objects:
		On entry : 
		On exit  : 
		Unchanged: 
 Data sizes:     COMMON   BANK0   BANK1   BANK2
      Params:         0       0       0       0
      Locals:         0       0       0       0
      Temps:          0       4       0       0
      Totals:         0       4       0       0
Total ram usage:        4 bytes
 Hardware stack levels used:    1
 Hardware stack levels required when called:    2
 This function calls:
		___lldiv
		___lmul
 This function is called by:
		_main
 This function uses a non-reentrant model


 *************** function ___lmul *****************
 Defined at:
		line 15 in file "C:\Program Files (x86)\Microchip\xc8\v1.45\sources\common\Umul32.c"
 Parameters:    Size  Location     Type
  multiplier      4    0[COMMON] unsigned long 
  multiplicand    4    4[COMMON] unsigned long 
 Auto vars:     Size  Location     Type
  product         4    8[COMMON] unsigned long 
 Return value:  Size  Location     Type
                  4    0[COMMON] unsigned long 
 Registers used:
		wreg, status,2, status,0
 Tracked objects:
		On entry : 
		On exit  : 
		Unchanged: 
 Data sizes:     COMMON   BANK0   BANK1   BANK2
      Params:         8       0       0       0
      Locals:         4       0       0       0
      Temps:          0       0       0       0
      Totals:        12       0       0       0
Total ram usage:       12 bytes
 Hardware stack levels used:    1
 Hardware stack levels required when called:    1
 This function calls:
		Nothing
 This function is called by:
		_IO_ReadADC
		_CalcPower
 This function uses a non-reentrant model


 *************** function ___lldiv *****************
 Defined at:
		line 6 in file "C:\Program Files (x86)\Microchip\xc8\v1.45\sources\common\lldiv.c"
 Parameters:    Size  Location     Type
  divisor         4    0[COMMON] unsigned long 
  dividend        4    4[COMMON] unsigned long 
 Auto vars:     Size  Location     Type
  quotient        4    8[COMMON] unsigned long 
  counter         1   12[COMMON] unsigned char 
 Return value:  Size  Location     Type
                  4    0[COMMON] unsigned long 
 Registers used:
		wreg, status,2, status,0
 Tracked objects:
		On entry : 
		On exit  : 
		Unchanged: 
 Data sizes:     COMMON   BANK0   BANK1   BANK2
      Params:         8       0       0       0
      Locals:         5       0       0       0
      Temps:          0       0       0       0
      Totals:        13       0       0       0
Total ram usage:       13 bytes
 Hardware stack levels used:    1
 Hardware stack levels required when called:    1
 This function calls:
		Nothing
 This function is called by:
		_CalcPower
 This function uses a non-reentrant model


 *************** function _intr *****************
 Defined at:
		line 252 in file "../drv_io.c"
 Parameters:    Size  Location     Type
		None
 Auto vars:     Size  Location     Type
		None
 Return value:  Size  Location     Type
                  1    wreg      void 
 Registers used:
		wreg, status,2
 Tracked objects:
		On entry : 
		On exit  : 
		Unchanged: 
 Data sizes:     COMMON   BANK0   BANK1   BANK2
      Params:         0       0       0       0
      Locals:         0       0       0       0
      Temps:          0       0       0       0
      Totals:         0       0       0       0
Total ram usage:        0 bytes
 Hardware stack levels used:    1
 This function calls:
		Nothing
 This function is called by:
		Interrupt level 1
 This function uses a non-reentrant model



MODULE INFORMATION

Module		Function		Class		Link	Load	Size
../main.c
		_MPPT          		CODE           	024C	0000	73
		_main          		CODE           	02D3	0000	44
		_CalcPower     		CODE           	01C6	0000	135

../main.c estimated size: 252

../drv_io.c
		_IO_safetyCheck10ms		CODE           	0361	0000	24
		_IO_SetPWM     		CODE           	03B5	0000	16
		_IO_safetyCheckIdle		CODE           	03D3	0000	15
		_IO_OSTMRElapsed		CODE           	040D	0000	6
		_IO_ReadADC    		CODE           	0015	0000	434
		_UART_Init     		CODE           	03FA	0000	11
		_intr          		CODE           	0004	0000	14
		_TMR0_Init     		CODE           	03EF	0000	12
		_UART_Send     		CODE           	0348	0000	26
		_CMP_Init      		CODE           	03E1	0000	15
		_Clock_Init    		CODE           	03A2	0000	20
		_IO_Init       		CODE           	038E	0000	21
		_Ports_Init    		CODE           	0378	0000	23
		_PWM_Init      		CODE           	03C4	0000	16
		_ADC_Init      		CODE           	0404	0000	10
		_FVR_Init      		CODE           	0412	0000	6

../drv_io.c estimated size: 669

C:\Program Files (x86)\Microchip\xc8\v1.45\sources\common\Umul32.c
		___lmul        		CODE           	0323	0000	38

C:\Program Files (x86)\Microchip\xc8\v1.45\sources\common\Umul32.c estimated size: 38

shared
		__initialization		CODE           	0012	0000	1

shared estimated size: 1

C:\Program Files (x86)\Microchip\xc8\v1.45\sources\common\lwdiv.c
		___lwdiv       		CODE           	02FE	0000	38

C:\Program Files (x86)\Microchip\xc8\v1.45\sources\common\lwdiv.c estimated size: 38

C:\Program Files (x86)\Microchip\xc8\v1.45\sources\common\lldiv.c
		___lldiv       		CODE           	0294	0000	64

C:\Program Files (x86)\Microchip\xc8\v1.45\sources\common\lldiv.c estimated size: 64

