Microchip MPLAB XC8 Compiler V1.45 ()

Linker command line:

-W-3 --edf=C:\Program Files (x86)\Microchip\xc8\v1.45\dat\en_msgs.txt -cs \
  -h+dist/default/production\MRF89XA_FBL.X.production.sym \
  --cmf=dist/default/production\MRF89XA_FBL.X.production.cmf -z -Q16F1847 \
  -oe:\Temp\s2gs.2 -Mdist/default/production/MRF89XA_FBL.X.production.map \
  -E1 -ver=XC8 -ASTACK=020E0h-023efh -pstack=STACK -ACODE=00h-037Fh \
  -ASTRCODE=00h-037Fh -ASTRING=00h-0FFhx3,0300h-037Fh \
  -ACONST=00h-0FFhx3,0300h-037Fh -AENTRY=00h-0FFhx3,0300h-037Fh \
  -ACOMMON=070h-07Fh -ABANK0=020h-06Fh -ABANK1=0A0h-0EFh \
  -ABANK2=0120h-016Fh -ABANK3=01A0h-01EFh -ABANK4=0220h-026Fh \
  -ABANK5=02A0h-02EFh -ABANK6=0320h-036Fh -ABANK7=03A0h-03EFh \
  -ABANK8=0420h-046Fh -ABANK9=04A0h-04EFh -ABANK10=0520h-056Fh \
  -ABANK11=05A0h-05EFh -ABANK12=0620h-064Fh -ABIGRAM=02000h-023EFh \
  -ARAM=020h-06Fh,0A0h-0EFh,0120h-016Fh,01A0h-01EFh,0220h-026Fh,02A0h-02EFh,0320h-036Fh,03A0h-03EFh,0420h-046Fh,04A0h-04EFh,0520h-056Fh,05A0h-05EFh,0620h-064Fh \
  -AABS1=020h-07Fh,0A0h-0EFh,0120h-016Fh,01A0h-01EFh,0220h-026Fh,02A0h-02EFh,0320h-036Fh,03A0h-03EFh,0420h-046Fh,04A0h-04EFh,0520h-056Fh,05A0h-05EFh,0620h-064Fh \
  -ASFR0=00h-01Fh -ASFR1=080h-09Fh -ASFR2=0100h-011Fh -ASFR3=0180h-019Fh \
  -ASFR4=0200h-021Fh -ASFR5=0280h-029Fh -ASFR6=0300h-031Fh \
  -ASFR7=0380h-039Fh -ASFR8=0400h-041Fh -ASFR9=0480h-049Fh \
  -ASFR10=0500h-051Fh -ASFR11=0580h-059Fh -ASFR12=0600h-061Fh \
  -ASFR13=0680h-06EFh -ASFR14=0700h-076Fh -ASFR15=0780h-07EFh \
  -ASFR16=0800h-086Fh -ASFR17=0880h-08EFh -ASFR18=0900h-096Fh \
  -ASFR19=0980h-09EFh -ASFR20=0A00h-0A6Fh -ASFR21=0A80h-0AEFh \
  -ASFR22=0B00h-0B6Fh -ASFR23=0B80h-0BEFh -ASFR24=0C00h-0C6Fh \
  -ASFR25=0C80h-0CEFh -ASFR26=0D00h-0D6Fh -ASFR27=0D80h-0DEFh \
  -ASFR28=0E00h-0E6Fh -ASFR29=0E80h-0EEFh -ASFR30=0F00h-0F6Fh \
  -ASFR31=0F80h-0FEFh -preset_vec=00h,intentry=04h,init,end_init \
  -ppowerup=CODE -pcinit=CODE -pfunctab=ENTRY -ACONFIG=08007h-08008h \
  -pconfig=CONFIG -DCONFIG=2 -AIDLOC=08000h-08003h -pidloc=IDLOC -DIDLOC=2 \
  -AEEDATA=00h-0FFh/0F000h -peeprom_data=EEDATA -DEEDATA=2 -DCODE=2 \
  -DSTRCODE=2 -DSTRING=2 -DCONST=2 -DENTRY=2 -k e:\Temp\s2gs.obj \
  dist/default/production\MRF89XA_FBL.X.production.obj 

Object code version is 3.11

Machine type is 16F1847



                Name                               Link     Load   Length Selector   Space Scale
e:\Temp\s2gs.obj
                end_init                              9        9        2        8       0
                reset_vec                             0        0        2        0       0
                config                             8007     8007        2    1000E       0
dist/default/production\MRF89XA_FBL.X.production.obj
                cinit                                 B        B      31F        8       0
                intentry                              4        4        5        8       0
                cstackCOMMON                         70       70        E       70       1
                bssBANK2                            120      120       40      120       1
                bssBANK1                             A0       A0       40       A0       1
                bssBANK0                             20       20        B       20       1
                nvBANK0                              2B       2B        1       20       1
                stringtext1                         32A      32A       20      654       0

TOTAL           Name                               Link     Load   Length     Space
        CLASS   STACK          

        CLASS   CODE           
                end_init                              9        9        2         0
                cinit                                 B        B      31F         0
                intentry                              4        4        5         0
                reset_vec                             0        0        2         0

        CLASS   STRCODE        
                stringtext1                         32A      32A       20         0

        CLASS   STRING         

        CLASS   CONST          

        CLASS   ENTRY          

        CLASS   COMMON         
                cstackCOMMON                         70       70        E         1

        CLASS   BANK0          
                bssBANK0                             20       20        B         1
                nvBANK0                              2B       2B        1         1

        CLASS   BANK1          
                bssBANK1                             A0       A0       40         1

        CLASS   BANK2          
                bssBANK2                            120      120       40         1

        CLASS   BANK3          

        CLASS   BANK4          

        CLASS   BANK5          

        CLASS   BANK6          

        CLASS   BANK7          

        CLASS   BANK8          

        CLASS   BANK9          

        CLASS   BANK10         

        CLASS   BANK11         

        CLASS   BANK12         

        CLASS   BIGRAM         

        CLASS   RAM            

        CLASS   ABS1           
                abs_s1                               7E       7E        2         1

        CLASS   SFR0           

        CLASS   SFR1           

        CLASS   SFR2           

        CLASS   SFR3           

        CLASS   SFR4           

        CLASS   SFR5           

        CLASS   SFR6           

        CLASS   SFR7           

        CLASS   SFR8           

        CLASS   SFR9           

        CLASS   SFR10          

        CLASS   SFR11          

        CLASS   SFR12          

        CLASS   SFR13          

        CLASS   SFR14          

        CLASS   SFR15          

        CLASS   SFR16          

        CLASS   SFR17          

        CLASS   SFR18          

        CLASS   SFR19          

        CLASS   SFR20          

        CLASS   SFR21          

        CLASS   SFR22          

        CLASS   SFR23          

        CLASS   SFR24          

        CLASS   SFR25          

        CLASS   SFR26          

        CLASS   SFR27          

        CLASS   SFR28          

        CLASS   SFR29          

        CLASS   SFR30          

        CLASS   SFR31          

        CLASS   CONFIG         
                config                             8007     8007        2         0

        CLASS   IDLOC          

        CLASS   EEDATA         

        CLASS   BANK31         

        CLASS   BANK30         

        CLASS   BANK29         

        CLASS   BANK28         

        CLASS   BANK27         

        CLASS   BANK26         

        CLASS   BANK25         

        CLASS   BANK24         

        CLASS   BANK23         

        CLASS   BANK22         

        CLASS   BANK21         

        CLASS   BANK20         

        CLASS   BANK19         

        CLASS   BANK18         

        CLASS   BANK17         

        CLASS   BANK16         

        CLASS   BANK15         

        CLASS   BANK14         

        CLASS   BANK13         



SEGMENTS        Name                           Load    Length   Top    Selector   Space  Class     Delta

                reset_vec                      000000  000002  000002         0       0  CODE        2
                intentry                       000004  000326  00032A         8       0  CODE        2
                bssBANK0                       000020  00000C  00002C        20       1  BANK0       1
                cstackCOMMON                   000070  00000E  00007E        70       1  COMMON      1
                bssBANK1                       0000A0  000040  0000E0        A0       1  BANK1       1
                bssBANK2                       000120  000040  000160       120       1  BANK2       1
                stringtext1                    00032A  000020  00034A       654       0  STRCODE     2
                config                         008007  000002  008009     1000E       0  CONFIG      2


UNUSED ADDRESS RANGES

        Name                Unused          Largest block    Delta
        BANK0            0002C-0006F              44           1
        BANK1            000E0-000EF              10           1
        BANK10           00520-0056F              50           1
        BANK11           005A0-005EF              50           1
        BANK12           00620-0064F              30           1
        BANK2            00160-0016F              10           1
        BANK3            001A0-001EF              50           1
        BANK4            00220-0026F              50           1
        BANK5            002A0-002EF              50           1
        BANK6            00320-0036F              50           1
        BANK7            003A0-003EF              50           1
        BANK8            00420-0046F              50           1
        BANK9            004A0-004EF              50           1
        BIGRAM           02000-023EF             3F0           1
        CODE             00002-00003               2           2
                         0034A-0037F              36
        CONST            00002-00003               2           2
                         0034A-0037F              36
        EEDATA           0F000-0F0FF             100           2
        ENTRY            00002-00003               2           2
                         0034A-0037F              36
        IDLOC            08000-08003               4           2
        RAM              0002C-0006F              44           1
                         000E0-000EF              10
                         00160-0016F              10
                         001A0-001EF              50
                         00220-0026F              50
                         002A0-002EF              50
                         00320-0036F              50
                         003A0-003EF              50
                         00420-0046F              50
                         004A0-004EF              50
                         00520-0056F              50
                         005A0-005EF              50
                         00620-0064F              30
        SFR0             00000-0001F              20           1
        SFR1             00080-0009F              20           1
        SFR10            00500-0051F              20           1
        SFR11            00580-0059F              20           1
        SFR12            00600-0061F              20           1
        SFR13            00680-006EF              70           1
        SFR14            00700-0076F              70           1
        SFR15            00780-007EF              70           1
        SFR16            00800-0086F              70           1
        SFR17            00880-008EF              70           1
        SFR18            00900-0096F              70           1
        SFR19            00980-009EF              70           1
        SFR2             00100-0011F              20           1
        SFR20            00A00-00A6F              70           1
        SFR21            00A80-00AEF              70           1
        SFR22            00B00-00B6F              70           1
        SFR23            00B80-00BEF              70           1
        SFR24            00C00-00C6F              70           1
        SFR25            00C80-00CEF              70           1
        SFR26            00D00-00D6F              70           1
        SFR27            00D80-00DEF              70           1
        SFR28            00E00-00E6F              70           1
        SFR29            00E80-00EEF              70           1
        SFR3             00180-0019F              20           1
        SFR30            00F00-00F6F              70           1
        SFR31            00F80-00FEF              70           1
        SFR4             00200-0021F              20           1
        SFR5             00280-0029F              20           1
        SFR6             00300-0031F              20           1
        SFR7             00380-0039F              20           1
        SFR8             00400-0041F              20           1
        SFR9             00480-0049F              20           1
        STACK            020E0-023EF             310           1
        STRCODE          00002-00003               2           2
                         0034A-0037F              36
        STRING           00002-00003               2           2
                         0034A-0037F              36

                                  Symbol Table

?_Read_Flash                    cstackCOMMON 00070
Boot_Init@ad                    cstackCOMMON 00079
Boot_Init@cs                    cstackCOMMON 0007A
Boot_Init@i                     cstackCOMMON 0007B
Boot_RxProcess@addr             cstackCOMMON 0007C
Boot_RxProcess@data             cstackCOMMON 00078
Boot_RxProcess@delay            cstackCOMMON 0007A
Boot_RxProcess@i                cstackCOMMON 00077
Clock_Init@delay                cstackCOMMON 00070
Erase_FlashRow@badd             cstackCOMMON 00070
MRF89XAInit@i                   cstackCOMMON 00078
MRF89XAInit@input               cstackCOMMON 00077
MRF89XAInit@res                 cstackCOMMON 00076
MRF89XARegisterRead@address     cstackCOMMON 00073
MRF89XARegisterRead@value       cstackCOMMON 00072
MRF89XARegisterSet@address      cstackCOMMON 00073
MRF89XARegisterSet@value        cstackCOMMON 00072
MRF89XASendFrame@i              cstackCOMMON 00076
MRF89XASetRFMode@mcparam0_read  cstackCOMMON 00074
MRF89XASetRFMode@mode           cstackCOMMON 00075
MRF89XAStartReception@i         cstackCOMMON 00076
MRF89XATask@i                   cstackCOMMON 00077
MRF89XATask@k                   cstackCOMMON 00076
PL10                            cinit        00326
PL2                             cinit        0030D
PL4                             cinit        00314
PL6                             cinit        0031A
PL8                             cinit        00320
POS_RESP@len                    cstackCOMMON 00070
ReadFIFO@value                  cstackCOMMON 00071
Read_Eep@badd                   cstackCOMMON 00070
Read_Flash@badd                 cstackCOMMON 00070
Read_Flash@result               cstackCOMMON 00072
SPI_HF_Get@spidata              cstackCOMMON 00070
SPI_HF_Put@i                    cstackCOMMON 00071
SPI_HF_Put@v                    cstackCOMMON 00070
WriteFIFO@Data                  cstackCOMMON 00072
Write_Eep@badd                  cstackCOMMON 00071
Write_Eep@bdata                 cstackCOMMON 00070
Write_FlashHalfRow@badd         cstackCOMMON 00070
Write_FlashHalfRow@i            cstackCOMMON 00075
Write_FlashHalfRow@pdata        cstackCOMMON 00072
_ANSELA                         (abs)        0018C
_ANSELB                         (abs)        0018D
_APFCON0                        (abs)        0011D
_AppValidFlag                   nvBANK0      0002B
_Boot_CheckValidApp             cinit        002B7
_Boot_Init                      cinit        00221
_Boot_RxProcess                 cinit        0000E
_Clock_Init                     cinit        002D5
_EEADR                          (abs)        00191
_EEADRL                         (abs)        00191
_EECON1bits                     (abs)        00195
_EECON2                         (abs)        00196
_EEDATH                         (abs)        00194
_EEDATL                         (abs)        00193
_Erase_FlashRow                 cinit        000D7
_FlashState                     bssBANK0     00029
_INTCONbits                     (abs)        0000B
_ISR                            intentry     00004
_InitConfigRegs                 stringtext1  0032A
_LATA                           (abs)        0010C
_LATAbits                       (abs)        0010C
_LATB                           (abs)        0010D
_LATBbits                       (abs)        0010D
_MRF89XACheckRSSI               cinit        002E8
_MRF89XAInit                    cinit        001A9
_MRF89XARegisterRead            cinit        001E4
_MRF89XARegisterSet             cinit        0027F
_MRF89XASendFrame               cinit        001F2
_MRF89XASetRFMode               cinit        0028B
_MRF89XAStartReception          cinit        0015C
_MRF89XATask                    cinit        0016D
_MRF89XA_RSSI                   bssBANK0     0002A
_NWID                           bssBANK0     00020
_OSCCONbits                     (abs)        00099
_POS_RESP                       cinit        000CE
_Ports_Init                     cinit        002ED
_RF_Mode                        bssBANK0     00028
_ReadFIFO                       cinit        001A1
_Read_Eep                       cinit        002AC
_Read_Flash                     cinit        000EF
_RxPacket                       bssBANK2     00120
_SPI_HF_Get                     cinit        002C0
_SPI_HF_Init                    cinit        002FF
_SPI_HF_Put                     cinit        0029F
_SSP1BUF                        (abs)        00211
_SSP1CON1                       (abs)        00215
_SSP1CON1bits                   (abs)        00215
_SSP1CON2                       (abs)        00216
_SSP1CON3                       (abs)        00217
_SSP1IE                         (abs)        0048B
_SSP1IF                         (abs)        0008B
_SSP1STAT                       (abs)        00214
_TRISA                          (abs)        0008C
_TRISB                          (abs)        0008D
_TxPacket                       bssBANK1     000A0
_WriteFIFO                      cinit        002CD
_Write_Eep                      cinit        00104
_Write_FlashHalfRow             cinit        00116
__CFG_BOREN$ON                  (abs)        00000
__CFG_BORV$HI                   (abs)        00000
__CFG_CLKOUTEN$OFF              (abs)        00000
__CFG_CP$OFF                    (abs)        00000
__CFG_CPD$OFF                   (abs)        00000
__CFG_FCMEN$ON                  (abs)        00000
__CFG_FOSC$INTOSC               (abs)        00000
__CFG_IESO$OFF                  (abs)        00000
__CFG_LVP$ON                    (abs)        00000
__CFG_MCLRE$ON                  (abs)        00000
__CFG_PLLEN$OFF                 (abs)        00000
__CFG_PWRTE$OFF                 (abs)        00000
__CFG_STVREN$ON                 (abs)        00000
__CFG_WDTE$OFF                  (abs)        00000
__CFG_WRT$OFF                   (abs)        00000
__Habs1                         abs1         00000
__Hbank0                        bank0        00000
__Hbank1                        bank1        00000
__Hbank10                       bank10       00000
__Hbank11                       bank11       00000
__Hbank12                       bank12       00000
__Hbank13                       bank13       00000
__Hbank14                       bank14       00000
__Hbank15                       bank15       00000
__Hbank16                       bank16       00000
__Hbank17                       bank17       00000
__Hbank18                       bank18       00000
__Hbank19                       bank19       00000
__Hbank2                        bank2        00000
__Hbank20                       bank20       00000
__Hbank21                       bank21       00000
__Hbank22                       bank22       00000
__Hbank23                       bank23       00000
__Hbank24                       bank24       00000
__Hbank25                       bank25       00000
__Hbank26                       bank26       00000
__Hbank27                       bank27       00000
__Hbank28                       bank28       00000
__Hbank29                       bank29       00000
__Hbank3                        bank3        00000
__Hbank30                       bank30       00000
__Hbank31                       bank31       00000
__Hbank4                        bank4        00000
__Hbank5                        bank5        00000
__Hbank6                        bank6        00000
__Hbank7                        bank7        00000
__Hbank8                        bank8        00000
__Hbank9                        bank9        00000
__Hbigram                       bigram       00000
__HbssBANK0                     bssBANK0     00000
__HbssBANK1                     bssBANK1     00000
__HbssBANK2                     bssBANK2     00000
__Hcinit                        cinit        0032A
__Hclrtext                      clrtext      00000
__Hcode                         code         00000
__Hcommon                       common       00000
__Hconfig                       config       08009
__HcstackCOMMON                 cstackCOMMON 00000
__Heeprom_data                  eeprom_data  00000
__Hend_init                     end_init     0000B
__Hfunctab                      functab      00000
__Hidloc                        idloc        00000
__Hinit                         init         00009
__Hintentry                     intentry     00009
__Hmaintext                     maintext     00000
__HnvBANK0                      nvBANK0      00000
__Hpa_nodes0                    pa_nodes0    00000
__Hpowerup                      powerup      00000
__Hram                          ram          00000
__Hreset_vec                    reset_vec    00002
__Hsfr0                         sfr0         00000
__Hsfr1                         sfr1         00000
__Hsfr10                        sfr10        00000
__Hsfr11                        sfr11        00000
__Hsfr12                        sfr12        00000
__Hsfr13                        sfr13        00000
__Hsfr14                        sfr14        00000
__Hsfr15                        sfr15        00000
__Hsfr16                        sfr16        00000
__Hsfr17                        sfr17        00000
__Hsfr18                        sfr18        00000
__Hsfr19                        sfr19        00000
__Hsfr2                         sfr2         00000
__Hsfr20                        sfr20        00000
__Hsfr21                        sfr21        00000
__Hsfr22                        sfr22        00000
__Hsfr23                        sfr23        00000
__Hsfr24                        sfr24        00000
__Hsfr25                        sfr25        00000
__Hsfr26                        sfr26        00000
__Hsfr27                        sfr27        00000
__Hsfr28                        sfr28        00000
__Hsfr29                        sfr29        00000
__Hsfr3                         sfr3         00000
__Hsfr30                        sfr30        00000
__Hsfr31                        sfr31        00000
__Hsfr4                         sfr4         00000
__Hsfr5                         sfr5         00000
__Hsfr6                         sfr6         00000
__Hsfr7                         sfr7         00000
__Hsfr8                         sfr8         00000
__Hsfr9                         sfr9         00000
__Hspace_0                      (abs)        08009
__Hspace_1                      (abs)        00160
__Hspace_2                      (abs)        00000
__Hspace_3                      (abs)        00000
__Hstack                        stack        00000
__Hstrings                      strings      00000
__Hstringtext1                  stringtext1  00000
__Htext                         text         00000
__Labs1                         abs1         00000
__Lbank0                        bank0        00000
__Lbank1                        bank1        00000
__Lbank10                       bank10       00000
__Lbank11                       bank11       00000
__Lbank12                       bank12       00000
__Lbank13                       bank13       00000
__Lbank14                       bank14       00000
__Lbank15                       bank15       00000
__Lbank16                       bank16       00000
__Lbank17                       bank17       00000
__Lbank18                       bank18       00000
__Lbank19                       bank19       00000
__Lbank2                        bank2        00000
__Lbank20                       bank20       00000
__Lbank21                       bank21       00000
__Lbank22                       bank22       00000
__Lbank23                       bank23       00000
__Lbank24                       bank24       00000
__Lbank25                       bank25       00000
__Lbank26                       bank26       00000
__Lbank27                       bank27       00000
__Lbank28                       bank28       00000
__Lbank29                       bank29       00000
__Lbank3                        bank3        00000
__Lbank30                       bank30       00000
__Lbank31                       bank31       00000
__Lbank4                        bank4        00000
__Lbank5                        bank5        00000
__Lbank6                        bank6        00000
__Lbank7                        bank7        00000
__Lbank8                        bank8        00000
__Lbank9                        bank9        00000
__Lbigram                       bigram       00000
__LbssBANK0                     bssBANK0     00000
__LbssBANK1                     bssBANK1     00000
__LbssBANK2                     bssBANK2     00000
__Lcinit                        cinit        0000B
__Lclrtext                      clrtext      00000
__Lcode                         code         00000
__Lcommon                       common       00000
__Lconfig                       config       08007
__LcstackCOMMON                 cstackCOMMON 00000
__Leeprom_data                  eeprom_data  00000
__Lend_init                     end_init     00009
__Lfunctab                      functab      00000
__Lidloc                        idloc        00000
__Linit                         init         00009
__Lintentry                     intentry     00004
__Lmaintext                     maintext     00000
__LnvBANK0                      nvBANK0      00000
__Lpa_nodes0                    pa_nodes0    00000
__Lpowerup                      powerup      00000
__Lram                          ram          00000
__Lreset_vec                    reset_vec    00000
__Lsfr0                         sfr0         00000
__Lsfr1                         sfr1         00000
__Lsfr10                        sfr10        00000
__Lsfr11                        sfr11        00000
__Lsfr12                        sfr12        00000
__Lsfr13                        sfr13        00000
__Lsfr14                        sfr14        00000
__Lsfr15                        sfr15        00000
__Lsfr16                        sfr16        00000
__Lsfr17                        sfr17        00000
__Lsfr18                        sfr18        00000
__Lsfr19                        sfr19        00000
__Lsfr2                         sfr2         00000
__Lsfr20                        sfr20        00000
__Lsfr21                        sfr21        00000
__Lsfr22                        sfr22        00000
__Lsfr23                        sfr23        00000
__Lsfr24                        sfr24        00000
__Lsfr25                        sfr25        00000
__Lsfr26                        sfr26        00000
__Lsfr27                        sfr27        00000
__Lsfr28                        sfr28        00000
__Lsfr29                        sfr29        00000
__Lsfr3                         sfr3         00000
__Lsfr30                        sfr30        00000
__Lsfr31                        sfr31        00000
__Lsfr4                         sfr4         00000
__Lsfr5                         sfr5         00000
__Lsfr6                         sfr6         00000
__Lsfr7                         sfr7         00000
__Lsfr8                         sfr8         00000
__Lsfr9                         sfr9         00000
__Lspace_0                      (abs)        00000
__Lspace_1                      (abs)        00000
__Lspace_2                      (abs)        00000
__Lspace_3                      (abs)        00000
__Lstack                        stack        00000
__Lstrings                      strings      00000
__Lstringtext1                  stringtext1  00000
__Ltext                         text         00000
__S0                            (abs)        08009
__S1                            (abs)        00160
__S2                            (abs)        00000
__S3                            (abs)        00000
___int_sp                       stack        00000
___latbits                      (abs)        00002
___sp                           stack        00000
__end_ofPL10                    cinit        0032A
__end_ofPL2                     cinit        00314
__end_ofPL4                     cinit        0031A
__end_ofPL6                     cinit        00320
__end_ofPL8                     cinit        00326
__end_of_Boot_CheckValidApp     cinit        002C0
__end_of_Boot_Init              cinit        0027F
__end_of_Boot_RxProcess         cinit        000CE
__end_of_Clock_Init             cinit        002E8
__end_of_Erase_FlashRow         cinit        000EF
__end_of_ISR                    intentry     00009
__end_of_InitConfigRegs         stringtext1  0034A
__end_of_MRF89XACheckRSSI       cinit        002ED
__end_of_MRF89XAInit            cinit        001E4
__end_of_MRF89XARegisterRead    cinit        001F2
__end_of_MRF89XARegisterSet     cinit        0028B
__end_of_MRF89XASendFrame       cinit        00221
__end_of_MRF89XASetRFMode       cinit        0029F
__end_of_MRF89XAStartReception  cinit        0016D
__end_of_MRF89XATask            cinit        001A1
__end_of_POS_RESP               cinit        000D7
__end_of_Ports_Init             cinit        002FF
__end_of_ReadFIFO               cinit        001A9
__end_of_Read_Eep               cinit        002B7
__end_of_Read_Flash             cinit        00104
__end_of_SPI_HF_Get             cinit        002CD
__end_of_SPI_HF_Init            cinit        0030D
__end_of_SPI_HF_Put             cinit        002AC
__end_of_WriteFIFO              cinit        002D5
__end_of_Write_Eep              cinit        00116
__end_of_Write_FlashHalfRow     cinit        00146
__end_of__initialization        cinit        0000B
__end_of_main                   cinit        0015C
__initialization                cinit        0000B
__pbssBANK0                     bssBANK0     00020
__pbssBANK1                     bssBANK1     000A0
__pbssBANK2                     bssBANK2     00120
__pcstackCOMMON                 cstackCOMMON 00070
__pintentry                     intentry     00004
__pmaintext                     cinit        00146
__pnvBANK0                      nvBANK0      0002B
__pstringtext1                  stringtext1  0032A
__ptext1                        cinit        002FF
__ptext10                       cinit        00104
__ptext11                       cinit        000EF
__ptext12                       cinit        000CE
__ptext13                       cinit        000D7
__ptext14                       cinit        00221
__ptext15                       cinit        001F2
__ptext16                       cinit        002CD
__ptext17                       cinit        001A9
__ptext18                       cinit        0028B
__ptext19                       cinit        0027F
__ptext2                        cinit        002ED
__ptext20                       cinit        001E4
__ptext21                       cinit        0029F
__ptext22                       cinit        002C0
__ptext23                       cinit        002B7
__ptext24                       cinit        002AC
__ptext3                        cinit        0016D
__ptext4                        cinit        001A1
__ptext5                        cinit        002E8
__ptext6                        cinit        0015C
__ptext7                        cinit        002D5
__ptext8                        cinit        0000E
__ptext9                        cinit        00116
__size_of_Boot_CheckValidApp    (abs)        00000
__size_of_Boot_Init             (abs)        00000
__size_of_Boot_RxProcess        (abs)        00000
__size_of_Clock_Init            (abs)        00000
__size_of_Erase_FlashRow        (abs)        00000
__size_of_ISR                   (abs)        00000
__size_of_MRF89XACheckRSSI      (abs)        00000
__size_of_MRF89XAInit           (abs)        00000
__size_of_MRF89XARegisterRead   (abs)        00000
__size_of_MRF89XARegisterSet    (abs)        00000
__size_of_MRF89XASendFrame      (abs)        00000
__size_of_MRF89XASetRFMode      (abs)        00000
__size_of_MRF89XAStartReception (abs)        00000
__size_of_MRF89XATask           (abs)        00000
__size_of_POS_RESP              (abs)        00000
__size_of_Ports_Init            (abs)        00000
__size_of_ReadFIFO              (abs)        00000
__size_of_Read_Eep              (abs)        00000
__size_of_Read_Flash            (abs)        00000
__size_of_SPI_HF_Get            (abs)        00000
__size_of_SPI_HF_Init           (abs)        00000
__size_of_SPI_HF_Put            (abs)        00000
__size_of_WriteFIFO             (abs)        00000
__size_of_Write_Eep             (abs)        00000
__size_of_Write_FlashHalfRow    (abs)        00000
__size_of_main                  (abs)        00000
_main                           cinit        00146
_oldaddress                     bssBANK0     00026
btemp                           (abs)        0007E
end_of_initialization           cinit        0000B
int$flags                       (abs)        0007E
intlevel0                       functab      00000
intlevel1                       functab      00000
intlevel2                       functab      00000
intlevel3                       functab      00000
intlevel4                       functab      00000
intlevel5                       functab      00000
reset_vec                       reset_vec    00000
stackhi                         (abs)        023EF
stacklo                         (abs)        020E0
start                           init         00009
start_initialization            cinit        0000B
wtemp0                          (abs)        0007E


FUNCTION INFORMATION:

 *************** function _main *****************
 Defined at:
		line 109 in file "../main.c"
 Parameters:    Size  Location     Type
		None
 Auto vars:     Size  Location     Type
		None
 Return value:  Size  Location     Type
                  2   45[None  ] int 
 Registers used:
		wreg, fsr0l, fsr0h, fsr1l, fsr1h, status,2, status,0, pclath, cstack
 Tracked objects:
		On entry : 
		On exit  : 
		Unchanged: 
 Data sizes:     COMMON   BANK0   BANK1   BANK2   BANK3   BANK4   BANK5   BANK6   BANK7   BANK8   BANK9  BANK10  BANK11  BANK12
      Params:         0       0       0       0       0       0       0       0       0       0       0       0       0       0
      Locals:         0       0       0       0       0       0       0       0       0       0       0       0       0       0
      Temps:          0       0       0       0       0       0       0       0       0       0       0       0       0       0
      Totals:         0       0       0       0       0       0       0       0       0       0       0       0       0       0
Total ram usage:        0 bytes
 Hardware stack levels required when called:    6
 This function calls:
		_Boot_CheckValidApp
		_Boot_Init
		_Boot_RxProcess
		_Clock_Init
		_MRF89XAStartReception
		_MRF89XATask
		_Ports_Init
		_SPI_HF_Init
 This function is called by:
		Startup code after reset
 This function uses a non-reentrant model


 *************** function _SPI_HF_Init *****************
 Defined at:
		line 6 in file "../spi.c"
 Parameters:    Size  Location     Type
		None
 Auto vars:     Size  Location     Type
		None
 Return value:  Size  Location     Type
                  1    wreg      void 
 Registers used:
		wreg, status,2
 Tracked objects:
		On entry : 
		On exit  : 
		Unchanged: 
 Data sizes:     COMMON   BANK0   BANK1   BANK2   BANK3   BANK4   BANK5   BANK6   BANK7   BANK8   BANK9  BANK10  BANK11  BANK12
      Params:         0       0       0       0       0       0       0       0       0       0       0       0       0       0
      Locals:         0       0       0       0       0       0       0       0       0       0       0       0       0       0
      Temps:          0       0       0       0       0       0       0       0       0       0       0       0       0       0
      Totals:         0       0       0       0       0       0       0       0       0       0       0       0       0       0
Total ram usage:        0 bytes
 Hardware stack levels used:    1
 Hardware stack levels required when called:    1
 This function calls:
		Nothing
 This function is called by:
		_main
 This function uses a non-reentrant model


 *************** function _Ports_Init *****************
 Defined at:
		line 77 in file "../main.c"
 Parameters:    Size  Location     Type
		None
 Auto vars:     Size  Location     Type
		None
 Return value:  Size  Location     Type
                  1    wreg      void 
 Registers used:
		wreg, status,2
 Tracked objects:
		On entry : 
		On exit  : 
		Unchanged: 
 Data sizes:     COMMON   BANK0   BANK1   BANK2   BANK3   BANK4   BANK5   BANK6   BANK7   BANK8   BANK9  BANK10  BANK11  BANK12
      Params:         0       0       0       0       0       0       0       0       0       0       0       0       0       0
      Locals:         0       0       0       0       0       0       0       0       0       0       0       0       0       0
      Temps:          0       0       0       0       0       0       0       0       0       0       0       0       0       0
      Totals:         0       0       0       0       0       0       0       0       0       0       0       0       0       0
Total ram usage:        0 bytes
 Hardware stack levels used:    1
 Hardware stack levels required when called:    1
 This function calls:
		Nothing
 This function is called by:
		_main
 This function uses a non-reentrant model


 *************** function _MRF89XATask *****************
 Defined at:
		line 261 in file "../../LIBC/MRF89_Drv/MRF89XA.c"
 Parameters:    Size  Location     Type
		None
 Auto vars:     Size  Location     Type
  i               1    7[COMMON] unsigned char 
  k               1    6[COMMON] unsigned char 
 Return value:  Size  Location     Type
                  1    wreg      void 
 Registers used:
		wreg, fsr0l, fsr0h, fsr1l, fsr1h, status,2, status,0, pclath, cstack
 Tracked objects:
		On entry : 
		On exit  : 
		Unchanged: 
 Data sizes:     COMMON   BANK0   BANK1   BANK2   BANK3   BANK4   BANK5   BANK6   BANK7   BANK8   BANK9  BANK10  BANK11  BANK12
      Params:         0       0       0       0       0       0       0       0       0       0       0       0       0       0
      Locals:         2       0       0       0       0       0       0       0       0       0       0       0       0       0
      Temps:          0       0       0       0       0       0       0       0       0       0       0       0       0       0
      Totals:         2       0       0       0       0       0       0       0       0       0       0       0       0       0
Total ram usage:        2 bytes
 Hardware stack levels used:    1
 Hardware stack levels required when called:    4
 This function calls:
		_MRF89XACheckRSSI
		_MRF89XARegisterRead
		_MRF89XARegisterSet
		_MRF89XASetRFMode
		_ReadFIFO
 This function is called by:
		_main
 This function uses a non-reentrant model


 *************** function _ReadFIFO *****************
 Defined at:
		line 233 in file "../../LIBC/MRF89_Drv/MRF89XA.c"
 Parameters:    Size  Location     Type
		None
 Auto vars:     Size  Location     Type
  value           1    1[COMMON] unsigned char 
 Return value:  Size  Location     Type
                  1    wreg      unsigned char 
 Registers used:
		wreg, status,2, pclath, cstack
 Tracked objects:
		On entry : 
		On exit  : 
		Unchanged: 
 Data sizes:     COMMON   BANK0   BANK1   BANK2   BANK3   BANK4   BANK5   BANK6   BANK7   BANK8   BANK9  BANK10  BANK11  BANK12
      Params:         0       0       0       0       0       0       0       0       0       0       0       0       0       0
      Locals:         1       0       0       0       0       0       0       0       0       0       0       0       0       0
      Temps:          0       0       0       0       0       0       0       0       0       0       0       0       0       0
      Totals:         1       0       0       0       0       0       0       0       0       0       0       0       0       0
Total ram usage:        1 bytes
 Hardware stack levels used:    1
 Hardware stack levels required when called:    2
 This function calls:
		_SPI_HF_Get
 This function is called by:
		_MRF89XATask
 This function uses a non-reentrant model


 *************** function _MRF89XACheckRSSI *****************
 Defined at:
		line 256 in file "../../LIBC/MRF89_Drv/MRF89XA.c"
 Parameters:    Size  Location     Type
		None
 Auto vars:     Size  Location     Type
		None
 Return value:  Size  Location     Type
                  1    wreg      void 
 Registers used:
		wreg, status,2, status,0, pclath, cstack
 Tracked objects:
		On entry : 
		On exit  : 
		Unchanged: 
 Data sizes:     COMMON   BANK0   BANK1   BANK2   BANK3   BANK4   BANK5   BANK6   BANK7   BANK8   BANK9  BANK10  BANK11  BANK12
      Params:         0       0       0       0       0       0       0       0       0       0       0       0       0       0
      Locals:         0       0       0       0       0       0       0       0       0       0       0       0       0       0
      Temps:          0       0       0       0       0       0       0       0       0       0       0       0       0       0
      Totals:         0       0       0       0       0       0       0       0       0       0       0       0       0       0
Total ram usage:        0 bytes
 Hardware stack levels used:    1
 Hardware stack levels required when called:    3
 This function calls:
		_MRF89XARegisterRead
 This function is called by:
		_MRF89XATask
 This function uses a non-reentrant model


 *************** function _MRF89XAStartReception *****************
 Defined at:
		line 183 in file "../../LIBC/MRF89_Drv/MRF89XA.c"
 Parameters:    Size  Location     Type
		None
 Auto vars:     Size  Location     Type
  i               1    6[COMMON] unsigned char 
 Return value:  Size  Location     Type
                  1    wreg      void 
 Registers used:
		wreg, fsr0l, fsr0h, status,2, status,0, pclath, cstack
 Tracked objects:
		On entry : 
		On exit  : 
		Unchanged: 
 Data sizes:     COMMON   BANK0   BANK1   BANK2   BANK3   BANK4   BANK5   BANK6   BANK7   BANK8   BANK9  BANK10  BANK11  BANK12
      Params:         0       0       0       0       0       0       0       0       0       0       0       0       0       0
      Locals:         1       0       0       0       0       0       0       0       0       0       0       0       0       0
      Temps:          0       0       0       0       0       0       0       0       0       0       0       0       0       0
      Totals:         1       0       0       0       0       0       0       0       0       0       0       0       0       0
Total ram usage:        1 bytes
 Hardware stack levels used:    1
 Hardware stack levels required when called:    4
 This function calls:
		_MRF89XARegisterRead
		_MRF89XARegisterSet
		_MRF89XASetRFMode
 This function is called by:
		_main
 This function uses a non-reentrant model


 *************** function _Clock_Init *****************
 Defined at:
		line 67 in file "../main.c"
 Parameters:    Size  Location     Type
		None
 Auto vars:     Size  Location     Type
  delay           2    0[COMMON] volatile unsigned short 
 Return value:  Size  Location     Type
                  1    wreg      void 
 Registers used:
		wreg, status,2, status,0
 Tracked objects:
		On entry : 
		On exit  : 
		Unchanged: 
 Data sizes:     COMMON   BANK0   BANK1   BANK2   BANK3   BANK4   BANK5   BANK6   BANK7   BANK8   BANK9  BANK10  BANK11  BANK12
      Params:         0       0       0       0       0       0       0       0       0       0       0       0       0       0
      Locals:         2       0       0       0       0       0       0       0       0       0       0       0       0       0
      Temps:          0       0       0       0       0       0       0       0       0       0       0       0       0       0
      Totals:         2       0       0       0       0       0       0       0       0       0       0       0       0       0
Total ram usage:        2 bytes
 Hardware stack levels used:    1
 Hardware stack levels required when called:    1
 This function calls:
		Nothing
 This function is called by:
		_main
 This function uses a non-reentrant model


 *************** function _Boot_RxProcess *****************
 Defined at:
		line 91 in file "../bootloader.c"
 Parameters:    Size  Location     Type
		None
 Auto vars:     Size  Location     Type
  addr            2   12[COMMON] unsigned short 
  data            2    8[COMMON] unsigned short 
  delay           2   10[COMMON] volatile unsigned short 
  i               1    7[COMMON] unsigned char 
 Return value:  Size  Location     Type
                  1    wreg      void 
 Registers used:
		wreg, fsr0l, fsr0h, fsr1l, fsr1h, status,2, status,0, pclath, cstack
 Tracked objects:
		On entry : 
		On exit  : 
		Unchanged: 
 Data sizes:     COMMON   BANK0   BANK1   BANK2   BANK3   BANK4   BANK5   BANK6   BANK7   BANK8   BANK9  BANK10  BANK11  BANK12
      Params:         0       0       0       0       0       0       0       0       0       0       0       0       0       0
      Locals:         7       0       0       0       0       0       0       0       0       0       0       0       0       0
      Temps:          0       0       0       0       0       0       0       0       0       0       0       0       0       0
      Totals:         7       0       0       0       0       0       0       0       0       0       0       0       0       0
Total ram usage:        7 bytes
 Hardware stack levels used:    1
 Hardware stack levels required when called:    5
 This function calls:
		_Erase_FlashRow
		_MRF89XASendFrame
		_MRF89XASetRFMode
		_POS_RESP
		_Read_Flash
		_Write_Eep
		_Write_FlashHalfRow
 This function is called by:
		_main
 This function uses a non-reentrant model


 *************** function _Write_FlashHalfRow *****************
 Defined at:
		line 70 in file "../drv_eep.c"
 Parameters:    Size  Location     Type
  badd            2    0[COMMON] unsigned short 
  pdata           1    2[COMMON] PTR unsigned char 
		 -> RxPacket(64), 
 Auto vars:     Size  Location     Type
  i               1    5[COMMON] unsigned char 
 Return value:  Size  Location     Type
                  1    wreg      void 
 Registers used:
		wreg, fsr1l, fsr1h, status,2, status,0
 Tracked objects:
		On entry : 
		On exit  : 
		Unchanged: 
 Data sizes:     COMMON   BANK0   BANK1   BANK2   BANK3   BANK4   BANK5   BANK6   BANK7   BANK8   BANK9  BANK10  BANK11  BANK12
      Params:         3       0       0       0       0       0       0       0       0       0       0       0       0       0
      Locals:         1       0       0       0       0       0       0       0       0       0       0       0       0       0
      Temps:          2       0       0       0       0       0       0       0       0       0       0       0       0       0
      Totals:         6       0       0       0       0       0       0       0       0       0       0       0       0       0
Total ram usage:        6 bytes
 Hardware stack levels used:    1
 Hardware stack levels required when called:    1
 This function calls:
		Nothing
 This function is called by:
		_Boot_RxProcess
 This function uses a non-reentrant model


 *************** function _Write_Eep *****************
 Defined at:
		line 16 in file "../drv_eep.c"
 Parameters:    Size  Location     Type
  badd            1    wreg     unsigned char 
  bdata           1    0[COMMON] unsigned char 
 Auto vars:     Size  Location     Type
  badd            1    1[COMMON] unsigned char 
 Return value:  Size  Location     Type
                  1    wreg      void 
 Registers used:
		wreg
 Tracked objects:
		On entry : 
		On exit  : 
		Unchanged: 
 Data sizes:     COMMON   BANK0   BANK1   BANK2   BANK3   BANK4   BANK5   BANK6   BANK7   BANK8   BANK9  BANK10  BANK11  BANK12
      Params:         1       0       0       0       0       0       0       0       0       0       0       0       0       0
      Locals:         1       0       0       0       0       0       0       0       0       0       0       0       0       0
      Temps:          0       0       0       0       0       0       0       0       0       0       0       0       0       0
      Totals:         2       0       0       0       0       0       0       0       0       0       0       0       0       0
Total ram usage:        2 bytes
 Hardware stack levels used:    1
 Hardware stack levels required when called:    1
 This function calls:
		Nothing
 This function is called by:
		_Boot_RxProcess
 This function uses a non-reentrant model


 *************** function _Read_Flash *****************
 Defined at:
		line 33 in file "../drv_eep.c"
 Parameters:    Size  Location     Type
  badd            2    0[COMMON] unsigned short 
 Auto vars:     Size  Location     Type
  result          2    2[COMMON] unsigned short 
 Return value:  Size  Location     Type
                  2    0[COMMON] unsigned short 
 Registers used:
		wreg
 Tracked objects:
		On entry : 
		On exit  : 
		Unchanged: 
 Data sizes:     COMMON   BANK0   BANK1   BANK2   BANK3   BANK4   BANK5   BANK6   BANK7   BANK8   BANK9  BANK10  BANK11  BANK12
      Params:         2       0       0       0       0       0       0       0       0       0       0       0       0       0
      Locals:         2       0       0       0       0       0       0       0       0       0       0       0       0       0
      Temps:          0       0       0       0       0       0       0       0       0       0       0       0       0       0
      Totals:         4       0       0       0       0       0       0       0       0       0       0       0       0       0
Total ram usage:        4 bytes
 Hardware stack levels used:    1
 Hardware stack levels required when called:    1
 This function calls:
		Nothing
 This function is called by:
		_Boot_RxProcess
 This function uses a non-reentrant model


 *************** function _POS_RESP *****************
 Defined at:
		line 33 in file "../bootloader.c"
 Parameters:    Size  Location     Type
  len             1    wreg     unsigned char 
 Auto vars:     Size  Location     Type
  len             1    0[COMMON] unsigned char 
 Return value:  Size  Location     Type
                  1    wreg      void 
 Registers used:
		wreg, status,2, status,0
 Tracked objects:
		On entry : 
		On exit  : 
		Unchanged: 
 Data sizes:     COMMON   BANK0   BANK1   BANK2   BANK3   BANK4   BANK5   BANK6   BANK7   BANK8   BANK9  BANK10  BANK11  BANK12
      Params:         0       0       0       0       0       0       0       0       0       0       0       0       0       0
      Locals:         1       0       0       0       0       0       0       0       0       0       0       0       0       0
      Temps:          0       0       0       0       0       0       0       0       0       0       0       0       0       0
      Totals:         1       0       0       0       0       0       0       0       0       0       0       0       0       0
Total ram usage:        1 bytes
 Hardware stack levels used:    1
 Hardware stack levels required when called:    1
 This function calls:
		Nothing
 This function is called by:
		_Boot_RxProcess
 This function uses a non-reentrant model


 *************** function _Erase_FlashRow *****************
 Defined at:
		line 51 in file "../drv_eep.c"
 Parameters:    Size  Location     Type
  badd            2    0[COMMON] unsigned short 
 Auto vars:     Size  Location     Type
		None
 Return value:  Size  Location     Type
                  1    wreg      void 
 Registers used:
		wreg
 Tracked objects:
		On entry : 
		On exit  : 
		Unchanged: 
 Data sizes:     COMMON   BANK0   BANK1   BANK2   BANK3   BANK4   BANK5   BANK6   BANK7   BANK8   BANK9  BANK10  BANK11  BANK12
      Params:         2       0       0       0       0       0       0       0       0       0       0       0       0       0
      Locals:         0       0       0       0       0       0       0       0       0       0       0       0       0       0
      Temps:          2       0       0       0       0       0       0       0       0       0       0       0       0       0
      Totals:         4       0       0       0       0       0       0       0       0       0       0       0       0       0
Total ram usage:        4 bytes
 Hardware stack levels used:    1
 Hardware stack levels required when called:    1
 This function calls:
		Nothing
 This function is called by:
		_Boot_RxProcess
 This function uses a non-reentrant model


 *************** function _Boot_Init *****************
 Defined at:
		line 46 in file "../bootloader.c"
 Parameters:    Size  Location     Type
		None
 Auto vars:     Size  Location     Type
  i               1   11[COMMON] unsigned char 
  cs              1   10[COMMON] unsigned char 
  ad              1    9[COMMON] unsigned char 
 Return value:  Size  Location     Type
                  1    wreg      void 
 Registers used:
		wreg, fsr0l, fsr0h, fsr1l, fsr1h, status,2, status,0, pclath, cstack
 Tracked objects:
		On entry : 
		On exit  : 
		Unchanged: 
 Data sizes:     COMMON   BANK0   BANK1   BANK2   BANK3   BANK4   BANK5   BANK6   BANK7   BANK8   BANK9  BANK10  BANK11  BANK12
      Params:         0       0       0       0       0       0       0       0       0       0       0       0       0       0
      Locals:         3       0       0       0       0       0       0       0       0       0       0       0       0       0
      Temps:          0       0       0       0       0       0       0       0       0       0       0       0       0       0
      Totals:         3       0       0       0       0       0       0       0       0       0       0       0       0       0
Total ram usage:        3 bytes
 Hardware stack levels used:    1
 Hardware stack levels required when called:    5
 This function calls:
		_MRF89XAInit
		_MRF89XARegisterSet
		_MRF89XASendFrame
		_MRF89XASetRFMode
		_Read_Eep
 This function is called by:
		_main
 This function uses a non-reentrant model


 *************** function _MRF89XASendFrame *****************
 Defined at:
		line 199 in file "../../LIBC/MRF89_Drv/MRF89XA.c"
 Parameters:    Size  Location     Type
		None
 Auto vars:     Size  Location     Type
  i               1    6[COMMON] unsigned char 
 Return value:  Size  Location     Type
                  1    wreg      void 
 Registers used:
		wreg, fsr0l, fsr0h, fsr1l, fsr1h, status,2, status,0, pclath, cstack
 Tracked objects:
		On entry : 
		On exit  : 
		Unchanged: 
 Data sizes:     COMMON   BANK0   BANK1   BANK2   BANK3   BANK4   BANK5   BANK6   BANK7   BANK8   BANK9  BANK10  BANK11  BANK12
      Params:         0       0       0       0       0       0       0       0       0       0       0       0       0       0
      Locals:         1       0       0       0       0       0       0       0       0       0       0       0       0       0
      Temps:          0       0       0       0       0       0       0       0       0       0       0       0       0       0
      Totals:         1       0       0       0       0       0       0       0       0       0       0       0       0       0
Total ram usage:        1 bytes
 Hardware stack levels used:    1
 Hardware stack levels required when called:    4
 This function calls:
		_MRF89XARegisterSet
		_MRF89XASetRFMode
		_WriteFIFO
 This function is called by:
		_Boot_Init
		_Boot_RxProcess
 This function uses a non-reentrant model


 *************** function _WriteFIFO *****************
 Defined at:
		line 226 in file "../../LIBC/MRF89_Drv/MRF89XA.c"
 Parameters:    Size  Location     Type
  Data            1    wreg     unsigned char 
 Auto vars:     Size  Location     Type
  Data            1    2[COMMON] unsigned char 
 Return value:  Size  Location     Type
                  1    wreg      void 
 Registers used:
		wreg, status,2, status,0, pclath, cstack
 Tracked objects:
		On entry : 
		On exit  : 
		Unchanged: 
 Data sizes:     COMMON   BANK0   BANK1   BANK2   BANK3   BANK4   BANK5   BANK6   BANK7   BANK8   BANK9  BANK10  BANK11  BANK12
      Params:         0       0       0       0       0       0       0       0       0       0       0       0       0       0
      Locals:         1       0       0       0       0       0       0       0       0       0       0       0       0       0
      Temps:          0       0       0       0       0       0       0       0       0       0       0       0       0       0
      Totals:         1       0       0       0       0       0       0       0       0       0       0       0       0       0
Total ram usage:        1 bytes
 Hardware stack levels used:    1
 Hardware stack levels required when called:    2
 This function calls:
		_SPI_HF_Put
 This function is called by:
		_MRF89XASendFrame
 This function uses a non-reentrant model


 *************** function _MRF89XAInit *****************
 Defined at:
		line 129 in file "../../LIBC/MRF89_Drv/MRF89XA.c"
 Parameters:    Size  Location     Type
		None
 Auto vars:     Size  Location     Type
  i               1    8[COMMON] unsigned char 
  input           1    7[COMMON] unsigned char 
  res             1    6[COMMON] unsigned char 
 Return value:  Size  Location     Type
                  1    wreg      unsigned char 
 Registers used:
		wreg, fsr0l, fsr0h, status,2, status,0, pclath, cstack
 Tracked objects:
		On entry : 
		On exit  : 
		Unchanged: 
 Data sizes:     COMMON   BANK0   BANK1   BANK2   BANK3   BANK4   BANK5   BANK6   BANK7   BANK8   BANK9  BANK10  BANK11  BANK12
      Params:         0       0       0       0       0       0       0       0       0       0       0       0       0       0
      Locals:         3       0       0       0       0       0       0       0       0       0       0       0       0       0
      Temps:          0       0       0       0       0       0       0       0       0       0       0       0       0       0
      Totals:         3       0       0       0       0       0       0       0       0       0       0       0       0       0
Total ram usage:        3 bytes
 Hardware stack levels used:    1
 Hardware stack levels required when called:    4
 This function calls:
		_MRF89XARegisterRead
		_MRF89XARegisterSet
		_MRF89XASetRFMode
 This function is called by:
		_Boot_Init
 This function uses a non-reentrant model


 *************** function _MRF89XASetRFMode *****************
 Defined at:
		line 241 in file "../../LIBC/MRF89_Drv/MRF89XA.c"
 Parameters:    Size  Location     Type
  mode            1    wreg     unsigned char 
 Auto vars:     Size  Location     Type
  mode            1    5[COMMON] unsigned char 
  mcparam0_rea    1    4[COMMON] unsigned char 
 Return value:  Size  Location     Type
                  1    wreg      void 
 Registers used:
		wreg, fsr0l, fsr0h, status,2, status,0, pclath, cstack
 Tracked objects:
		On entry : 
		On exit  : 
		Unchanged: 
 Data sizes:     COMMON   BANK0   BANK1   BANK2   BANK3   BANK4   BANK5   BANK6   BANK7   BANK8   BANK9  BANK10  BANK11  BANK12
      Params:         0       0       0       0       0       0       0       0       0       0       0       0       0       0
      Locals:         2       0       0       0       0       0       0       0       0       0       0       0       0       0
      Temps:          0       0       0       0       0       0       0       0       0       0       0       0       0       0
      Totals:         2       0       0       0       0       0       0       0       0       0       0       0       0       0
Total ram usage:        2 bytes
 Hardware stack levels used:    1
 Hardware stack levels required when called:    3
 This function calls:
		_MRF89XARegisterSet
 This function is called by:
		_Boot_Init
		_Boot_RxProcess
		_MRF89XAInit
		_MRF89XAStartReception
		_MRF89XASendFrame
		_MRF89XATask
 This function uses a non-reentrant model


 *************** function _MRF89XARegisterSet *****************
 Defined at:
		line 164 in file "../../LIBC/MRF89_Drv/MRF89XA.c"
 Parameters:    Size  Location     Type
  address         1    wreg     unsigned char 
  value           1    2[COMMON] unsigned char 
 Auto vars:     Size  Location     Type
  address         1    3[COMMON] unsigned char 
 Return value:  Size  Location     Type
                  1    wreg      void 
 Registers used:
		wreg, status,2, status,0, pclath, cstack
 Tracked objects:
		On entry : 
		On exit  : 
		Unchanged: 
 Data sizes:     COMMON   BANK0   BANK1   BANK2   BANK3   BANK4   BANK5   BANK6   BANK7   BANK8   BANK9  BANK10  BANK11  BANK12
      Params:         1       0       0       0       0       0       0       0       0       0       0       0       0       0
      Locals:         1       0       0       0       0       0       0       0       0       0       0       0       0       0
      Temps:          0       0       0       0       0       0       0       0       0       0       0       0       0       0
      Totals:         2       0       0       0       0       0       0       0       0       0       0       0       0       0
Total ram usage:        2 bytes
 Hardware stack levels used:    1
 Hardware stack levels required when called:    2
 This function calls:
		_SPI_HF_Put
 This function is called by:
		_Boot_Init
		_MRF89XAInit
		_MRF89XAStartReception
		_MRF89XASendFrame
		_MRF89XASetRFMode
		_MRF89XATask
 This function uses a non-reentrant model


 *************** function _MRF89XARegisterRead *****************
 Defined at:
		line 172 in file "../../LIBC/MRF89_Drv/MRF89XA.c"
 Parameters:    Size  Location     Type
  address         1    wreg     unsigned char 
 Auto vars:     Size  Location     Type
  address         1    3[COMMON] unsigned char 
  value           1    2[COMMON] unsigned char 
 Return value:  Size  Location     Type
                  1    wreg      unsigned char 
 Registers used:
		wreg, status,2, status,0, pclath, cstack
 Tracked objects:
		On entry : 
		On exit  : 
		Unchanged: 
 Data sizes:     COMMON   BANK0   BANK1   BANK2   BANK3   BANK4   BANK5   BANK6   BANK7   BANK8   BANK9  BANK10  BANK11  BANK12
      Params:         0       0       0       0       0       0       0       0       0       0       0       0       0       0
      Locals:         2       0       0       0       0       0       0       0       0       0       0       0       0       0
      Temps:          0       0       0       0       0       0       0       0       0       0       0       0       0       0
      Totals:         2       0       0       0       0       0       0       0       0       0       0       0       0       0
Total ram usage:        2 bytes
 Hardware stack levels used:    1
 Hardware stack levels required when called:    2
 This function calls:
		_SPI_HF_Get
		_SPI_HF_Put
 This function is called by:
		_MRF89XAInit
		_MRF89XAStartReception
		_MRF89XACheckRSSI
		_MRF89XATask
 This function uses a non-reentrant model


 *************** function _SPI_HF_Put *****************
 Defined at:
		line 27 in file "../spi.c"
 Parameters:    Size  Location     Type
  v               1    wreg     unsigned char 
 Auto vars:     Size  Location     Type
  v               1    0[COMMON] unsigned char 
  i               1    1[COMMON] volatile unsigned char 
 Return value:  Size  Location     Type
                  1    wreg      void 
 Registers used:
		wreg
 Tracked objects:
		On entry : 
		On exit  : 
		Unchanged: 
 Data sizes:     COMMON   BANK0   BANK1   BANK2   BANK3   BANK4   BANK5   BANK6   BANK7   BANK8   BANK9  BANK10  BANK11  BANK12
      Params:         0       0       0       0       0       0       0       0       0       0       0       0       0       0
      Locals:         2       0       0       0       0       0       0       0       0       0       0       0       0       0
      Temps:          0       0       0       0       0       0       0       0       0       0       0       0       0       0
      Totals:         2       0       0       0       0       0       0       0       0       0       0       0       0       0
Total ram usage:        2 bytes
 Hardware stack levels used:    1
 Hardware stack levels required when called:    1
 This function calls:
		Nothing
 This function is called by:
		_MRF89XARegisterSet
		_MRF89XARegisterRead
		_WriteFIFO
 This function uses a non-reentrant model


 *************** function _SPI_HF_Get *****************
 Defined at:
		line 55 in file "../spi.c"
 Parameters:    Size  Location     Type
		None
 Auto vars:     Size  Location     Type
  spidata         1    0[COMMON] volatile unsigned char 
 Return value:  Size  Location     Type
                  1    wreg      unsigned char 
 Registers used:
		wreg, status,2
 Tracked objects:
		On entry : 
		On exit  : 
		Unchanged: 
 Data sizes:     COMMON   BANK0   BANK1   BANK2   BANK3   BANK4   BANK5   BANK6   BANK7   BANK8   BANK9  BANK10  BANK11  BANK12
      Params:         0       0       0       0       0       0       0       0       0       0       0       0       0       0
      Locals:         1       0       0       0       0       0       0       0       0       0       0       0       0       0
      Temps:          0       0       0       0       0       0       0       0       0       0       0       0       0       0
      Totals:         1       0       0       0       0       0       0       0       0       0       0       0       0       0
Total ram usage:        1 bytes
 Hardware stack levels used:    1
 Hardware stack levels required when called:    1
 This function calls:
		Nothing
 This function is called by:
		_MRF89XARegisterRead
		_ReadFIFO
 This function uses a non-reentrant model


 *************** function _Boot_CheckValidApp *****************
 Defined at:
		line 38 in file "../bootloader.c"
 Parameters:    Size  Location     Type
		None
 Auto vars:     Size  Location     Type
		None
 Return value:  Size  Location     Type
                  1    wreg      void 
 Registers used:
		wreg, status,2, status,0, pclath, cstack
 Tracked objects:
		On entry : 
		On exit  : 
		Unchanged: 
 Data sizes:     COMMON   BANK0   BANK1   BANK2   BANK3   BANK4   BANK5   BANK6   BANK7   BANK8   BANK9  BANK10  BANK11  BANK12
      Params:         0       0       0       0       0       0       0       0       0       0       0       0       0       0
      Locals:         0       0       0       0       0       0       0       0       0       0       0       0       0       0
      Temps:          0       0       0       0       0       0       0       0       0       0       0       0       0       0
      Totals:         0       0       0       0       0       0       0       0       0       0       0       0       0       0
Total ram usage:        0 bytes
 Hardware stack levels used:    1
 Hardware stack levels required when called:    2
 This function calls:
		_Read_Eep
 This function is called by:
		_main
 This function uses a non-reentrant model


 *************** function _Read_Eep *****************
 Defined at:
		line 5 in file "../drv_eep.c"
 Parameters:    Size  Location     Type
  badd            1    wreg     unsigned char 
 Auto vars:     Size  Location     Type
  badd            1    0[COMMON] unsigned char 
 Return value:  Size  Location     Type
                  1    wreg      unsigned char 
 Registers used:
		wreg
 Tracked objects:
		On entry : 
		On exit  : 
		Unchanged: 
 Data sizes:     COMMON   BANK0   BANK1   BANK2   BANK3   BANK4   BANK5   BANK6   BANK7   BANK8   BANK9  BANK10  BANK11  BANK12
      Params:         0       0       0       0       0       0       0       0       0       0       0       0       0       0
      Locals:         1       0       0       0       0       0       0       0       0       0       0       0       0       0
      Temps:          0       0       0       0       0       0       0       0       0       0       0       0       0       0
      Totals:         1       0       0       0       0       0       0       0       0       0       0       0       0       0
Total ram usage:        1 bytes
 Hardware stack levels used:    1
 Hardware stack levels required when called:    1
 This function calls:
		Nothing
 This function is called by:
		_Boot_CheckValidApp
		_Boot_Init
 This function uses a non-reentrant model


 *************** function _ISR *****************
 Defined at:
		line 131 in file "../main.c"
 Parameters:    Size  Location     Type
		None
 Auto vars:     Size  Location     Type
		None
 Return value:  Size  Location     Type
                  1    wreg      void 
 Registers used:
		None
 Tracked objects:
		On entry : 
		On exit  : 
		Unchanged: 
 Data sizes:     COMMON   BANK0   BANK1   BANK2   BANK3   BANK4   BANK5   BANK6   BANK7   BANK8   BANK9  BANK10  BANK11  BANK12
      Params:         0       0       0       0       0       0       0       0       0       0       0       0       0       0
      Locals:         0       0       0       0       0       0       0       0       0       0       0       0       0       0
      Temps:          0       0       0       0       0       0       0       0       0       0       0       0       0       0
      Totals:         0       0       0       0       0       0       0       0       0       0       0       0       0       0
Total ram usage:        0 bytes
 Hardware stack levels used:    1
 This function calls:
		Nothing
 This function is called by:
		Interrupt level 1
 This function uses a non-reentrant model



MODULE INFORMATION

Module		Function		Class		Link	Load	Size
../main.c
		_ISR           		CODE           	0004	0000	6
		_main          		CODE           	0146	0000	23
		_Clock_Init    		CODE           	02D5	0000	20
		_Ports_Init    		CODE           	02ED	0000	19

../main.c estimated size: 68

../spi.c
		_SPI_HF_Get    		CODE           	02C0	0000	14
		_SPI_HF_Put    		CODE           	029F	0000	14
		_SPI_HF_Init   		CODE           	02FF	0000	15

../spi.c estimated size: 43

../../LIBC/MRF89_Drv/MRF89XA.c
		_MRF89XAStartReception		CODE           	015C	0000	18
		_MRF89XACheckRSSI		CODE           	02E8	0000	6
		_ReadFIFO      		CODE           	01A1	0000	9
		_MRF89XATask   		CODE           	016D	0000	53
		_MRF89XAInit   		CODE           	01A9	0000	60
		_MRF89XASetRFMode		CODE           	028B	0000	21
		_MRF89XASendFrame		CODE           	01F2	0000	48
		_WriteFIFO     		CODE           	02CD	0000	9
		_MRF89XARegisterRead		CODE           	01E4	0000	15
		_MRF89XARegisterSet		CODE           	027F	0000	13

../../LIBC/MRF89_Drv/MRF89XA.c estimated size: 252

../bootloader.c
		_Boot_Init     		CODE           	0221	0000	95
		_POS_RESP      		CODE           	00CE	0000	10
		_Boot_RxProcess		CODE           	000E	0000	193
		_Boot_CheckValidApp		CODE           	02B7	0000	10

../bootloader.c estimated size: 308

../drv_eep.c
		_Read_Eep      		CODE           	02AC	0000	12
		_Write_Eep     		CODE           	0104	0000	19
		_Read_Flash    		CODE           	00EF	0000	22
		_Erase_FlashRow		CODE           	00D7	0000	25
		_Write_FlashHalfRow		CODE           	0116	0000	49

../drv_eep.c estimated size: 127

shared
		PL8            		CODE           	0320	0000	7
		_InitConfigRegs		STRCODE        	032A	0000	33
		__initialization		CODE           	000B	0000	1
		PL2            		CODE           	030D	0000	8
		PL10           		CODE           	0326	0000	5
		PL4            		CODE           	0314	0000	7
		PL6            		CODE           	031A	0000	7

shared estimated size: 68

