Microchip MPLAB XC8 Compiler V1.45 ()

Linker command line:

-W-3 --edf=C:\Program Files (x86)\Microchip\xc8\v1.45\dat\en_msgs.txt -cs \
  -h+dist/Release/production\MRF89XA_Actuator.X.production.sym \
  --cmf=dist/Release/production\MRF89XA_Actuator.X.production.cmf -z \
  -Q16F1847 -oe:\Temp\sbs.2 \
  -Mdist/Release/production/MRF89XA_Actuator.X.production.map -E1 -ver=XC8 \
  -ASTACK=02180h-023efh -pstack=STACK -ACODE=0380h-07FFh,0800h-0FFFhx3 \
  -ASTRCODE=0380h-01FFFh -ASTRING=0380h-03FFh,0400h-04FFhx28 \
  -ACONST=0380h-03FFh,0400h-04FFhx28 -AENTRY=0380h-03FFh,0400h-04FFhx28 \
  -ACOMMON=070h-07Fh -ABANK0=020h-06Fh -ABANK1=0A0h-0EFh \
  -ABANK2=0120h-016Fh -ABANK3=01A0h-01EFh -ABANK4=0220h-026Fh \
  -ABANK5=02A0h-02EFh -ABANK6=0320h-036Fh -ABANK7=03A0h-03EFh \
  -ABANK8=0420h-046Fh -ABANK9=04A0h-04EFh -ABANK10=0520h-056Fh \
  -ABANK11=05A0h-05EFh -ABANK12=0620h-064Fh -ABIGRAM=02000h-023EFh \
  -ARAM=020h-06Fh,0A0h-0EFh,0120h-016Fh,01A0h-01EFh,0220h-026Fh,02A0h-02EFh,0320h-036Fh,03A0h-03EFh,0420h-046Fh,04A0h-04EFh,0520h-056Fh,05A0h-05EFh,0620h-064Fh \
  -AABS1=020h-07Fh,0A0h-0EFh,0120h-016Fh,01A0h-01EFh,0220h-026Fh,02A0h-02EFh,0320h-036Fh,03A0h-03EFh,0420h-046Fh,04A0h-04EFh,0520h-056Fh,05A0h-05EFh,0620h-064Fh \
  -ASFR0=00h-01Fh -ASFR1=080h-09Fh -ASFR2=0100h-011Fh -ASFR3=0180h-019Fh \
  -ASFR4=0200h-021Fh -ASFR5=0280h-029Fh -ASFR6=0300h-031Fh \
  -ASFR7=0380h-039Fh -ASFR8=0400h-041Fh -ASFR9=0480h-049Fh \
  -ASFR10=0500h-051Fh -ASFR11=0580h-059Fh -ASFR12=0600h-061Fh \
  -ASFR13=0680h-06EFh -ASFR14=0700h-076Fh -ASFR15=0780h-07EFh \
  -ASFR16=0800h-086Fh -ASFR17=0880h-08EFh -ASFR18=0900h-096Fh \
  -ASFR19=0980h-09EFh -ASFR20=0A00h-0A6Fh -ASFR21=0A80h-0AEFh \
  -ASFR22=0B00h-0B6Fh -ASFR23=0B80h-0BEFh -ASFR24=0C00h-0C6Fh \
  -ASFR25=0C80h-0CEFh -ASFR26=0D00h-0D6Fh -ASFR27=0D80h-0DEFh \
  -ASFR28=0E00h-0E6Fh -ASFR29=0E80h-0EEFh -ASFR30=0F00h-0F6Fh \
  -ASFR31=0F80h-0FEFh -preset_vec=0380h,intentry=0384h,init,end_init \
  -ppowerup=CODE -pcinit=CODE -pfunctab=ENTRY -ACONFIG=08007h-08008h \
  -pconfig=CONFIG -DCONFIG=2 -AIDLOC=08000h-08003h -pidloc=IDLOC -DIDLOC=2 \
  -AEEDATA=00h-0FFh/0F000h -peeprom_data=EEDATA -DEEDATA=2 -DCODE=2 \
  -DSTRCODE=2 -DSTRING=2 -DCONST=2 -DENTRY=2 -k e:\Temp\sbs.obj \
  dist/Release/production\MRF89XA_Actuator.X.production.obj 

Object code version is 3.11

Machine type is 16F1847



                Name                               Link     Load   Length Selector   Space Scale
e:\Temp\sbs.obj end_init                            3D6      3D6        2      708       0
                reset_vec                           380      380        2      700       0
dist/Release/production\MRF89XA_Actuator.X.production.obj
                cinit                               3D8      3D8        4      708       0
                intentry                            384      384       52      708       0
                text113                            163E     163E        F     2C7C       0
                text112                            15D8     15D8        4     2BB0       0
                text106                            16E9     16E9       2E     2DD2       0
                text105                            1616     1616        C     2C2C       0
                text96                             15F9     15F9        9     2BF2       0
                text92                             1697     1697       17     2D2E       0
                text91                             17C1     17C1       3F     2F82       0
                text90                              868      868       4C     10D0       0
                text88                              7DD      7DD       23      708       0
                text87                             166E     166E       13     2CDC       0
                text84                             1602     1602        A     2C04       0
                text79                              A21      A21       9A     1442       0
                text78                             1717     1717       34     2E2E       0
                text77                             1622     1622        E     2C44       0
                text76                             16AE     16AE       19     2D5C       0
                text74                             15D2     15D2        3     2BA4       0
                text63                              B80      B80      480     1700       0
                text58                              826      826       42     104C       0
                text57                             15E9     15E9        8     2BD2       0
                swtext5                            1000     1000       10     2000       0
                text50                              ABB      ABB       C5     1576       0
                text49                             15DC     15DC        6     2BB8       0
                text48                              801      801       25     1002       0
                text47                             1784     1784       3D     2F08       0
                text45                              800      800        1      708       0
                text43                             165D     165D       11     2CBA       0
                text42                             15D5     15D5        3     2BAA       0
                text37                              998      998       89     1330       0
                text36                             15F1     15F1        8     2BE2       0
                swtext4                            1024     1024        A     2000       0
                text33                              91D      91D       7B     123A       0
                text32                             164D     164D       10     2C9A       0
                text31                             1681     1681       16     2D02       0
                text30                             160C     160C        A     2C18       0
                text29                              5F4      5F4      1E9      708       0
                text22                             16C7     16C7       22     2D8E       0
                text17                              8B4      8B4       69     1168       0
                swtext3                            102E     102E        8     2000       0
                text14                              3DC      3DC      218      708       0
                text13                              382      382        1      700       0
                text10                             174B     174B       39     2E96       0
                text9                              1630     1630        E     2C60       0
                text8                              15E2     15E2        7     2BC4       0
                swtext2                            101A     101A        A     2000       0
                text1                               383      383        1      706       0
                swtext1                            1010     1010        A     2000       0
                cstackBANK0                          59       59       12       20       1
                cstackCOMMON                         70       70        D       70       1
                bssBANK4                            220      220       40      220       1
                bssBANK3                            1A0      1A0       40      1A0       1
                bssBANK2                            120      120       47      120       1
                bssBANK1                             A0       A0       4F       A0       1
                bssBANK0                             20       20       39       20       1
                bssCOMMON                            7D       7D        1       70       1
                nvBANK0                              6B       6B        2       20       1
                stringtext13                       188D     188D        4     3000       0
                stringtext12                       1888     1888        5     3000       0
                stringtext11                       1882     1882        6     3000       0
                stringtext10                       187B     187B        7     3000       0
                stringtext9                        1873     1873        8     3000       0
                stringtext8                        186B     186B        8     3000       0
                stringtext7                        1862     1862        9     3000       0
                stringtext6                        1844     1844        C     3000       0
                stringtext5                        1859     1859        9     3000       0
                stringtext4                        1850     1850        9     3000       0
                stringtext3                        1832     1832       12     3000       0
                stringtext2                        1820     1820       12     3000       0
                stringtext1                        1800     1800       20     3000       0

TOTAL           Name                               Link     Load   Length     Space
        CLASS   STACK          

        CLASS   CODE           
                end_init                            3D6      3D6        2         0
                cinit                               3D8      3D8        4         0
                intentry                            384      384       52         0
                reset_vec                           380      380        2         0
                text113                            163E     163E        F         0
                text112                            15D8     15D8        4         0
                text106                            16E9     16E9       2E         0
                text105                            1616     1616        C         0
                text96                             15F9     15F9        9         0
                text92                             1697     1697       17         0
                text91                             17C1     17C1       3F         0
                text90                              868      868       4C         0
                text88                              7DD      7DD       23         0
                text87                             166E     166E       13         0
                text84                             1602     1602        A         0
                text79                              A21      A21       9A         0
                text78                             1717     1717       34         0
                text77                             1622     1622        E         0
                text76                             16AE     16AE       19         0
                text74                             15D2     15D2        3         0
                text63                              B80      B80      480         0
                text58                              826      826       42         0
                text57                             15E9     15E9        8         0
                text50                              ABB      ABB       C5         0
                text49                             15DC     15DC        6         0
                text48                              801      801       25         0
                text47                             1784     1784       3D         0
                text45                              800      800        1         0
                text43                             165D     165D       11         0
                text42                             15D5     15D5        3         0
                text37                              998      998       89         0
                text36                             15F1     15F1        8         0
                text33                              91D      91D       7B         0
                text32                             164D     164D       10         0
                text31                             1681     1681       16         0
                text30                             160C     160C        A         0
                text29                              5F4      5F4      1E9         0
                text22                             16C7     16C7       22         0
                text17                              8B4      8B4       69         0
                text14                              3DC      3DC      218         0
                text13                              382      382        1         0
                text10                             174B     174B       39         0
                text9                              1630     1630        E         0
                text8                              15E2     15E2        7         0
                text1                               383      383        1         0

        CLASS   STRCODE        
                stringtext13                       188D     188D        4         0
                stringtext12                       1888     1888        5         0
                stringtext11                       1882     1882        6         0
                stringtext10                       187B     187B        7         0
                stringtext9                        1873     1873        8         0
                stringtext8                        186B     186B        8         0
                stringtext7                        1862     1862        9         0
                stringtext6                        1844     1844        C         0
                stringtext5                        1859     1859        9         0
                stringtext4                        1850     1850        9         0
                stringtext3                        1832     1832       12         0
                stringtext2                        1820     1820       12         0
                stringtext1                        1800     1800       20         0

        CLASS   STRING         

        CLASS   CONST          
                swtext5                            1000     1000       10         0
                swtext4                            1024     1024        A         0
                swtext3                            102E     102E        8         0
                swtext2                            101A     101A        A         0
                swtext1                            1010     1010        A         0

        CLASS   ENTRY          

        CLASS   COMMON         
                cstackCOMMON                         70       70        D         1
                bssCOMMON                            7D       7D        1         1

        CLASS   BANK0          
                cstackBANK0                          59       59       12         1
                bssBANK0                             20       20       39         1
                nvBANK0                              6B       6B        2         1

        CLASS   BANK1          
                bssBANK1                             A0       A0       4F         1

        CLASS   BANK2          
                bssBANK2                            120      120       47         1

        CLASS   BANK3          
                bssBANK3                            1A0      1A0       40         1

        CLASS   BANK4          
                bssBANK4                            220      220       40         1

        CLASS   BANK5          

        CLASS   BANK6          

        CLASS   BANK7          

        CLASS   BANK8          

        CLASS   BANK9          

        CLASS   BANK10         

        CLASS   BANK11         

        CLASS   BANK12         

        CLASS   BIGRAM         

        CLASS   RAM            

        CLASS   ABS1           
                abs_s1                               7E       7E        2         1

        CLASS   SFR0           

        CLASS   SFR1           

        CLASS   SFR2           

        CLASS   SFR3           

        CLASS   SFR4           

        CLASS   SFR5           

        CLASS   SFR6           

        CLASS   SFR7           

        CLASS   SFR8           

        CLASS   SFR9           

        CLASS   SFR10          

        CLASS   SFR11          

        CLASS   SFR12          

        CLASS   SFR13          

        CLASS   SFR14          

        CLASS   SFR15          

        CLASS   SFR16          

        CLASS   SFR17          

        CLASS   SFR18          

        CLASS   SFR19          

        CLASS   SFR20          

        CLASS   SFR21          

        CLASS   SFR22          

        CLASS   SFR23          

        CLASS   SFR24          

        CLASS   SFR25          

        CLASS   SFR26          

        CLASS   SFR27          

        CLASS   SFR28          

        CLASS   SFR29          

        CLASS   SFR30          

        CLASS   SFR31          

        CLASS   CONFIG         

        CLASS   IDLOC          

        CLASS   EEDATA         

        CLASS   BANK31         

        CLASS   BANK30         

        CLASS   BANK29         

        CLASS   BANK28         

        CLASS   BANK27         

        CLASS   BANK26         

        CLASS   BANK25         

        CLASS   BANK24         

        CLASS   BANK23         

        CLASS   BANK22         

        CLASS   BANK21         

        CLASS   BANK20         

        CLASS   BANK19         

        CLASS   BANK18         

        CLASS   BANK17         

        CLASS   BANK16         

        CLASS   BANK15         

        CLASS   BANK14         

        CLASS   BANK13         



SEGMENTS        Name                           Load    Length   Top    Selector   Space  Class     Delta

                bssBANK0                       000020  00004D  00006D        20       1  BANK0       1
                cstackCOMMON                   000070  00000E  00007E        70       1  COMMON      1
                bssBANK1                       0000A0  00004F  0000EF        A0       1  BANK1       1
                bssBANK2                       000120  000047  000167       120       1  BANK2       1
                bssBANK3                       0001A0  000040  0001E0       1A0       1  BANK3       1
                bssBANK4                       000220  000040  000260       220       1  BANK4       1
                reset_vec                      000380  000003  000383       700       0  CODE        2
                text1                          000383  000001  000384       706       0  CODE        2
                intentry                       000384  00047D  000801       708       0  CODE        2
                text48                         000801  000025  000826      1002       0  CODE        2
                text58                         000826  000042  000868      104C       0  CODE        2
                text90                         000868  00004C  0008B4      10D0       0  CODE        2
                text17                         0008B4  000069  00091D      1168       0  CODE        2
                text33                         00091D  00007B  000998      123A       0  CODE        2
                text37                         000998  000089  000A21      1330       0  CODE        2
                text79                         000A21  00009A  000ABB      1442       0  CODE        2
                text50                         000ABB  0000C5  000B80      1576       0  CODE        2
                text63                         000B80  000480  001000      1700       0  CODE        2
                swtext5                        001000  000036  001036      2000       0  CONST       2
                text74                         0015D2  000003  0015D5      2BA4       0  CODE        2
                text42                         0015D5  000003  0015D8      2BAA       0  CODE        2
                text112                        0015D8  000004  0015DC      2BB0       0  CODE        2
                text49                         0015DC  000006  0015E2      2BB8       0  CODE        2
                text8                          0015E2  000007  0015E9      2BC4       0  CODE        2
                text57                         0015E9  000008  0015F1      2BD2       0  CODE        2
                text36                         0015F1  000008  0015F9      2BE2       0  CODE        2
                text96                         0015F9  000009  001602      2BF2       0  CODE        2
                text84                         001602  00000A  00160C      2C04       0  CODE        2
                text30                         00160C  00000A  001616      2C18       0  CODE        2
                text105                        001616  00000C  001622      2C2C       0  CODE        2
                text77                         001622  00000E  001630      2C44       0  CODE        2
                text9                          001630  00000E  00163E      2C60       0  CODE        2
                text113                        00163E  00000F  00164D      2C7C       0  CODE        2
                text32                         00164D  000010  00165D      2C9A       0  CODE        2
                text43                         00165D  000011  00166E      2CBA       0  CODE        2
                text87                         00166E  000013  001681      2CDC       0  CODE        2
                text31                         001681  000016  001697      2D02       0  CODE        2
                text92                         001697  000017  0016AE      2D2E       0  CODE        2
                text76                         0016AE  000019  0016C7      2D5C       0  CODE        2
                text22                         0016C7  000022  0016E9      2D8E       0  CODE        2
                text106                        0016E9  00002E  001717      2DD2       0  CODE        2
                text78                         001717  000034  00174B      2E2E       0  CODE        2
                text10                         00174B  000039  001784      2E96       0  CODE        2
                text47                         001784  00003D  0017C1      2F08       0  CODE        2
                text91                         0017C1  00003F  001800      2F82       0  CODE        2
                stringtext1                    001800  000091  001891      3000       0  STRCODE     2


UNUSED ADDRESS RANGES

        Name                Unused          Largest block    Delta
        BANK0            006D-006F              3           1
        BANK1            00EF-00EF              1           1
        BANK10           0520-056F             50           1
        BANK11           05A0-05EF             50           1
        BANK12           0620-064F             30           1
        BANK2            0167-016F              9           1
        BANK3            01E0-01EF             10           1
        BANK4            0260-026F             10           1
        BANK5            02A0-02EF             50           1
        BANK6            0320-036F             50           1
        BANK7            03A0-03EF             50           1
        BANK8            0420-046F             50           1
        BANK9            04A0-04EF             50           1
        BIGRAM           2000-23EF            3F0           1
        CODE             1036-15D1            59C           2
                         1891-1FFF            76F
        CONFIG           8007-8008              2           2
        CONST            1036-15D1            100           2
                         1891-1FFF            100
        EEDATA           F000-F0FF            100           2
        ENTRY            1036-15D1            100           2
                         1891-1FFF            100
        IDLOC            8000-8003              4           2
        RAM              006D-006F              3           1
                         00EF-00EF              1
                         0167-016F              9
                         01E0-01EF             10
                         0260-026F             10
                         02A0-02EF             50
                         0320-036F             50
                         03A0-03EF             50
                         0420-046F             50
                         04A0-04EF             50
                         0520-056F             50
                         05A0-05EF             50
                         0620-064F             30
        SFR0             0000-001F             20           1
        SFR1             0080-009F             20           1
        SFR10            0500-051F             20           1
        SFR11            0580-059F             20           1
        SFR12            0600-061F             20           1
        SFR13            0680-06EF             70           1
        SFR14            0700-076F             70           1
        SFR15            0780-07EF             70           1
        SFR16            0800-086F             70           1
        SFR17            0880-08EF             70           1
        SFR18            0900-096F             70           1
        SFR19            0980-09EF             70           1
        SFR2             0100-011F             20           1
        SFR20            0A00-0A6F             70           1
        SFR21            0A80-0AEF             70           1
        SFR22            0B00-0B6F             70           1
        SFR23            0B80-0BEF             70           1
        SFR24            0C00-0C6F             70           1
        SFR25            0C80-0CEF             70           1
        SFR26            0D00-0D6F             70           1
        SFR27            0D80-0DEF             70           1
        SFR28            0E00-0E6F             70           1
        SFR29            0E80-0EEF             70           1
        SFR3             0180-019F             20           1
        SFR30            0F00-0F6F             70           1
        SFR31            0F80-0FEF             70           1
        SFR4             0200-021F             20           1
        SFR5             0280-029F             20           1
        SFR6             0300-031F             20           1
        SFR7             0380-039F             20           1
        SFR8             0400-041F             20           1
        SFR9             0480-049F             20           1
        STACK            2180-23EF            270           1
        STRCODE          1036-15D1            59C           2
                         1891-1FFF            76F
        STRING           1036-15D1            100           2
                         1891-1FFF            100

                                  Symbol Table

?_Rtn_GetLoad1Power              cstackCOMMON 0071
?_Rtn_GetLoad2Power              cstackCOMMON 0070
?___awdiv                        cstackCOMMON 0070
?___lmul                         cstackCOMMON 0070
CTRL_CheckProgPIR@bres           cstackCOMMON 0070
CTRL_DiagCtrl@c                  cstackCOMMON 0070
DS18B20@delay                    bssBANK0     0034
DS18B20@state                    bssBANK0     0035
DS_Read@bitMask                  cstackCOMMON 0073
DS_Read@r                        cstackCOMMON 0072
DS_Read_bit@i                    cstackCOMMON 0071
DS_Read_bit@r                    cstackCOMMON 0070
DS_Reset@i                       cstackCOMMON 0071
DS_Reset@r                       cstackCOMMON 0070
DS_Write@i                       cstackCOMMON 0073
DS_Write@v                       cstackCOMMON 0072
DS_Write_bit@i                   cstackCOMMON 0071
DS_Write_bit@v                   cstackCOMMON 0070
I2C_Read@ACK                     cstackCOMMON 0070
I2C_Read@i                       cstackCOMMON 0072
I2C_Read@v                       cstackCOMMON 0071
I2C_Start@AddrCMD                cstackCOMMON 0072
I2C_Write@data                   cstackCOMMON 0070
I2C_Write@i                      cstackCOMMON 0071
IO_SetPhotomosSync@cmd           cstackCOMMON 0070
IO_SetRelSync@cmd                cstackCOMMON 0070
IO_StartTimer1@Time              cstackCOMMON 0070
IO_StartTimer2@Time              cstackCOMMON 0070
MRF89XAInit@i                    cstackCOMMON 0077
MRF89XAInit@input                cstackCOMMON 0076
MRF89XAInit@res                  cstackCOMMON 0075
MRF89XARegisterRead@address      cstackCOMMON 0072
MRF89XARegisterRead@value        cstackCOMMON 0071
MRF89XARegisterSet@address       cstackCOMMON 0072
MRF89XARegisterSet@value         cstackCOMMON 0071
MRF89XASendFrame@i               cstackCOMMON 0075
MRF89XASetRFMode@mcparam0_read   cstackCOMMON 0073
MRF89XASetRFMode@mode            cstackCOMMON 0074
MRF89XAStartReception@i          cstackCOMMON 0075
MRF89XATask@i                    cstackCOMMON 0076
MRF89XATask@k                    cstackCOMMON 0075
NEG_RESP@c                       cstackCOMMON 0070
NVM_GetBlockLenght@Block         cstackCOMMON 0070
NVM_IsIdle@i                     cstackCOMMON 0070
NVM_ReadBlockData@Block          cstackCOMMON 0074
NVM_ReadBlockData@offset         cstackCOMMON 0070
NVM_ReadBlockData@pr             cstackCOMMON 0075
NVM_Task@i                       cstackCOMMON 0074
NVM_WriteBlock@BlockIndex        cstackCOMMON 0070
NVM_WriteBlockData@Block         cstackCOMMON 0078
NVM_WriteBlockData@data          cstackCOMMON 0071
NVM_WriteBlockData@offset        cstackCOMMON 0070
NVM_WriteBlockData@pr            cstackCOMMON 0076
POS_RESP@len                     cstackCOMMON 0070
PRG_Task1s@bitn                  cstackCOMMON 007C
PRG_Task1s@temp                  cstackCOMMON 007B
ROL@num                          cstackCOMMON 0070
RTC_BCD2DEC@x                    cstackCOMMON 0074
RTC_BCD2DEC@y                    cstackCOMMON 0073
RTC_TimeToNumber@r               cstackCOMMON 0079
ReadFIFO@value                   cstackCOMMON 0070
Read_Eep@badd                    cstackCOMMON 0070
RelBS_IsIdle@bRet                cstackCOMMON 0070
RelBS_Request@breq               cstackCOMMON 0070
RelPM_Request@breq               cstackCOMMON 0071
RelTV_Request@breq               cstackCOMMON 0070
Rel_IsIdle@res                   cstackCOMMON 0071
Rel_IsOn@res                     cstackCOMMON 0070
Rel_Request@PWM                  cstackCOMMON 0072
ReloadTime@bLocal                cstackCOMMON 0070
SPI_HF_Put@v                     cstackCOMMON 0070
Si7021_Task@i                    cstackBANK0  005B
Si7021_Task@val_raw              cstackBANK0  0059
UDS_CompareKey@s1                cstackCOMMON 0071
UDS_RDBID@i                      cstackCOMMON 0078
UDS_RDBID@k                      cstackCOMMON 007A
UDS_WDBID@i                      cstackCOMMON 007A
UDS_WDBID@j                      cstackCOMMON 0079
UDS_WDBID@k                      cstackCOMMON 007B
WriteFIFO@Data                   cstackCOMMON 0071
WriteNVMBlockSync@block          cstackCOMMON 0075
Write_Eep@SAVEICON               cstackCOMMON 0072
Write_Eep@badd                   cstackCOMMON 0071
Write_Eep@bdata                  cstackCOMMON 0070
_ANSELA                          (abs)        018C
_ANSELB                          (abs)        018D
_APFCON0                         (abs)        011D
_ByteCount                       bssBANK0     004A
_C1IE                            (abs)        0495
_C1IF                            (abs)        0095
_CM1CON0                         (abs)        0111
_CM1CON0bits                     (abs)        0111
_CM1CON1                         (abs)        0112
_CSm                             bssBANK0     004B
_CTRL_CheckProgPIR               text63       0DAC
_CTRL_DiagCtrl                   text29       0690
_CTRL_Init                       text63       0D82
_CTRL_OnACTSignal                text92       1697
_CTRL_OnSWSignal                 text91       17C1
_CTRL_Task                       text63       0D8B
_CTRL_Task1s                     text63       0DC6
_Calc_Key                        text79       0A83
_Clock_Init                      text106      16E9
_ComData                         bssBANK1     00A0
_ComTxData                       bssBANK1     00B3
_Comm_Init                       text63       0E00
_Comm_InitMRF                    text63       0F32
_Comm_IsAlreadyReceived          text90       0868
_Comm_OnIdle                     text63       0E2B
_Comm_PrepareTransmit            text58       0861
_Comm_RxProcess                  text63       0B80
_Comm_Task                       text58       0826
_Comm_TaskSlow                   text57       15E9
_CurrentBlock                    bssCOMMON    007D
_DS18B20_Init                    text50       0B1F
_DS18B20_Task                    text50       0ABB
_DS18B20_temp                    bssBANK0     002A
_DS_Read                         text50       0B0E
_DS_Read_bit                     text50       0B23
_DS_Reset                        text50       0B5B
_DS_Write                        text50       0B01
_DS_Write_bit                    text50       0B3B
_DateTime                        bssBANK1     00C1
_EEADR                           (abs)        0191
_EECON1bits                      (abs)        0195
_EECON2                          (abs)        0196
_EEDATL                          (abs)        0193
_FVRCON                          (abs)        0117
_GetRIRLevel                     text33       0972
_I2C_Init                        text49       15DC
_I2C_Read                        text14       04E4
_I2C_Start                       text14       04DC
_I2C_Stop                        text14       0529
_I2C_Write                       text14       0507
_INTCON                          (abs)        000B
_INTCONbits                      (abs)        000B
_IO_Init                         text48       0801
_IO_SetPhotomosSync              text113      1640
_IO_SetRelSync                   text14       05F0
_IO_StartTimer1                  text63       0F9C
_IO_StartTimer2                  text17       0914
_IO_TaskFast                     text47       1784
_IO_TaskIdle                     text63       0FFF
_IO_TaskSlow                     text45       0800
_ISR                             intentry     0384
_InitConfigRegs                  stringtext1  1800
_LATA                            (abs)        010C
_LATAbits                        (abs)        010C
_LATB                            (abs)        010D
_LATBbits                        (abs)        010D
_MRF89XACheckRSSI                text63       0F81
_MRF89XAInit                     text63       0EAF
_MRF89XARegisterRead             text63       0EF0
_MRF89XARegisterSet              text63       0F55
_MRF89XASendFrame                text63       0EFE
_MRF89XASetRFMode                text63       0F61
_MRF89XAStartReception           text63       0E56
_MRF89XATask                     text63       0E67
_MRF89XA_Error                   bssBANK0     0046
_MRF89XA_RSSI                    bssBANK0     004F
_NEG_RESP                        text63       0C3D
_NVMState                        bssBANK0     0048
_NVM_BlockAddr                   stringtext4  1850
_NVM_BlockRAM                    stringtext3  1832
_NVM_BlockROM                    stringtext2  1820
_NVM_BlockSize                   stringtext5  1859
_NVM_BlockStatus                 bssBANK2     0120
_NVM_GetBlockLenght              text77       1622
_NVM_Init                        text29       0616
_NVM_IsIdle                      text43       165D
_NVM_ReadBlockData               text76       16AE
_NVM_Task                        text29       073F
_NVM_WriteBlock                  text29       06B0
_NVM_WriteBlockData              text29       0662
_OPTION_REG                      (abs)        0095
_OSCCONbits                      (abs)        0099
_PEIE                            (abs)        005E
_PIE1                            (abs)        0091
_PIE2                            (abs)        0092
_PORTB                           (abs)        000D
_PORTBbits                       (abs)        000D
_POS_RESP                        text63       0FE1
_PR2                             (abs)        001B
_PR4                             (abs)        0416
_PR6                             (abs)        041D
_PRG_Init                        text42       15D5
_PRG_IsOnTime                    text63       0DA9
_PRG_Task1s                      text37       0998
_PRS_Init                        text36       15F1
_PRS_OnPIRFrame                  text88       07DD
_PRS_RoomPresence                text63       0DC0
_PRS_Task                        text33       091D
_PRS_Task1s                      text32       164D
_Ports_Init                      text31       1681
_PrepBlockData                   text29       070C
_PresenceOff                     bssBANK0     003E
_PresenceTime                    bssBANK0     002E
_RAM_ACTMODE                     bssBANK1     00D9
_RAM_LOADPOWER                   bssBANK1     00EB
_RAM_NWID                        bssBANK1     00E6
_RAM_PIRDATA                     bssBANK1     00C8
_RAM_RUNTIME                     bssBANK1     00D1
_RAM_SWITCHDATA                  bssBANK1     00E0
_RAM_THERMO                      bssBANK2     015F
_RAM_TIMEPROGRAM                 bssBANK2     0153
_RAM_TIMEPROGRAM2                bssBANK2     0147
_RF_Mode                         bssBANK0     0047
_ROL                             text79       0AA8
_ROM_ACTMODE                     stringtext10 187B
_ROM_LOADPOWER                   stringtext13 188D
_ROM_NWID                        stringtext12 1888
_ROM_PIRDATA                     stringtext7  1862
_ROM_RUNTIME                     stringtext8  186B
_ROM_SWITCHDATA                  stringtext11 1882
_ROM_THERMO                      stringtext9  1873
_ROM_TIMEPROGRAM                 stringtext6  1844
_RTC_BCD2DEC                     text37       09DA
_RTC_Init                        text30       160C
_RTC_OnRTCFrame                  text87       166E
_RTC_Status                      bssBANK0     004E
_RTC_TaskSlow                    text29       05F4
_RTC_TimeToNumber                text37       09CB
_ReadBlock                       text29       06B7
_ReadFIFO                        text63       0EA6
_Read_Eep                        text29       07BA
_RelBS_GetState                  text63       0FFC
_RelBS_Init                      text14       03FF
_RelBS_IsIdle                    text22       16DF
_RelBS_IsOn                      text63       0FDB
_RelBS_Request                   text63       0FED
_RelBS_Task                      text17       08C7
_RelPM_Init                      text14       0408
_RelPM_Request                   text113      163E
_RelPM_Task                      text17       091B
_RelState                        bssBANK0     0045
_RelStatus                       bssBANK0     0044
_RelTV_Init                      text14       040F
_RelTV_IsOn                      text63       0FF7
_RelTV_Request                   text112      15D8
_RelTV_Task                      text17       091C
_RelTV_Task1s                    text14       0558
_Rel_GetPWM                      text74       15D2
_Rel_Init                        text14       03E2
_Rel_IsIdle                      text22       16C7
_Rel_IsOn                        text63       0DDE
_Rel_Request                     text63       0FA6
_Rel_Task                        text17       08B4
_Rel_Task1s                      text14       03DC
_ReloadTime                      text33       0979
_RequestReset                    text29       060B
_Rnt_Init                        text13       0382
_Rnt_Task1Sec                    text10       174B
_Rtn_GetLoad1Power               text10       1772
_Rtn_GetLoad2Power               text10       1781
_Rut_OnClearPower                text84       1602
_RxPacket                        bssBANK3     01A0
_SPI_HF_Get                      text105      1616
_SPI_HF_Init                     text9        1630
_SPI_HF_Put                      text63       0F75
_SSP1BUF                         (abs)        0211
_SSP1CON1                        (abs)        0215
_SSP1CON1bits                    (abs)        0215
_SSP1CON2                        (abs)        0216
_SSP1CON3                        (abs)        0217
_SSP1IE                          (abs)        048B
_SSP1IF                          (abs)        008B
_SSP1STAT                        (abs)        0214
_SW1buf                          bssBANK0     0053
_SW2buf                          bssBANK0     0052
_SWdeb1                          bssBANK0     0051
_SWdeb2                          bssBANK0     0050
_Si7021_Hum                      bssBANK0     004D
_Si7021_Init                     text8        15E2
_Si7021_Task                     text14       0416
_Si7021_Temp                     bssBANK0     002C
_T2CON                           (abs)        001C
_T2CONbits                       (abs)        001C
_T4CON                           (abs)        0417
_T4CONbits                       (abs)        0417
_T6CON                           (abs)        041E
_T6CONbits                       (abs)        041E
_TMR0                            (abs)        0015
_TMR0IE                          (abs)        005D
_TMR0IF                          (abs)        005A
_TMR2IE                          (abs)        0489
_TMR2IF                          (abs)        0089
_TMR4IE                          (abs)        0499
_TMR4IF                          (abs)        0099
_TMR6IE                          (abs)        049B
_TMR6IF                          (abs)        009B
_TRISA                           (abs)        008C
_TRISAbits                       (abs)        008C
_TRISB                           (abs)        008D
_TRISBbits                       (abs)        008D
_TransmitFrame                   text63       0F86
_TxPacket                        bssBANK4     0220
_UDS_CompareKey                  text79       0A21
_UDS_GetSeed                     text78       1717
_UDS_Init                        text1        0383
_UDS_RDBID                       text63       0C4A
_UDS_WDBID                       text29       0623
_WPUB                            (abs)        020D
_WPUB7                           (abs)        106F
_WorkBuff                        bssBANK2     0129
_WriteFIFO                       text96       15F9
_WriteNVMBlockSync               text29       06A3
_Write_Eep                       text29       07C5
__Habs1                          abs1         0000
__Hbank0                         bank0        0000
__Hbank1                         bank1        0000
__Hbank10                        bank10       0000
__Hbank11                        bank11       0000
__Hbank12                        bank12       0000
__Hbank13                        bank13       0000
__Hbank14                        bank14       0000
__Hbank15                        bank15       0000
__Hbank16                        bank16       0000
__Hbank17                        bank17       0000
__Hbank18                        bank18       0000
__Hbank19                        bank19       0000
__Hbank2                         bank2        0000
__Hbank20                        bank20       0000
__Hbank21                        bank21       0000
__Hbank22                        bank22       0000
__Hbank23                        bank23       0000
__Hbank24                        bank24       0000
__Hbank25                        bank25       0000
__Hbank26                        bank26       0000
__Hbank27                        bank27       0000
__Hbank28                        bank28       0000
__Hbank29                        bank29       0000
__Hbank3                         bank3        0000
__Hbank30                        bank30       0000
__Hbank31                        bank31       0000
__Hbank4                         bank4        0000
__Hbank5                         bank5        0000
__Hbank6                         bank6        0000
__Hbank7                         bank7        0000
__Hbank8                         bank8        0000
__Hbank9                         bank9        0000
__Hbigram                        bigram       0000
__HbssBANK0                      bssBANK0     0000
__HbssBANK1                      bssBANK1     0000
__HbssBANK2                      bssBANK2     0000
__HbssBANK3                      bssBANK3     0000
__HbssBANK4                      bssBANK4     0000
__HbssCOMMON                     bssCOMMON    0000
__Hcinit                         cinit        03DC
__Hclrtext                       clrtext      0000
__Hcode                          code         0000
__Hcommon                        common       0000
__Hconfig                        config       0000
__HcstackBANK0                   cstackBANK0  0000
__HcstackCOMMON                  cstackCOMMON 0000
__Heeprom_data                   eeprom_data  0000
__Hend_init                      end_init     03D8
__Hfunctab                       functab      0000
__Hidloc                         idloc        0000
__Hinit                          init         03D6
__Hintentry                      intentry     03D6
__Hmaintext                      maintext     0000
__HnvBANK0                       nvBANK0      0000
__Hpa_nodes0                     pa_nodes0    0000
__Hpowerup                       powerup      0000
__Hram                           ram          0000
__Hreset_vec                     reset_vec    0382
__Hsfr0                          sfr0         0000
__Hsfr1                          sfr1         0000
__Hsfr10                         sfr10        0000
__Hsfr11                         sfr11        0000
__Hsfr12                         sfr12        0000
__Hsfr13                         sfr13        0000
__Hsfr14                         sfr14        0000
__Hsfr15                         sfr15        0000
__Hsfr16                         sfr16        0000
__Hsfr17                         sfr17        0000
__Hsfr18                         sfr18        0000
__Hsfr19                         sfr19        0000
__Hsfr2                          sfr2         0000
__Hsfr20                         sfr20        0000
__Hsfr21                         sfr21        0000
__Hsfr22                         sfr22        0000
__Hsfr23                         sfr23        0000
__Hsfr24                         sfr24        0000
__Hsfr25                         sfr25        0000
__Hsfr26                         sfr26        0000
__Hsfr27                         sfr27        0000
__Hsfr28                         sfr28        0000
__Hsfr29                         sfr29        0000
__Hsfr3                          sfr3         0000
__Hsfr30                         sfr30        0000
__Hsfr31                         sfr31        0000
__Hsfr4                          sfr4         0000
__Hsfr5                          sfr5         0000
__Hsfr6                          sfr6         0000
__Hsfr7                          sfr7         0000
__Hsfr8                          sfr8         0000
__Hsfr9                          sfr9         0000
__Hspace_0                       (abs)        1891
__Hspace_1                       (abs)        0260
__Hspace_2                       (abs)        0000
__Hspace_3                       (abs)        0000
__Hstack                         stack        0000
__Hstrings                       strings      0000
__Hstringtext1                   stringtext1  0000
__Hstringtext10                  stringtext10 0000
__Hstringtext11                  stringtext11 0000
__Hstringtext12                  stringtext12 0000
__Hstringtext13                  stringtext13 0000
__Hstringtext2                   stringtext2  0000
__Hstringtext3                   stringtext3  0000
__Hstringtext4                   stringtext4  0000
__Hstringtext5                   stringtext5  0000
__Hstringtext6                   stringtext6  0000
__Hstringtext7                   stringtext7  0000
__Hstringtext8                   stringtext8  0000
__Hstringtext9                   stringtext9  0000
__Htext                          text         0000
__Labs1                          abs1         0000
__Lbank0                         bank0        0000
__Lbank1                         bank1        0000
__Lbank10                        bank10       0000
__Lbank11                        bank11       0000
__Lbank12                        bank12       0000
__Lbank13                        bank13       0000
__Lbank14                        bank14       0000
__Lbank15                        bank15       0000
__Lbank16                        bank16       0000
__Lbank17                        bank17       0000
__Lbank18                        bank18       0000
__Lbank19                        bank19       0000
__Lbank2                         bank2        0000
__Lbank20                        bank20       0000
__Lbank21                        bank21       0000
__Lbank22                        bank22       0000
__Lbank23                        bank23       0000
__Lbank24                        bank24       0000
__Lbank25                        bank25       0000
__Lbank26                        bank26       0000
__Lbank27                        bank27       0000
__Lbank28                        bank28       0000
__Lbank29                        bank29       0000
__Lbank3                         bank3        0000
__Lbank30                        bank30       0000
__Lbank31                        bank31       0000
__Lbank4                         bank4        0000
__Lbank5                         bank5        0000
__Lbank6                         bank6        0000
__Lbank7                         bank7        0000
__Lbank8                         bank8        0000
__Lbank9                         bank9        0000
__Lbigram                        bigram       0000
__LbssBANK0                      bssBANK0     0000
__LbssBANK1                      bssBANK1     0000
__LbssBANK2                      bssBANK2     0000
__LbssBANK3                      bssBANK3     0000
__LbssBANK4                      bssBANK4     0000
__LbssCOMMON                     bssCOMMON    0000
__Lcinit                         cinit        03D8
__Lclrtext                       clrtext      0000
__Lcode                          code         0000
__Lcommon                        common       0000
__Lconfig                        config       0000
__LcstackBANK0                   cstackBANK0  0000
__LcstackCOMMON                  cstackCOMMON 0000
__Leeprom_data                   eeprom_data  0000
__Lend_init                      end_init     03D6
__Lfunctab                       functab      0000
__Lidloc                         idloc        0000
__Linit                          init         03D6
__Lintentry                      intentry     0384
__Lmaintext                      maintext     0000
__LnvBANK0                       nvBANK0      0000
__Lpa_nodes0                     pa_nodes0    0000
__Lpowerup                       powerup      0000
__Lram                           ram          0000
__Lreset_vec                     reset_vec    0380
__Lsfr0                          sfr0         0000
__Lsfr1                          sfr1         0000
__Lsfr10                         sfr10        0000
__Lsfr11                         sfr11        0000
__Lsfr12                         sfr12        0000
__Lsfr13                         sfr13        0000
__Lsfr14                         sfr14        0000
__Lsfr15                         sfr15        0000
__Lsfr16                         sfr16        0000
__Lsfr17                         sfr17        0000
__Lsfr18                         sfr18        0000
__Lsfr19                         sfr19        0000
__Lsfr2                          sfr2         0000
__Lsfr20                         sfr20        0000
__Lsfr21                         sfr21        0000
__Lsfr22                         sfr22        0000
__Lsfr23                         sfr23        0000
__Lsfr24                         sfr24        0000
__Lsfr25                         sfr25        0000
__Lsfr26                         sfr26        0000
__Lsfr27                         sfr27        0000
__Lsfr28                         sfr28        0000
__Lsfr29                         sfr29        0000
__Lsfr3                          sfr3         0000
__Lsfr30                         sfr30        0000
__Lsfr31                         sfr31        0000
__Lsfr4                          sfr4         0000
__Lsfr5                          sfr5         0000
__Lsfr6                          sfr6         0000
__Lsfr7                          sfr7         0000
__Lsfr8                          sfr8         0000
__Lsfr9                          sfr9         0000
__Lspace_0                       (abs)        0000
__Lspace_1                       (abs)        0000
__Lspace_2                       (abs)        0000
__Lspace_3                       (abs)        0000
__Lstack                         stack        0000
__Lstrings                       strings      0000
__Lstringtext1                   stringtext1  0000
__Lstringtext10                  stringtext10 0000
__Lstringtext11                  stringtext11 0000
__Lstringtext12                  stringtext12 0000
__Lstringtext13                  stringtext13 0000
__Lstringtext2                   stringtext2  0000
__Lstringtext3                   stringtext3  0000
__Lstringtext4                   stringtext4  0000
__Lstringtext5                   stringtext5  0000
__Lstringtext6                   stringtext6  0000
__Lstringtext7                   stringtext7  0000
__Lstringtext8                   stringtext8  0000
__Lstringtext9                   stringtext9  0000
__Ltext                          text         0000
__S0                             (abs)        1891
__S1                             (abs)        0260
__S2                             (abs)        0000
__S3                             (abs)        0000
___awdiv                         text14       05B0
___awdiv@counter                 cstackCOMMON 0074
___awdiv@dividend                cstackCOMMON 0072
___awdiv@divisor                 cstackCOMMON 0070
___awdiv@quotient                cstackCOMMON 0076
___awdiv@sign                    cstackCOMMON 0075
___bmul                          text37       09E6
___bmul@multiplicand             cstackCOMMON 0070
___bmul@multiplier               cstackCOMMON 0072
___bmul@product                  cstackCOMMON 0071
___int_sp                        stack        0000
___latbits                       (abs)        0002
___lbdiv                         text37       0A09
___lbdiv@counter                 cstackCOMMON 0077
___lbdiv@dividend                cstackCOMMON 0076
___lbdiv@divisor                 cstackCOMMON 0075
___lbdiv@quotient                cstackCOMMON 0078
___lmul                          text14       0533
___lmul@multiplicand             cstackCOMMON 0074
___lmul@multiplier               cstackCOMMON 0070
___lmul@product                  cstackCOMMON 0078
___sp                            stack        0000
__end_of_CTRL_CheckProgPIR       text63       0DC0
__end_of_CTRL_DiagCtrl           text29       06A3
__end_of_CTRL_Init               text63       0D8B
__end_of_CTRL_OnACTSignal        text92       16AE
__end_of_CTRL_OnSWSignal         text91       1800
__end_of_CTRL_Task               text63       0DA9
__end_of_CTRL_Task1s             text63       0DDE
__end_of_Calc_Key                text79       0AA8
__end_of_Clock_Init              text106      1717
__end_of_Comm_Init               text63       0E2B
__end_of_Comm_InitMRF            text63       0F55
__end_of_Comm_IsAlreadyReceived  text90       08B4
__end_of_Comm_OnIdle             text63       0E56
__end_of_Comm_PrepareTransmit    text58       0868
__end_of_Comm_RxProcess          text63       0C3D
__end_of_Comm_Task               text58       0861
__end_of_Comm_TaskSlow           text57       15F1
__end_of_DS18B20_Init            text50       0B23
__end_of_DS18B20_Task            text50       0B01
__end_of_DS_Read                 text50       0B1F
__end_of_DS_Read_bit             text50       0B3B
__end_of_DS_Reset                text50       0B80
__end_of_DS_Write                text50       0B0E
__end_of_DS_Write_bit            text50       0B5B
__end_of_GetRIRLevel             text33       0979
__end_of_I2C_Init                text49       15E2
__end_of_I2C_Read                text14       0507
__end_of_I2C_Start               text14       04E4
__end_of_I2C_Stop                text14       0533
__end_of_I2C_Write               text14       0529
__end_of_IO_Init                 text48       0826
__end_of_IO_SetPhotomosSync      text113      164D
__end_of_IO_SetRelSync           text14       05F4
__end_of_IO_StartTimer1          text63       0FA6
__end_of_IO_StartTimer2          text17       091B
__end_of_IO_TaskFast             text47       17C1
__end_of_IO_TaskIdle             text63       1000
__end_of_IO_TaskSlow             text45       0801
__end_of_ISR                     intentry     03D6
__end_of_InitConfigRegs          stringtext1  1820
__end_of_MRF89XACheckRSSI        text63       0F86
__end_of_MRF89XAInit             text63       0EF0
__end_of_MRF89XARegisterRead     text63       0EFE
__end_of_MRF89XARegisterSet      text63       0F61
__end_of_MRF89XASendFrame        text63       0F32
__end_of_MRF89XASetRFMode        text63       0F75
__end_of_MRF89XAStartReception   text63       0E67
__end_of_MRF89XATask             text63       0EA6
__end_of_NEG_RESP                text63       0C4A
__end_of_NVM_BlockAddr           stringtext4  1859
__end_of_NVM_BlockRAM            stringtext3  1844
__end_of_NVM_BlockROM            stringtext2  1832
__end_of_NVM_BlockSize           stringtext5  1862
__end_of_NVM_GetBlockLenght      text77       1630
__end_of_NVM_Init                text29       0623
__end_of_NVM_IsIdle              text43       166E
__end_of_NVM_ReadBlockData       text76       16C7
__end_of_NVM_Task                text29       07BA
__end_of_NVM_WriteBlock          text29       06B7
__end_of_NVM_WriteBlockData      text29       0690
__end_of_POS_RESP                text63       0FED
__end_of_PRG_Init                text42       15D8
__end_of_PRG_IsOnTime            text63       0DAC
__end_of_PRG_Task1s              text37       09CB
__end_of_PRS_Init                text36       15F9
__end_of_PRS_OnPIRFrame          text88       0800
__end_of_PRS_RoomPresence        text63       0DC6
__end_of_PRS_Task                text33       0972
__end_of_PRS_Task1s              text32       165D
__end_of_Ports_Init              text31       1697
__end_of_PrepBlockData           text29       073F
__end_of_ROL                     text79       0ABB
__end_of_ROM_ACTMODE             stringtext10 1882
__end_of_ROM_LOADPOWER           stringtext13 1891
__end_of_ROM_NWID                stringtext12 188D
__end_of_ROM_PIRDATA             stringtext7  186B
__end_of_ROM_RUNTIME             stringtext8  1873
__end_of_ROM_SWITCHDATA          stringtext11 1888
__end_of_ROM_THERMO              stringtext9  187B
__end_of_ROM_TIMEPROGRAM         stringtext6  1850
__end_of_RTC_BCD2DEC             text37       09E6
__end_of_RTC_Init                text30       1616
__end_of_RTC_OnRTCFrame          text87       1681
__end_of_RTC_TaskSlow            text29       060B
__end_of_RTC_TimeToNumber        text37       09DA
__end_of_ReadBlock               text29       070C
__end_of_ReadFIFO                text63       0EAF
__end_of_Read_Eep                text29       07C5
__end_of_RelBS_GetState          text63       0FFF
__end_of_RelBS_Init              text14       0408
__end_of_RelBS_IsIdle            text22       16E9
__end_of_RelBS_IsOn              text63       0FE1
__end_of_RelBS_Request           text63       0FF7
__end_of_RelBS_Task              text17       0914
__end_of_RelPM_Init              text14       040F
__end_of_RelPM_Request           text113      1640
__end_of_RelPM_Task              text17       091C
__end_of_RelTV_Init              text14       0416
__end_of_RelTV_IsOn              text63       0FFC
__end_of_RelTV_Request           text112      15DC
__end_of_RelTV_Task              text17       091D
__end_of_RelTV_Task1s            text14       05B0
__end_of_Rel_GetPWM              text74       15D5
__end_of_Rel_Init                text14       03FF
__end_of_Rel_IsIdle              text22       16DF
__end_of_Rel_IsOn                text63       0E00
__end_of_Rel_Request             text63       0FDB
__end_of_Rel_Task                text17       08C7
__end_of_Rel_Task1s              text14       03E2
__end_of_ReloadTime              text33       0998
__end_of_RequestReset            text29       0616
__end_of_Rnt_Init                text13       0383
__end_of_Rnt_Task1Sec            text10       1772
__end_of_Rtn_GetLoad1Power       text10       1781
__end_of_Rtn_GetLoad2Power       text10       1784
__end_of_Rut_OnClearPower        text84       160C
__end_of_SPI_HF_Get              text105      1622
__end_of_SPI_HF_Init             text9        163E
__end_of_SPI_HF_Put              text63       0F81
__end_of_Si7021_Init             text8        15E9
__end_of_Si7021_Task             text14       04DC
__end_of_TransmitFrame           text63       0F9C
__end_of_UDS_CompareKey          text79       0A83
__end_of_UDS_GetSeed             text78       174B
__end_of_UDS_Init                text1        0384
__end_of_UDS_RDBID               text63       0CDC
__end_of_UDS_WDBID               text29       0662
__end_of_WriteFIFO               text96       1602
__end_of_WriteNVMBlockSync       text29       06B0
__end_of_Write_Eep               text29       07DD
__end_of___awdiv                 text14       05F0
__end_of___bmul                  text37       0A09
__end_of___lbdiv                 text37       0A21
__end_of___lmul                  text14       0558
__end_of__initialization         cinit        03D8
__end_of_main                    text63       0D82
__initialization                 cinit        03D8
__pbssBANK0                      bssBANK0     0020
__pbssBANK1                      bssBANK1     00A0
__pbssBANK2                      bssBANK2     0120
__pbssBANK3                      bssBANK3     01A0
__pbssBANK4                      bssBANK4     0220
__pbssCOMMON                     bssCOMMON    007D
__pcstackBANK0                   cstackBANK0  0059
__pcstackCOMMON                  cstackCOMMON 0070
__pintentry                      intentry     0384
__pmaintext                      text63       0CDC
__pnvBANK0                       nvBANK0      006B
__pstringtext1                   stringtext1  1800
__pstringtext10                  stringtext10 187B
__pstringtext11                  stringtext11 1882
__pstringtext12                  stringtext12 1888
__pstringtext13                  stringtext13 188D
__pstringtext2                   stringtext2  1820
__pstringtext3                   stringtext3  1832
__pstringtext4                   stringtext4  1850
__pstringtext5                   stringtext5  1859
__pstringtext6                   stringtext6  1844
__pstringtext7                   stringtext7  1862
__pstringtext8                   stringtext8  186B
__pstringtext9                   stringtext9  1873
__pswtext1                       swtext1      1010
__pswtext2                       swtext2      101A
__pswtext3                       swtext3      102E
__pswtext4                       swtext4      1024
__pswtext5                       swtext5      1000
__ptext1                         text1        0383
__ptext10                        text10       174B
__ptext100                       text63       0E56
__ptext101                       text63       0F61
__ptext102                       text63       0F55
__ptext103                       text63       0EF0
__ptext104                       text63       0F75
__ptext105                       text105      1616
__ptext106                       text106      16E9
__ptext107                       text63       0DC6
__ptext108                       text63       0DDE
__ptext109                       text63       0FF7
__ptext11                        text10       1781
__ptext110                       text63       0D8B
__ptext111                       text63       0FA6
__ptext112                       text112      15D8
__ptext113                       text113      163E
__ptext114                       text113      1640
__ptext115                       text63       0FED
__ptext116                       text63       0FDB
__ptext117                       text63       0DAC
__ptext118                       text63       0DC0
__ptext119                       text63       0DA9
__ptext12                        text10       1772
__ptext120                       text63       0D82
__ptext13                        text13       0382
__ptext14                        text14       03DC
__ptext15                        text14       0558
__ptext16                        text14       05B0
__ptext17                        text17       08B4
__ptext18                        text17       091C
__ptext19                        text17       091B
__ptext2                         text14       0416
__ptext20                        text17       08C7
__ptext21                        text17       0914
__ptext22                        text22       16C7
__ptext23                        text22       16DF
__ptext24                        text14       03E2
__ptext25                        text14       040F
__ptext26                        text14       0408
__ptext27                        text14       03FF
__ptext28                        text14       05F0
__ptext29                        text29       05F4
__ptext3                         text14       0533
__ptext30                        text30       160C
__ptext31                        text31       1681
__ptext32                        text32       164D
__ptext33                        text33       091D
__ptext34                        text33       0979
__ptext35                        text33       0972
__ptext36                        text36       15F1
__ptext37                        text37       0998
__ptext38                        text37       09CB
__ptext39                        text37       0A09
__ptext4                         text14       0529
__ptext40                        text37       09DA
__ptext41                        text37       09E6
__ptext42                        text42       15D5
__ptext43                        text43       165D
__ptext44                        text29       0616
__ptext45                        text45       0800
__ptext46                        text63       0FFF
__ptext47                        text47       1784
__ptext48                        text48       0801
__ptext49                        text49       15DC
__ptext5                         text14       04DC
__ptext50                        text50       0ABB
__ptext51                        text50       0B01
__ptext52                        text50       0B3B
__ptext53                        text50       0B5B
__ptext54                        text50       0B0E
__ptext55                        text50       0B23
__ptext56                        text50       0B1F
__ptext57                        text57       15E9
__ptext58                        text58       0826
__ptext59                        text63       0E2B
__ptext6                         text14       0507
__ptext60                        text63       0E67
__ptext61                        text63       0EA6
__ptext62                        text63       0F81
__ptext63                        text63       0B80
__ptext64                        text29       0623
__ptext65                        text29       06A3
__ptext66                        text29       073F
__ptext67                        text29       07C5
__ptext68                        text29       06B7
__ptext69                        text29       07BA
__ptext7                         text14       04E4
__ptext70                        text29       070C
__ptext71                        text29       0662
__ptext72                        text29       0690
__ptext73                        text63       0C4A
__ptext74                        text74       15D2
__ptext75                        text63       0FFC
__ptext76                        text76       16AE
__ptext77                        text77       1622
__ptext78                        text78       1717
__ptext79                        text79       0A21
__ptext8                         text8        15E2
__ptext80                        text63       0FE1
__ptext81                        text63       0C3D
__ptext82                        text79       0A83
__ptext83                        text79       0AA8
__ptext84                        text84       1602
__ptext85                        text29       060B
__ptext86                        text29       06B0
__ptext87                        text87       166E
__ptext88                        text88       07DD
__ptext89                        text58       0861
__ptext9                         text9        1630
__ptext90                        text90       0868
__ptext91                        text91       17C1
__ptext92                        text92       1697
__ptext93                        text63       0E00
__ptext94                        text63       0F86
__ptext95                        text63       0EFE
__ptext96                        text96       15F9
__ptext97                        text63       0F9C
__ptext98                        text63       0F32
__ptext99                        text63       0EAF
__size_of_CTRL_CheckProgPIR      (abs)        0000
__size_of_CTRL_DiagCtrl          (abs)        0000
__size_of_CTRL_Init              (abs)        0000
__size_of_CTRL_OnACTSignal       (abs)        0000
__size_of_CTRL_OnSWSignal        (abs)        0000
__size_of_CTRL_Task              (abs)        0000
__size_of_CTRL_Task1s            (abs)        0000
__size_of_Calc_Key               (abs)        0000
__size_of_Clock_Init             (abs)        0000
__size_of_Comm_Init              (abs)        0000
__size_of_Comm_InitMRF           (abs)        0000
__size_of_Comm_IsAlreadyReceived (abs)        0000
__size_of_Comm_OnIdle            (abs)        0000
__size_of_Comm_PrepareTransmit   (abs)        0000
__size_of_Comm_RxProcess         (abs)        0000
__size_of_Comm_Task              (abs)        0000
__size_of_Comm_TaskSlow          (abs)        0000
__size_of_DS18B20_Init           (abs)        0000
__size_of_DS18B20_Task           (abs)        0000
__size_of_DS_Read                (abs)        0000
__size_of_DS_Read_bit            (abs)        0000
__size_of_DS_Reset               (abs)        0000
__size_of_DS_Write               (abs)        0000
__size_of_DS_Write_bit           (abs)        0000
__size_of_GetRIRLevel            (abs)        0000
__size_of_I2C_Init               (abs)        0000
__size_of_I2C_Read               (abs)        0000
__size_of_I2C_Start              (abs)        0000
__size_of_I2C_Stop               (abs)        0000
__size_of_I2C_Write              (abs)        0000
__size_of_IO_Init                (abs)        0000
__size_of_IO_SetPhotomosSync     (abs)        0000
__size_of_IO_SetRelSync          (abs)        0000
__size_of_IO_StartTimer1         (abs)        0000
__size_of_IO_StartTimer2         (abs)        0000
__size_of_IO_TaskFast            (abs)        0000
__size_of_IO_TaskIdle            (abs)        0000
__size_of_IO_TaskSlow            (abs)        0000
__size_of_ISR                    (abs)        0000
__size_of_MRF89XACheckRSSI       (abs)        0000
__size_of_MRF89XAInit            (abs)        0000
__size_of_MRF89XARegisterRead    (abs)        0000
__size_of_MRF89XARegisterSet     (abs)        0000
__size_of_MRF89XASendFrame       (abs)        0000
__size_of_MRF89XASetRFMode       (abs)        0000
__size_of_MRF89XAStartReception  (abs)        0000
__size_of_MRF89XATask            (abs)        0000
__size_of_NEG_RESP               (abs)        0000
__size_of_NVM_GetBlockLenght     (abs)        0000
__size_of_NVM_Init               (abs)        0000
__size_of_NVM_IsIdle             (abs)        0000
__size_of_NVM_ReadBlockData      (abs)        0000
__size_of_NVM_Task               (abs)        0000
__size_of_NVM_WriteBlock         (abs)        0000
__size_of_NVM_WriteBlockData     (abs)        0000
__size_of_POS_RESP               (abs)        0000
__size_of_PRG_Init               (abs)        0000
__size_of_PRG_IsOnTime           (abs)        0000
__size_of_PRG_Task1s             (abs)        0000
__size_of_PRS_Init               (abs)        0000
__size_of_PRS_OnPIRFrame         (abs)        0000
__size_of_PRS_RoomPresence       (abs)        0000
__size_of_PRS_Task               (abs)        0000
__size_of_PRS_Task1s             (abs)        0000
__size_of_Ports_Init             (abs)        0000
__size_of_PrepBlockData          (abs)        0000
__size_of_ROL                    (abs)        0000
__size_of_RTC_BCD2DEC            (abs)        0000
__size_of_RTC_Init               (abs)        0000
__size_of_RTC_OnRTCFrame         (abs)        0000
__size_of_RTC_TaskSlow           (abs)        0000
__size_of_RTC_TimeToNumber       (abs)        0000
__size_of_ReadBlock              (abs)        0000
__size_of_ReadFIFO               (abs)        0000
__size_of_Read_Eep               (abs)        0000
__size_of_RelBS_GetState         (abs)        0000
__size_of_RelBS_Init             (abs)        0000
__size_of_RelBS_IsIdle           (abs)        0000
__size_of_RelBS_IsOn             (abs)        0000
__size_of_RelBS_Request          (abs)        0000
__size_of_RelBS_Task             (abs)        0000
__size_of_RelPM_Init             (abs)        0000
__size_of_RelPM_Request          (abs)        0000
__size_of_RelPM_Task             (abs)        0000
__size_of_RelTV_Init             (abs)        0000
__size_of_RelTV_IsOn             (abs)        0000
__size_of_RelTV_Request          (abs)        0000
__size_of_RelTV_Task             (abs)        0000
__size_of_RelTV_Task1s           (abs)        0000
__size_of_Rel_GetPWM             (abs)        0000
__size_of_Rel_Init               (abs)        0000
__size_of_Rel_IsIdle             (abs)        0000
__size_of_Rel_IsOn               (abs)        0000
__size_of_Rel_Request            (abs)        0000
__size_of_Rel_Task               (abs)        0000
__size_of_Rel_Task1s             (abs)        0000
__size_of_ReloadTime             (abs)        0000
__size_of_RequestReset           (abs)        0000
__size_of_Rnt_Init               (abs)        0000
__size_of_Rnt_Task1Sec           (abs)        0000
__size_of_Rtn_GetLoad1Power      (abs)        0000
__size_of_Rtn_GetLoad2Power      (abs)        0000
__size_of_Rut_OnClearPower       (abs)        0000
__size_of_SPI_HF_Get             (abs)        0000
__size_of_SPI_HF_Init            (abs)        0000
__size_of_SPI_HF_Put             (abs)        0000
__size_of_Si7021_Init            (abs)        0000
__size_of_Si7021_Task            (abs)        0000
__size_of_TransmitFrame          (abs)        0000
__size_of_UDS_CompareKey         (abs)        0000
__size_of_UDS_GetSeed            (abs)        0000
__size_of_UDS_Init               (abs)        0000
__size_of_UDS_RDBID              (abs)        0000
__size_of_UDS_WDBID              (abs)        0000
__size_of_WriteFIFO              (abs)        0000
__size_of_WriteNVMBlockSync      (abs)        0000
__size_of_Write_Eep              (abs)        0000
__size_of___awdiv                (abs)        0000
__size_of___bmul                 (abs)        0000
__size_of___lbdiv                (abs)        0000
__size_of___lmul                 (abs)        0000
__size_of_main                   (abs)        0000
_addr                            bssBANK0     0049
_bTimeOn                         bssBANK0     003D
_cmd                             bssBANK0     004C
_cmdtimer                        bssBANK0     0028
_delay                           bssBANK0     0042
_dly                             bssBANK0     0037
_ePrs                            bssBANK0     003F
_main                            text63       0CDC
_outpwm                          bssBANK0     003A
_pRam                            bssBANK0     0026
_pRom                            bssBANK0     0024
_pflags                          bssBANK0     0040
_pwm                             bssBANK0     003B
_request                         bssBANK0     0043
_secctr                          bssBANK0     0039
_seed                            bssBANK0     0020
_state                           bssBANK0     0038
_status                          bssBANK0     0036
_tvState                         bssBANK0     003C
_u16IdleTicks                    bssBANK0     0030
_u16Reset                        bssBANK0     0032
_u16Tics                         nvBANK0      006B
_u8PWM                           bssBANK0     0041
_u8RelPulses                     bssBANK0     0054
_u8RelSync                       bssBANK0     0055
_u8ZCnumber                      bssBANK0     0058
_u8ZCpwm                         bssBANK0     0057
_uPMRequest                      bssBANK0     0056
btemp                            (abs)        007E
end_of_initialization            cinit        03D8
int$flags                        (abs)        007E
intlevel0                        functab      0000
intlevel1                        functab      0000
intlevel2                        functab      0000
intlevel3                        functab      0000
intlevel4                        functab      0000
intlevel5                        functab      0000
main@task1sek                    cstackBANK0  006A
main@taskslot                    cstackBANK0  0069
reset_vec                        reset_vec    0380
stackhi                          (abs)        23EF
stacklo                          (abs)        2180
start                            init         03D6
start_initialization             cinit        03D8
wtemp0                           (abs)        007E


FUNCTION INFORMATION:

 *************** function _main *****************
 Defined at:
		line 125 in file "../main.c"
 Parameters:    Size  Location     Type
		None
 Auto vars:     Size  Location     Type
  task1sek        1   17[BANK0 ] unsigned char 
  taskslot        1   16[BANK0 ] unsigned char 
 Return value:  Size  Location     Type
                  2  139[None  ] int 
 Registers used:
		wreg, fsr0l, fsr0h, fsr1l, fsr1h, status,2, status,0, pclath, cstack
 Tracked objects:
		On entry : 
		On exit  : 
		Unchanged: 
 Data sizes:     COMMON   BANK0   BANK1   BANK2   BANK3   BANK4   BANK5   BANK6   BANK7   BANK8   BANK9  BANK10  BANK11  BANK12
      Params:         0       0       0       0       0       0       0       0       0       0       0       0       0       0
      Locals:         0       2       0       0       0       0       0       0       0       0       0       0       0       0
      Temps:          0       0       0       0       0       0       0       0       0       0       0       0       0       0
      Totals:         0       2       0       0       0       0       0       0       0       0       0       0       0       0
Total ram usage:        2 bytes
 Hardware stack levels required when called:    8
 This function calls:
		_CTRL_Init
		_CTRL_Task
		_CTRL_Task1s
		_Clock_Init
		_Comm_Init
		_Comm_OnIdle
		_Comm_Task
		_Comm_TaskSlow
		_DS18B20_Init
		_DS18B20_Task
		_I2C_Init
		_IO_Init
		_IO_TaskFast
[...]
 Return value:  Size  Location     Type
                  1    wreg      void 
 Registers used:
		wreg, status,2, status,0, pclath, cstack
 Tracked objects:
		On entry : 
		On exit  : 
		Unchanged: 
 Data sizes:     COMMON   BANK0   BANK1   BANK2   BANK3   BANK4   BANK5   BANK6   BANK7   BANK8   BANK9  BANK10  BANK11  BANK12
      Params:         0       0       0       0       0       0       0       0       0       0       0       0       0       0
      Locals:         1       0       0       0       0       0       0       0       0       0       0       0       0       0
      Temps:          0       0       0       0       0       0       0       0       0       0       0       0       0       0
      Totals:         1       0       0       0       0       0       0       0       0       0       0       0       0       0
Total ram usage:        1 bytes
 Hardware stack levels used:    1
 Hardware stack levels required when called:    2
 This function calls:
		_IO_SetPhotomosSync
 This function is called by:
		_Rel_Request
 This function uses a non-reentrant model


 *************** function _IO_SetPhotomosSync *****************
 Defined at:
		line 22 in file "../drv_io.c"
 Parameters:    Size  Location     Type
  cmd             1    wreg     unsigned char 
 Auto vars:     Size  Location     Type
  cmd             1    0[COMMON] unsigned char 
 Return value:  Size  Location     Type
                  1    wreg      void 
 Registers used:
		wreg, status,2, status,0
 Tracked objects:
		On entry : 
		On exit  : 
		Unchanged: 
 Data sizes:     COMMON   BANK0   BANK1   BANK2   BANK3   BANK4   BANK5   BANK6   BANK7   BANK8   BANK9  BANK10  BANK11  BANK12
      Params:         0       0       0       0       0       0       0       0       0       0       0       0       0       0
      Locals:         1       0       0       0       0       0       0       0       0       0       0       0       0       0
      Temps:          0       0       0       0       0       0       0       0       0       0       0       0       0       0
      Totals:         1       0       0       0       0       0       0       0       0       0       0       0       0       0
Total ram usage:        1 bytes
 Hardware stack levels used:    1
 Hardware stack levels required when called:    1
 This function calls:
		Nothing
 This function is called by:
		_RelPM_Request
 This function uses a non-reentrant model


 *************** function _RelBS_Request *****************
 Defined at:
		line 104 in file "../drv_relayBis.c"
 Parameters:    Size  Location     Type
  breq            1    wreg     unsigned char 
 Auto vars:     Size  Location     Type
  breq            1    0[COMMON] unsigned char 
 Return value:  Size  Location     Type
                  1    wreg      void 
 Registers used:
		wreg, status,2, status,0
 Tracked objects:
		On entry : 
		On exit  : 
		Unchanged: 
 Data sizes:     COMMON   BANK0   BANK1   BANK2   BANK3   BANK4   BANK5   BANK6   BANK7   BANK8   BANK9  BANK10  BANK11  BANK12
      Params:         0       0       0       0       0       0       0       0       0       0       0       0       0       0
      Locals:         1       0       0       0       0       0       0       0       0       0       0       0       0       0
      Temps:          0       0       0       0       0       0       0       0       0       0       0       0       0       0
      Totals:         1       0       0       0       0       0       0       0       0       0       0       0       0       0
Total ram usage:        1 bytes
 Hardware stack levels used:    1
 Hardware stack levels required when called:    1
 This function calls:
		Nothing
 This function is called by:
		_Rel_Request
 This function uses a non-reentrant model


 *************** function _RelBS_IsOn *****************
 Defined at:
		line 95 in file "../drv_relayBis.c"
 Parameters:    Size  Location     Type
		None
 Auto vars:     Size  Location     Type
		None
 Return value:  Size  Location     Type
                  1    wreg      unsigned char 
 Registers used:
		wreg, status,2, status,0
 Tracked objects:
		On entry : 
		On exit  : 
		Unchanged: 
 Data sizes:     COMMON   BANK0   BANK1   BANK2   BANK3   BANK4   BANK5   BANK6   BANK7   BANK8   BANK9  BANK10  BANK11  BANK12
      Params:         0       0       0       0       0       0       0       0       0       0       0       0       0       0
      Locals:         0       0       0       0       0       0       0       0       0       0       0       0       0       0
      Temps:          0       0       0       0       0       0       0       0       0       0       0       0       0       0
      Totals:         0       0       0       0       0       0       0       0       0       0       0       0       0       0
Total ram usage:        0 bytes
 Hardware stack levels used:    1
 Hardware stack levels required when called:    1
 This function calls:
		Nothing
 This function is called by:
		_Rel_Request
		_Rel_IsOn
 This function uses a non-reentrant model


 *************** function _CTRL_CheckProgPIR *****************
 Defined at:
		line 24 in file "../app_control.c"
 Parameters:    Size  Location     Type
		None
 Auto vars:     Size  Location     Type
  bres            1    0[COMMON] unsigned char 
 Return value:  Size  Location     Type
                  1    wreg      unsigned char 
 Registers used:
		wreg, status,2, status,0, pclath, cstack
 Tracked objects:
		On entry : 
		On exit  : 
		Unchanged: 
 Data sizes:     COMMON   BANK0   BANK1   BANK2   BANK3   BANK4   BANK5   BANK6   BANK7   BANK8   BANK9  BANK10  BANK11  BANK12
      Params:         0       0       0       0       0       0       0       0       0       0       0       0       0       0
      Locals:         1       0       0       0       0       0       0       0       0       0       0       0       0       0
      Temps:          0       0       0       0       0       0       0       0       0       0       0       0       0       0
      Totals:         1       0       0       0       0       0       0       0       0       0       0       0       0       0
Total ram usage:        1 bytes
 Hardware stack levels used:    1
 Hardware stack levels required when called:    2
 This function calls:
		_PRG_IsOnTime
		_PRS_RoomPresence
 This function is called by:
		_CTRL_Task
 This function uses a non-reentrant model


 *************** function _PRS_RoomPresence *****************
 Defined at:
		line 34 in file "../../LIBC/PRESENCE/app_Presence.c"
 Parameters:    Size  Location     Type
		None
 Auto vars:     Size  Location     Type
		None
 Return value:  Size  Location     Type
                  1    wreg      unsigned char 
 Registers used:
		wreg, status,2, status,0
 Tracked objects:
		On entry : 
		On exit  : 
		Unchanged: 
 Data sizes:     COMMON   BANK0   BANK1   BANK2   BANK3   BANK4   BANK5   BANK6   BANK7   BANK8   BANK9  BANK10  BANK11  BANK12
      Params:         0       0       0       0       0       0       0       0       0       0       0       0       0       0
      Locals:         0       0       0       0       0       0       0       0       0       0       0       0       0       0
      Temps:          0       0       0       0       0       0       0       0       0       0       0       0       0       0
      Totals:         0       0       0       0       0       0       0       0       0       0       0       0       0       0
Total ram usage:        0 bytes
 Hardware stack levels used:    1
 Hardware stack levels required when called:    1
 This function calls:
		Nothing
 This function is called by:
		_UDS_RDBID
		_CTRL_CheckProgPIR
 This function uses a non-reentrant model


 *************** function _PRG_IsOnTime *****************
 Defined at:
		line 31 in file "../app_prog.c"
 Parameters:    Size  Location     Type
		None
 Auto vars:     Size  Location     Type
		None
 Return value:  Size  Location     Type
                  1    wreg      unsigned char 
 Registers used:
		wreg
 Tracked objects:
		On entry : 
		On exit  : 
		Unchanged: 
 Data sizes:     COMMON   BANK0   BANK1   BANK2   BANK3   BANK4   BANK5   BANK6   BANK7   BANK8   BANK9  BANK10  BANK11  BANK12
      Params:         0       0       0       0       0       0       0       0       0       0       0       0       0       0
      Locals:         0       0       0       0       0       0       0       0       0       0       0       0       0       0
      Temps:          0       0       0       0       0       0       0       0       0       0       0       0       0       0
      Totals:         0       0       0       0       0       0       0       0       0       0       0       0       0       0
Total ram usage:        0 bytes
 Hardware stack levels used:    1
 Hardware stack levels required when called:    1
 This function calls:
		Nothing
 This function is called by:
		_UDS_RDBID
		_CTRL_CheckProgPIR
		_CTRL_Task
 This function uses a non-reentrant model


 *************** function _CTRL_Init *****************
 Defined at:
		line 19 in file "../app_control.c"
 Parameters:    Size  Location     Type
		None
 Auto vars:     Size  Location     Type
		None
 Return value:  Size  Location     Type
                  1    wreg      void 
 Registers used:
		wreg, status,2, status,0
 Tracked objects:
		On entry : 
		On exit  : 
		Unchanged: 
 Data sizes:     COMMON   BANK0   BANK1   BANK2   BANK3   BANK4   BANK5   BANK6   BANK7   BANK8   BANK9  BANK10  BANK11  BANK12
      Params:         0       0       0       0       0       0       0       0       0       0       0       0       0       0
      Locals:         0       0       0       0       0       0       0       0       0       0       0       0       0       0
      Temps:          0       0       0       0       0       0       0       0       0       0       0       0       0       0
      Totals:         0       0       0       0       0       0       0       0       0       0       0       0       0       0
Total ram usage:        0 bytes
 Hardware stack levels used:    1
 Hardware stack levels required when called:    1
 This function calls:
		Nothing
 This function is called by:
		_main
 This function uses a non-reentrant model


 *************** function _ISR *****************
 Defined at:
		line 141 in file "../drv_io.c"
 Parameters:    Size  Location     Type
		None
 Auto vars:     Size  Location     Type
		None
 Return value:  Size  Location     Type
                  1    wreg      void 
 Registers used:
		wreg, fsr0l, fsr0h, status,2, status,0, pclath
 Tracked objects:
		On entry : 
		On exit  : 
		Unchanged: 
 Data sizes:     COMMON   BANK0   BANK1   BANK2   BANK3   BANK4   BANK5   BANK6   BANK7   BANK8   BANK9  BANK10  BANK11  BANK12
      Params:         0       0       0       0       0       0       0       0       0       0       0       0       0       0
      Locals:         0       0       0       0       0       0       0       0       0       0       0       0       0       0
      Temps:          0       0       0       0       0       0       0       0       0       0       0       0       0       0
      Totals:         0       0       0       0       0       0       0       0       0       0       0       0       0       0
Total ram usage:        0 bytes
 Hardware stack levels used:    1
 This function calls:
		Nothing
 This function is called by:
		Interrupt level 1
 This function uses a non-reentrant model



MODULE INFORMATION

Module		Function		Class		Link	Load	Size
../main.c
		_main          		CODE           	0CDC	0000	167
		_Clock_Init    		CODE           	16E9	0000	47
		_RequestReset  		CODE           	060B	0000	12
		_Ports_Init    		CODE           	1681	0000	23

../main.c estimated size: 249

../drv_tvalve.c
		_RelTV_Request 		CODE           	15D8	0000	5
		_RelTV_Task    		CODE           	091C	0000	2
		_RelTV_Task1s  		CODE           	0558	0000	89
		_RelTV_IsOn    		CODE           	0FF7	0000	6
		_RelTV_Init    		CODE           	040F	0000	8

../drv_tvalve.c estimated size: 110

../../LIBC/NVM/svc_nvm.c
		_NVM_Task      		CODE           	073F	0000	124
		_PrepBlockData 		CODE           	070C	0000	52
		_NVM_IsIdle    		CODE           	165D	0000	18
		_NVM_GetBlockLenght		CODE           	1622	0000	15
		_ReadBlock     		CODE           	06B7	0000	86
		_NVM_Init      		CODE           	0616	0000	14
		_NVM_WriteBlock		CODE           	06B0	0000	8
		_NVM_WriteBlockData		CODE           	0662	0000	47
		_NVM_ReadBlockData		CODE           	16AE	0000	26

../../LIBC/NVM/svc_nvm.c estimated size: 390

../../LIBC/MRF89_Drv/MRF89XA.c
		_MRF89XAStartReception		CODE           	0E56	0000	18
		_MRF89XACheckRSSI		CODE           	0F81	0000	6
		_ReadFIFO      		CODE           	0EA6	0000	10
		_MRF89XATask   		CODE           	0E67	0000	64
		_MRF89XAInit   		CODE           	0EAF	0000	66
		_MRF89XASetRFMode		CODE           	0F61	0000	21
		_MRF89XASendFrame		CODE           	0EFE	0000	53
		_WriteFIFO     		CODE           	15F9	0000	10
		_MRF89XARegisterRead		CODE           	0EF0	0000	15
		_MRF89XARegisterSet		CODE           	0F55	0000	13

../../LIBC/MRF89_Drv/MRF89XA.c estimated size: 276

../drv_I2C.c
		_I2C_Write     		CODE           	0507	0000	35
		_I2C_Stop      		CODE           	0529	0000	11
		_I2C_Read      		CODE           	04E4	0000	36
		_I2C_Init      		CODE           	15DC	0000	7
		_I2C_Start     		CODE           	04DC	0000	9

../drv_I2C.c estimated size: 98

../../LIBC/RTC/app_RTC.c
		_RTC_BCD2DEC   		CODE           	09DA	0000	13
		_RTC_Init      		CODE           	160C	0000	11
		_RTC_TimeToNumber		CODE           	09CB	0000	16
		_RTC_TaskSlow  		CODE           	05F4	0000	24
		_RTC_OnRTCFrame		CODE           	166E	0000	20

../../LIBC/RTC/app_RTC.c estimated size: 84

../../LIBC/COM/svc_comm.c
		_Comm_Task     		CODE           	0826	0000	60
		_POS_RESP      		CODE           	0FE1	0000	13
		_Comm_TaskSlow 		CODE           	15E9	0000	9
		_Comm_Init     		CODE           	0E00	0000	44
		_Comm_InitMRF  		CODE           	0F32	0000	36
		_Comm_OnIdle   		CODE           	0E2B	0000	44
		_Comm_IsAlreadyReceived		CODE           	0868	0000	77
		_NEG_RESP      		CODE           	0C3D	0000	14
		_Comm_RxProcess		CODE           	0B80	0000	190
		_TransmitFrame 		CODE           	0F86	0000	23
		_Comm_PrepareTransmit		CODE           	0861	0000	8

../../LIBC/COM/svc_comm.c estimated size: 518

../svc_uds.c
		_UDS_RDBID     		CODE           	0C4A	0000	147
		_UDS_CompareKey		CODE           	0A21	0000	99
		_WriteNVMBlockSync		CODE           	06A3	0000	14
		_Calc_Key      		CODE           	0A83	0000	38
		_UDS_Init      		CODE           	0383	0000	2
		_ROL           		CODE           	0AA8	0000	20
		_UDS_WDBID     		CODE           	0623	0000	64
		_UDS_GetSeed   		CODE           	1717	0000	53

../svc_uds.c estimated size: 437

C:\Program Files (x86)\Microchip\xc8\v1.45\sources\common\lbdiv.c
		___lbdiv       		CODE           	0A09	0000	25

C:\Program Files (x86)\Microchip\xc8\v1.45\sources\common\lbdiv.c estimated size: 25

../drv_relay.c
		_Rel_IsIdle    		CODE           	16C7	0000	25
		_Rel_IsOn      		CODE           	0DDE	0000	35
		_Rel_Request   		CODE           	0FA6	0000	54
		_Rel_Init      		CODE           	03E2	0000	30
		_Rel_GetPWM    		CODE           	15D2	0000	4
		_Rel_Task      		CODE           	08B4	0000	20
		_Rel_Task1s    		CODE           	03DC	0000	7

../drv_relay.c estimated size: 175

../../LIBC/PRESENCE/app_Presence.c
		_PRS_Init      		CODE           	15F1	0000	9
		_GetRIRLevel   		CODE           	0972	0000	8
		_PRS_OnPIRFrame		CODE           	07DD	0000	36
		_PRS_RoomPresence		CODE           	0DC0	0000	7
		_ReloadTime    		CODE           	0979	0000	32
		_PRS_Task      		CODE           	091D	0000	86
		_PRS_Task1s    		CODE           	164D	0000	17

../../LIBC/PRESENCE/app_Presence.c estimated size: 195

../drv_photomos.c
		_RelPM_Request 		CODE           	163E	0000	3
		_RelPM_Task    		CODE           	091B	0000	2
		_RelPM_Init    		CODE           	0408	0000	8

../drv_photomos.c estimated size: 13

../app_prog.c
		_PRG_IsOnTime  		CODE           	0DA9	0000	4
		_PRG_Init      		CODE           	15D5	0000	4
		_PRG_Task1s    		CODE           	0998	0000	52

../app_prog.c estimated size: 60

../DS18B20.c
		_DS_Reset      		CODE           	0B5B	0000	38
		_DS18B20_Task  		CODE           	0ABB	0000	71
		_DS18B20_Init  		CODE           	0B1F	0000	5
		_DS_Read       		CODE           	0B0E	0000	18
		_DS_Read_bit   		CODE           	0B23	0000	25
		_DS_Write      		CODE           	0B01	0000	14
		_DS_Write_bit  		CODE           	0B3B	0000	33

../DS18B20.c estimated size: 204

../drv_spi.c
		_SPI_HF_Get    		CODE           	1616	0000	13
		_SPI_HF_Put    		CODE           	0F75	0000	13
		_SPI_HF_Init   		CODE           	1630	0000	15

../drv_spi.c estimated size: 41

../drv_io.c
		_ISR           		CODE           	0384	0000	83
		_IO_SetPhotomosSync		CODE           	1640	0000	14
		_IO_SetRelSync 		CODE           	05F0	0000	5
		_IO_StartTimer1		CODE           	0F9C	0000	11
		_IO_StartTimer2		CODE           	0914	0000	8
		_IO_TaskIdle   		CODE           	0FFF	0000	2
		_IO_TaskFast   		CODE           	1784	0000	62
		_IO_TaskSlow   		CODE           	0800	0000	2
		_IO_Init       		CODE           	0801	0000	38

../drv_io.c estimated size: 225

../drv_Si7021.c
		_Si7021_Task   		CODE           	0416	0000	199
		_Si7021_Init   		CODE           	15E2	0000	8

../drv_Si7021.c estimated size: 207

C:\Program Files (x86)\Microchip\xc8\v1.45\sources\common\Umul32.c
		___lmul        		CODE           	0533	0000	38

C:\Program Files (x86)\Microchip\xc8\v1.45\sources\common\Umul32.c estimated size: 38

../app_control.c
		_CTRL_CheckProgPIR		CODE           	0DAC	0000	21
		_CTRL_OnSWSignal		CODE           	17C1	0000	64
		_CTRL_Task     		CODE           	0D8B	0000	31
		_CTRL_Task1s   		CODE           	0DC6	0000	25
		_CTRL_DiagCtrl 		CODE           	0690	0000	20
		_CTRL_Init     		CODE           	0D82	0000	10
		_CTRL_OnACTSignal		CODE           	1697	0000	24

../app_control.c estimated size: 195

../drv_eep.c
		_Read_Eep      		CODE           	07BA	0000	12
		_Write_Eep     		CODE           	07C5	0000	25

../drv_eep.c estimated size: 37

shared
		_ROM_TIMEPROGRAM		STRCODE        	1844	0000	13
		_NVM_BlockRAM  		STRCODE        	1832	0000	19
		_ROM_RUNTIME   		STRCODE        	186B	0000	9
		_NVM_BlockROM  		STRCODE        	1820	0000	19
		_ROM_ACTMODE   		STRCODE        	187B	0000	8
		_ROM_LOADPOWER 		STRCODE        	188D	0000	5
		_NVM_BlockAddr 		STRCODE        	1850	0000	10
		_NVM_BlockSize 		STRCODE        	1859	0000	10
		_InitConfigRegs		STRCODE        	1800	0000	33
		_ROM_PIRDATA   		STRCODE        	1862	0000	10
		__initialization		CODE           	03D8	0000	1
		_ROM_NWID      		STRCODE        	1888	0000	6
		_ROM_SWITCHDATA		STRCODE        	1882	0000	7
		_ROM_THERMO    		STRCODE        	1873	0000	9

shared estimated size: 159

../drv_relayBis.c
		_RelBS_Task    		CODE           	08C7	0000	78
		_RelBS_GetState		CODE           	0FFC	0000	4
		_RelBS_IsOn    		CODE           	0FDB	0000	7
		_RelBS_Init    		CODE           	03FF	0000	10
		_RelBS_IsIdle  		CODE           	16DF	0000	11
		_RelBS_Request 		CODE           	0FED	0000	11

../drv_relayBis.c estimated size: 121

../runtime_cfg.c
		_Rtn_GetLoad1Power		CODE           	1772	0000	16
		_Rtn_GetLoad2Power		CODE           	1781	0000	4

../runtime_cfg.c estimated size: 20

../../LIBC/Runtime/runtime.c
		_Rnt_Init      		CODE           	0382	0000	2
		_Rut_OnClearPower		CODE           	1602	0000	11
		_Rnt_Task1Sec  		CODE           	174B	0000	40

../../LIBC/Runtime/runtime.c estimated size: 53

C:\Program Files (x86)\Microchip\xc8\v1.45\sources\common\awdiv.c
		___awdiv       		CODE           	05B0	0000	65

C:\Program Files (x86)\Microchip\xc8\v1.45\sources\common\awdiv.c estimated size: 65

C:\Program Files (x86)\Microchip\xc8\v1.45\sources\common\Umul8.c
		___bmul        		CODE           	09E6	0000	36

C:\Program Files (x86)\Microchip\xc8\v1.45\sources\common\Umul8.c estimated size: 36

