Microchip MPLAB XC8 Compiler V1.45 ()

Linker command line:

-W-3 --edf=C:\Program Files (x86)\Microchip\xc8\v1.45\dat\en_msgs.txt -cs \
  -h+dist/Debug/debug\MRF89XA_PVboost.X.debug.sym \
  --cmf=dist/Debug/debug\MRF89XA_PVboost.X.debug.cmf -z -Q16LF18323 \
  -oe:\Temp\s764.2 -Mdist/Debug/debug/MRF89XA_PVboost.X.debug.map -E1 \
  -ver=XC8 -ASTACK=02040h-020efh -pstack=STACK -ACODE=00h-07FFh \
  -ASTRCODE=00h-07FFh -ASTRING=00h-0FFhx8 -ACONST=00h-0FFhx8 \
  -AENTRY=00h-0FFhx8 -ACOMMON=070h-07Fh -ABANK0=020h-06Fh -ABANK1=0A0h-0EFh \
  -ABANK2=0120h-016Fh -ABIGRAM=02000h-020EFh \
  -ARAM=020h-06Fh,0A0h-0EFh,0120h-016Fh \
  -AABS1=020h-07Fh,0A0h-0EFh,0120h-016Fh -ASFR0=00h-01Fh -ASFR1=080h-09Fh \
  -ASFR2=0100h-011Fh -ASFR3=0180h-01EFh -ASFR4=0200h-026Fh \
  -ASFR5=0280h-02EFh -ASFR6=0300h-036Fh -ASFR7=0380h-03EFh \
  -ASFR8=0400h-046Fh -ASFR9=0480h-04EFh -ASFR10=0500h-056Fh \
  -ASFR11=0580h-05EFh -ASFR12=0600h-066Fh -ASFR13=0680h-06EFh \
  -ASFR14=0700h-076Fh -ASFR15=0780h-07EFh -ASFR16=0800h-086Fh \
  -ASFR17=0880h-08EFh -ASFR18=0900h-096Fh -ASFR19=0980h-09EFh \
  -ASFR20=0A00h-0A6Fh -ASFR21=0A80h-0AEFh -ASFR22=0B00h-0B6Fh \
  -ASFR23=0B80h-0BEFh -ASFR24=0C00h-0C6Fh -ASFR25=0C80h-0CEFh \
  -ASFR26=0D00h-0D6Fh -ASFR27=0D80h-0DEFh -ASFR28=0E00h-0E6Fh \
  -ASFR29=0E80h-0EEFh -ASFR30=0F00h-0F6Fh -ASFR31=0F80h-0FEFh \
  -preset_vec=00h,intentry=04h,init,end_init -ppowerup=CODE -pcinit=CODE \
  -pfunctab=ENTRY -ACONFIG=08007h-0800Ah -pconfig=CONFIG -DCONFIG=2 \
  -AIDLOC=08000h-08003h -pidloc=IDLOC -DIDLOC=2 -AEEDATA=00h-0FFh/0F000h \
  -peeprom_data=EEDATA -DEEDATA=2 -DCODE=2 -DSTRCODE=2 -DSTRING=2 -DCONST=2 \
  -DENTRY=2 -k e:\Temp\s764.obj \
  dist/Debug/debug\MRF89XA_PVboost.X.debug.obj 

Object code version is 3.11

Machine type is 16LF18323



                Name                               Link     Load   Length Selector   Space Scale
e:\Temp\s764.obj
                end_init                             11       11        1        8       0
                reset_vec                             0        0        2        0       0
                config                             8007     8007        4    1000E       0
dist/Debug/debug\MRF89XA_PVboost.X.debug.obj
                cinit                                12       12        3        8       0
                intentry                              4        4        D        8       0
                text19                              211      211       3F        8       0
                text18                              2AB      2AB       25        8       0
                text17                              250      250       30        8       0
                text16                              380      380        9        8       0
                text15                              350      350        E        8       0
                text14                              311      311       13        8       0
                text13                              38E      38E        5        8       0
                text12                               15       15      1B1        8       0
                text11                              333      333        F        8       0
                text10                              2E7      2E7       16        8       0
                text9                               36B      36B        B        8       0
                text8                               376      376        A        8       0
                text7                               2FD      2FD       14        8       0
                text6                               389      389        5        8       0
                text5                               324      324        F        8       0
                text4                               2D0      2D0       17        8       0
                text3                               342      342        E        8       0
                text2                               1C6      1C6       4B        8       0
                text1                               35E      35E        D        8       0
                maintext                            280      280       2B        8       0
                cstackBANK0                          5A       5A        6       20       1
                cstackCOMMON                         70       70        D       70       1
                bssBANK0                             20       20       3A       20       1

TOTAL           Name                               Link     Load   Length     Space
        CLASS   STACK          

        CLASS   CODE           
                end_init                             11       11        1         0
                cinit                                12       12        3         0
                intentry                              4        4        D         0
                reset_vec                             0        0        2         0
                text19                              211      211       3F         0
                text18                              2AB      2AB       25         0
                text17                              250      250       30         0
                text16                              380      380        9         0
                text15                              350      350        E         0
                text14                              311      311       13         0
                text13                              38E      38E        5         0
                text12                               15       15      1B1         0
                text11                              333      333        F         0
                text10                              2E7      2E7       16         0
                text9                               36B      36B        B         0
                text8                               376      376        A         0
                text7                               2FD      2FD       14         0
                text6                               389      389        5         0
                text5                               324      324        F         0
                text4                               2D0      2D0       17         0
                text3                               342      342        E         0
                text2                               1C6      1C6       4B         0
                text1                               35E      35E        D         0
                maintext                            280      280       2B         0

        CLASS   STRCODE        

        CLASS   STRING         

        CLASS   CONST          

        CLASS   ENTRY          

        CLASS   COMMON         
                cstackCOMMON                         70       70        D         1

        CLASS   BANK0          
                cstackBANK0                          5A       5A        6         1
                bssBANK0                             20       20       3A         1

        CLASS   BANK1          

        CLASS   BANK2          

        CLASS   BIGRAM         

        CLASS   RAM            

        CLASS   ABS1           
                abs_s1                               7E       7E        2         1

        CLASS   SFR0           

        CLASS   SFR1           

        CLASS   SFR2           

        CLASS   SFR3           

        CLASS   SFR4           

        CLASS   SFR5           

        CLASS   SFR6           

        CLASS   SFR7           

        CLASS   SFR8           

        CLASS   SFR9           

        CLASS   SFR10          

        CLASS   SFR11          

        CLASS   SFR12          

        CLASS   SFR13          

        CLASS   SFR14          

        CLASS   SFR15          

        CLASS   SFR16          

        CLASS   SFR17          

        CLASS   SFR18          

        CLASS   SFR19          

        CLASS   SFR20          

        CLASS   SFR21          

        CLASS   SFR22          

        CLASS   SFR23          

        CLASS   SFR24          

        CLASS   SFR25          

        CLASS   SFR26          

        CLASS   SFR27          

        CLASS   SFR28          

        CLASS   SFR29          

        CLASS   SFR30          

        CLASS   SFR31          

        CLASS   CONFIG         
                config                             8007     8007        4         0

        CLASS   IDLOC          

        CLASS   EEDATA         

        CLASS   BANK31         

        CLASS   BANK30         

        CLASS   BANK29         

        CLASS   BANK28         

        CLASS   BANK27         

        CLASS   BANK26         

        CLASS   BANK25         

        CLASS   BANK24         

        CLASS   BANK23         

        CLASS   BANK22         

        CLASS   BANK21         

        CLASS   BANK20         

        CLASS   BANK19         

        CLASS   BANK18         

        CLASS   BANK17         

        CLASS   BANK16         

        CLASS   BANK15         

        CLASS   BANK14         

        CLASS   BANK13         

        CLASS   BANK12         

        CLASS   BANK11         

        CLASS   BANK10         

        CLASS   BANK9          

        CLASS   BANK8          

        CLASS   BANK7          

        CLASS   BANK6          

        CLASS   BANK5          

        CLASS   BANK4          

        CLASS   BANK3          



SEGMENTS        Name                           Load    Length   Top    Selector   Space  Class     Delta

                reset_vec                      000000  000002  000002         0       0  CODE        2
                intentry                       000004  00038F  000393         8       0  CODE        2
                bssBANK0                       000020  000040  000060        20       1  BANK0       1
                cstackCOMMON                   000070  00000D  00007D        70       1  COMMON      1
                config                         008007  000004  00800B     1000E       0  CONFIG      2


UNUSED ADDRESS RANGES

        Name                Unused          Largest block    Delta
        BANK0            00060-0006F              10           1
        BANK1            000A0-000EF              50           1
        BANK2            00120-0016F              50           1
        BIGRAM           02000-020EF              F0           1
        CODE             00002-00003               2           2
                         00393-007FF             46D
        COMMON           0007D-0007D               1           1
        CONST            00002-00003               2           2
                         00393-007FF             100
        EEDATA           0F000-0F0FF             100           2
        ENTRY            00002-00003               2           2
                         00393-007FF             100
        IDLOC            08000-08003               4           2
        RAM              00060-0006F              10           1
                         000A0-000EF              50
                         00120-0016F              50
        SFR0             00000-0001F              20           1
        SFR1             00080-0009F              20           1
        SFR10            00500-0056F              70           1
        SFR11            00580-005EF              70           1
        SFR12            00600-0066F              70           1
        SFR13            00680-006EF              70           1
        SFR14            00700-0076F              70           1
        SFR15            00780-007EF              70           1
        SFR16            00800-0086F              70           1
        SFR17            00880-008EF              70           1
        SFR18            00900-0096F              70           1
        SFR19            00980-009EF              70           1
        SFR2             00100-0011F              20           1
        SFR20            00A00-00A6F              70           1
        SFR21            00A80-00AEF              70           1
        SFR22            00B00-00B6F              70           1
        SFR23            00B80-00BEF              70           1
        SFR24            00C00-00C6F              70           1
        SFR25            00C80-00CEF              70           1
        SFR26            00D00-00D6F              70           1
        SFR27            00D80-00DEF              70           1
        SFR28            00E00-00E6F              70           1
        SFR29            00E80-00EEF              70           1
        SFR3             00180-001EF              70           1
        SFR30            00F00-00F6F              70           1
        SFR31            00F80-00FEF              70           1
        SFR4             00200-0026F              70           1
        SFR5             00280-002EF              70           1
        SFR6             00300-0036F              70           1
        SFR7             00380-003EF              70           1
        SFR8             00400-0046F              70           1
        SFR9             00480-004EF              70           1
        STACK            02040-020EF              B0           1
        STRCODE          00002-00003               2           2
                         00393-007FF             46D
        STRING           00002-00003               2           2
                         00393-007FF             100

                                  Symbol Table

?___lldiv                    cstackCOMMON 00070
?___lmul                     cstackCOMMON 00070
IO_Init@bFull                cstackCOMMON 0007C
IO_SetPWM@pwm                cstackCOMMON 00071
_ADACT                       (abs)        0009F
_ADCON0                      (abs)        0009D
_ADCON0bits                  (abs)        0009D
_ADCON1                      (abs)        0009E
_ADC_Init                    text16       00380
_ADRESH                      (abs)        0009C
_ADRESL                      (abs)        0009B
_ANSELA                      (abs)        0018C
_ANSELC                      (abs)        0018E
_AdcCS                       bssBANK0     00028
_AdcIndex                    bssBANK0     00050
_AdcTemp                     bssBANK0     00020
_AdcVin                      bssBANK0     00038
_AdcVout                     bssBANK0     00030
_C1IE                        (abs)        00495
_C1IF                        (abs)        00095
_C1ON                        (abs)        0088F
_C1OUT                       (abs)        0088E
_CM1CON0                     (abs)        00111
_CM1CON1                     (abs)        00112
_CMP_Init                    text15       00350
_CSense                      bssBANK0     0004C
_CSenseRaw                   bssBANK0     00040
_CalcPower                   text17       00250
_Clock_Init                  text14       00311
_FVRCON                      (abs)        00117
_FVREN                       (abs)        008BF
_FVR_Init                    text13       0038E
_IDLEN                       (abs)        048C7
_INTCON                      (abs)        0000B
_INTCONbits                  (abs)        0000B
_IOCIE                       (abs)        00484
_IO_Init                     text7        002FD
_IO_OSTMRElapsed             text6        00389
_IO_ReadADC                  text12       00015
_IO_SetPWM                   text5        00324
_IO_safetyCheck10ms          text4        002D0
_IO_safetyCheckIdle          text3        00342
_LATA                        (abs)        0010C
_LATAbits                    (abs)        0010C
_LATC                        (abs)        0010E
_LATCbits                    (abs)        0010E
_MPPT                        text2        001C6
_OSCCON1                     (abs)        00919
_OSCCON3                     (abs)        0091B
_OSCFRQ                      (abs)        0091F
_OldPower                    bssBANK0     00046
_PEIE                        (abs)        0005E
_PIE0                        (abs)        00090
_PIE1                        (abs)        00091
_PIE2                        (abs)        00092
_PIE3                        (abs)        00093
_PIE4                        (abs)        00094
_PORTCbits                   (abs)        0000E
_PR2                         (abs)        0001E
_PWM5CON                     (abs)        00619
_PWM5DCH                     (abs)        00618
_PWM5DCL                     (abs)        00617
_PWM_Init                    text11       00333
_Ports_Init                  text10       002E7
_Power                       bssBANK0     00048
_RC0PPS                      (abs)        00EA0
_RC4PPS                      (abs)        00EA4
_RC5PPS                      (abs)        00EA5
_SP1BRGL                     (abs)        0019B
_SPEN                        (abs)        00CEF
_SYNC                        (abs)        00CF4
_T0CON0                      (abs)        00017
_T0CON1                      (abs)        00018
_T0EN                        (abs)        000BF
_T2CON                       (abs)        0001F
_TMR0H                       (abs)        00016
_TMR0IE                      (abs)        00485
_TMR0IF                      (abs)        00085
_TMR0_Init                   text9        0036B
_TRISA                       (abs)        0008C
_TRISC                       (abs)        0008E
_TX1REG                      (abs)        0019A
_TXEN                        (abs)        00CF5
_TXIF                        (abs)        0008C
_Temperature                 bssBANK0     00055
_UART_Init                   text8        00376
_UART_Send                   text1        0035E
_Vin                         bssBANK0     0004A
_Vout                        bssBANK0     0004E
_VoutRaw                     bssBANK0     00042
_WPUA                        (abs)        0020C
_WPUC                        (abs)        0020E
__CFG_BOREN$ON               (abs)        00000
__CFG_BORV$LOW               (abs)        00000
__CFG_CLKOUTEN$OFF           (abs)        00000
__CFG_CP$OFF                 (abs)        00000
__CFG_CPD$OFF                (abs)        00000
__CFG_CSWEN$ON               (abs)        00000
__CFG_FCMEN$OFF              (abs)        00000
__CFG_FEXTOSC$OFF            (abs)        00000
__CFG_LPBOREN$OFF            (abs)        00000
__CFG_LVP$ON                 (abs)        00000
__CFG_MCLRE$OFF              (abs)        00000
__CFG_PPS1WAY$OFF            (abs)        00000
__CFG_PWRTE$OFF              (abs)        00000
__CFG_RSTOSC$LFINT           (abs)        00000
__CFG_STVREN$ON              (abs)        00000
__CFG_WDTE$OFF               (abs)        00000
__CFG_WRT$OFF                (abs)        00000
__Habs1                      abs1         00000
__Hbank0                     bank0        00000
__Hbank1                     bank1        00000
__Hbank10                    bank10       00000
__Hbank11                    bank11       00000
__Hbank12                    bank12       00000
__Hbank13                    bank13       00000
__Hbank14                    bank14       00000
__Hbank15                    bank15       00000
__Hbank16                    bank16       00000
__Hbank17                    bank17       00000
__Hbank18                    bank18       00000
__Hbank19                    bank19       00000
__Hbank2                     bank2        00000
__Hbank20                    bank20       00000
__Hbank21                    bank21       00000
__Hbank22                    bank22       00000
__Hbank23                    bank23       00000
__Hbank24                    bank24       00000
__Hbank25                    bank25       00000
__Hbank26                    bank26       00000
__Hbank27                    bank27       00000
__Hbank28                    bank28       00000
__Hbank29                    bank29       00000
__Hbank3                     bank3        00000
__Hbank30                    bank30       00000
__Hbank31                    bank31       00000
__Hbank4                     bank4        00000
__Hbank5                     bank5        00000
__Hbank6                     bank6        00000
__Hbank7                     bank7        00000
__Hbank8                     bank8        00000
__Hbank9                     bank9        00000
__Hbigram                    bigram       00000
__HbssBANK0                  bssBANK0     00000
__Hcinit                     cinit        00015
__Hclrtext                   clrtext      00000
__Hcode                      code         00000
__Hcommon                    common       00000
__Hconfig                    config       0800B
__HcstackBANK0               cstackBANK0  00000
__HcstackCOMMON              cstackCOMMON 00000
__Heeprom_data               eeprom_data  00000
__Hend_init                  end_init     00012
__Hfunctab                   functab      00000
__Hidloc                     idloc        00000
__Hinit                      init         00011
__Hintentry                  intentry     00011
__Hmaintext                  maintext     00000
__Hpowerup                   powerup      00000
__Hram                       ram          00000
__Hreset_vec                 reset_vec    00002
__Hsfr0                      sfr0         00000
__Hsfr1                      sfr1         00000
__Hsfr10                     sfr10        00000
__Hsfr11                     sfr11        00000
__Hsfr12                     sfr12        00000
__Hsfr13                     sfr13        00000
__Hsfr14                     sfr14        00000
__Hsfr15                     sfr15        00000
__Hsfr16                     sfr16        00000
__Hsfr17                     sfr17        00000
__Hsfr18                     sfr18        00000
__Hsfr19                     sfr19        00000
__Hsfr2                      sfr2         00000
__Hsfr20                     sfr20        00000
__Hsfr21                     sfr21        00000
__Hsfr22                     sfr22        00000
__Hsfr23                     sfr23        00000
__Hsfr24                     sfr24        00000
__Hsfr25                     sfr25        00000
__Hsfr26                     sfr26        00000
__Hsfr27                     sfr27        00000
__Hsfr28                     sfr28        00000
__Hsfr29                     sfr29        00000
__Hsfr3                      sfr3         00000
__Hsfr30                     sfr30        00000
__Hsfr31                     sfr31        00000
__Hsfr4                      sfr4         00000
__Hsfr5                      sfr5         00000
__Hsfr6                      sfr6         00000
__Hsfr7                      sfr7         00000
__Hsfr8                      sfr8         00000
__Hsfr9                      sfr9         00000
__Hspace_0                   (abs)        0800B
__Hspace_1                   (abs)        0007D
__Hspace_2                   (abs)        00000
__Hspace_3                   (abs)        00000
__Hstack                     stack        00000
__Hstrings                   strings      00000
__Htext                      text         00000
__Labs1                      abs1         00000
__Lbank0                     bank0        00000
__Lbank1                     bank1        00000
__Lbank10                    bank10       00000
__Lbank11                    bank11       00000
__Lbank12                    bank12       00000
__Lbank13                    bank13       00000
__Lbank14                    bank14       00000
__Lbank15                    bank15       00000
__Lbank16                    bank16       00000
__Lbank17                    bank17       00000
__Lbank18                    bank18       00000
__Lbank19                    bank19       00000
__Lbank2                     bank2        00000
__Lbank20                    bank20       00000
__Lbank21                    bank21       00000
__Lbank22                    bank22       00000
__Lbank23                    bank23       00000
__Lbank24                    bank24       00000
__Lbank25                    bank25       00000
__Lbank26                    bank26       00000
__Lbank27                    bank27       00000
__Lbank28                    bank28       00000
__Lbank29                    bank29       00000
__Lbank3                     bank3        00000
__Lbank30                    bank30       00000
__Lbank31                    bank31       00000
__Lbank4                     bank4        00000
__Lbank5                     bank5        00000
__Lbank6                     bank6        00000
__Lbank7                     bank7        00000
__Lbank8                     bank8        00000
__Lbank9                     bank9        00000
__Lbigram                    bigram       00000
__LbssBANK0                  bssBANK0     00000
__Lcinit                     cinit        00012
__Lclrtext                   clrtext      00000
__Lcode                      code         00000
__Lcommon                    common       00000
__Lconfig                    config       08007
__LcstackBANK0               cstackBANK0  00000
__LcstackCOMMON              cstackCOMMON 00000
__Leeprom_data               eeprom_data  00000
__Lend_init                  end_init     00011
__Lfunctab                   functab      00000
__Lidloc                     idloc        00000
__Linit                      init         00011
__Lintentry                  intentry     00004
__Lmaintext                  maintext     00000
__Lpowerup                   powerup      00000
__Lram                       ram          00000
__Lreset_vec                 reset_vec    00000
__Lsfr0                      sfr0         00000
__Lsfr1                      sfr1         00000
__Lsfr10                     sfr10        00000
__Lsfr11                     sfr11        00000
__Lsfr12                     sfr12        00000
__Lsfr13                     sfr13        00000
__Lsfr14                     sfr14        00000
__Lsfr15                     sfr15        00000
__Lsfr16                     sfr16        00000
__Lsfr17                     sfr17        00000
__Lsfr18                     sfr18        00000
__Lsfr19                     sfr19        00000
__Lsfr2                      sfr2         00000
__Lsfr20                     sfr20        00000
__Lsfr21                     sfr21        00000
__Lsfr22                     sfr22        00000
__Lsfr23                     sfr23        00000
__Lsfr24                     sfr24        00000
__Lsfr25                     sfr25        00000
__Lsfr26                     sfr26        00000
__Lsfr27                     sfr27        00000
__Lsfr28                     sfr28        00000
__Lsfr29                     sfr29        00000
__Lsfr3                      sfr3         00000
__Lsfr30                     sfr30        00000
__Lsfr31                     sfr31        00000
__Lsfr4                      sfr4         00000
__Lsfr5                      sfr5         00000
__Lsfr6                      sfr6         00000
__Lsfr7                      sfr7         00000
__Lsfr8                      sfr8         00000
__Lsfr9                      sfr9         00000
__Lspace_0                   (abs)        00000
__Lspace_1                   (abs)        00000
__Lspace_2                   (abs)        00000
__Lspace_3                   (abs)        00000
__Lstack                     stack        00000
__Lstrings                   strings      00000
__Ltext                      text         00000
__S0                         (abs)        0800B
__S1                         (abs)        0007D
__S2                         (abs)        00000
__S3                         (abs)        00000
___int_sp                    stack        00000
___latbits                   (abs)        00000
___lldiv                     text19       00211
___lldiv@counter             cstackCOMMON 0007C
___lldiv@dividend            cstackCOMMON 00074
___lldiv@divisor             cstackCOMMON 00070
___lldiv@quotient            cstackCOMMON 00078
___lmul                      text18       002AB
___lmul@multiplicand         cstackCOMMON 00074
___lmul@multiplier           cstackCOMMON 00070
___lmul@product              cstackCOMMON 00078
___sp                        stack        00000
__end_of_ADC_Init            text16       00389
__end_of_CMP_Init            text15       0035E
__end_of_CalcPower           text17       00280
__end_of_Clock_Init          text14       00324
__end_of_FVR_Init            text13       00393
__end_of_IO_Init             text7        00311
__end_of_IO_OSTMRElapsed     text6        0038E
__end_of_IO_ReadADC          text12       001C6
__end_of_IO_SetPWM           text5        00333
__end_of_IO_safetyCheck10ms  text4        002E7
__end_of_IO_safetyCheckIdle  text3        00350
__end_of_MPPT                text2        00211
__end_of_PWM_Init            text11       00342
__end_of_Ports_Init          text10       002FD
__end_of_TMR0_Init           text9        00376
__end_of_UART_Init           text8        00380
__end_of_UART_Send           text1        0036B
__end_of___lldiv             text19       00250
__end_of___lmul              text18       002D0
__end_of__initialization     cinit        00012
__end_of_intr                intentry     00011
__end_of_main                maintext     002AB
__initialization             cinit        00012
__pbssBANK0                  bssBANK0     00020
__pcstackBANK0               cstackBANK0  0005A
__pcstackCOMMON              cstackCOMMON 00070
__pintentry                  intentry     00004
__pmaintext                  maintext     00280
__ptext1                     text1        0035E
__ptext10                    text10       002E7
__ptext11                    text11       00333
__ptext12                    text12       00015
__ptext13                    text13       0038E
__ptext14                    text14       00311
__ptext15                    text15       00350
__ptext16                    text16       00380
__ptext17                    text17       00250
__ptext18                    text18       002AB
__ptext19                    text19       00211
__ptext2                     text2        001C6
__ptext3                     text3        00342
__ptext4                     text4        002D0
__ptext5                     text5        00324
__ptext6                     text6        00389
__ptext7                     text7        002FD
__ptext8                     text8        00376
__ptext9                     text9        0036B
__size_of_ADC_Init           (abs)        00000
__size_of_CMP_Init           (abs)        00000
__size_of_CalcPower          (abs)        00000
__size_of_Clock_Init         (abs)        00000
__size_of_FVR_Init           (abs)        00000
__size_of_IO_Init            (abs)        00000
__size_of_IO_OSTMRElapsed    (abs)        00000
__size_of_IO_ReadADC         (abs)        00000
__size_of_IO_SetPWM          (abs)        00000
__size_of_IO_safetyCheck10ms (abs)        00000
__size_of_IO_safetyCheckIdle (abs)        00000
__size_of_MPPT               (abs)        00000
__size_of_PWM_Init           (abs)        00000
__size_of_Ports_Init         (abs)        00000
__size_of_TMR0_Init          (abs)        00000
__size_of_UART_Init          (abs)        00000
__size_of_UART_Send          (abs)        00000
__size_of___lldiv            (abs)        00000
__size_of___lmul             (abs)        00000
__size_of_intr               (abs)        00000
__size_of_main               (abs)        00000
_bDir                        bssBANK0     00053
_bEmStop                     bssBANK0     00054
_intr                        intentry     00004
_main                        maintext     00280
_u32t                        bssBANK0     00056
_u8PWM                       bssBANK0     00052
_zzl                         bssBANK0     00051
_zzz                         bssBANK0     00044
btemp                        (abs)        0007E
end_of_initialization        cinit        00012
int$flags                    (abs)        0007E
intlevel0                    functab      00000
intlevel1                    functab      00000
intlevel2                    functab      00000
intlevel3                    functab      00000
intlevel4                    functab      00000
intlevel5                    functab      00000
reset_vec                    reset_vec    00000
stackhi                      (abs)        020EF
stacklo                      (abs)        02040
start                        init         00011
start_initialization         cinit        00012
wtemp0                       (abs)        0007E


FUNCTION INFORMATION:

 *************** function _main *****************
 Defined at:
		line 123 in file "../main.c"
 Parameters:    Size  Location     Type
		None
 Auto vars:     Size  Location     Type
		None
 Return value:  Size  Location     Type
                  2   63[None  ] int 
 Registers used:
		wreg, fsr0l, fsr0h, fsr1l, fsr1h, status,2, status,0, pclath, cstack
 Tracked objects:
		On entry : 
		On exit  : 
		Unchanged: 
 Data sizes:     COMMON   BANK0   BANK1   BANK2
      Params:         0       0       0       0
      Locals:         0       0       0       0
      Temps:          0       0       0       0
      Totals:         0       0       0       0
Total ram usage:        0 bytes
 Hardware stack levels required when called:    4
 This function calls:
		_CalcPower
		_IO_Init
		_IO_OSTMRElapsed
		_IO_ReadADC
		_IO_SetPWM
		_IO_safetyCheck10ms
		_IO_safetyCheckIdle
		_MPPT
		_UART_Send
 This function is called by:
		Startup code after reset
 This function uses a non-reentrant model


 *************** function _UART_Send *****************
 Defined at:
		line 128 in file "../drv_io.c"
 Parameters:    Size  Location     Type
		None
 Auto vars:     Size  Location     Type
		None
 Return value:  Size  Location     Type
                  1    wreg      void 
 Registers used:
		wreg
 Tracked objects:
		On entry : 
		On exit  : 
		Unchanged: 
 Data sizes:     COMMON   BANK0   BANK1   BANK2
      Params:         0       0       0       0
      Locals:         0       0       0       0
      Temps:          0       0       0       0
      Totals:         0       0       0       0
Total ram usage:        0 bytes
 Hardware stack levels used:    1
 Hardware stack levels required when called:    1
 This function calls:
		Nothing
 This function is called by:
		_main
 This function uses a non-reentrant model


 *************** function _MPPT *****************
 Defined at:
		line 76 in file "../main.c"
 Parameters:    Size  Location     Type
		None
 Auto vars:     Size  Location     Type
		None
 Return value:  Size  Location     Type
                  1    wreg      void 
 Registers used:
		wreg, status,2, status,0
 Tracked objects:
		On entry : 
		On exit  : 
		Unchanged: 
 Data sizes:     COMMON   BANK0   BANK1   BANK2
      Params:         0       0       0       0
      Locals:         0       0       0       0
      Temps:          0       0       0       0
      Totals:         0       0       0       0
Total ram usage:        0 bytes
 Hardware stack levels used:    1
 Hardware stack levels required when called:    1
 This function calls:
		Nothing
 This function is called by:
		_main
 This function uses a non-reentrant model


 *************** function _IO_safetyCheckIdle *****************
 Defined at:
		line 257 in file "../drv_io.c"
 Parameters:    Size  Location     Type
		None
 Auto vars:     Size  Location     Type
		None
 Return value:  Size  Location     Type
                  1    wreg      void 
 Registers used:
		wreg, status,2
 Tracked objects:
		On entry : 
		On exit  : 
		Unchanged: 
 Data sizes:     COMMON   BANK0   BANK1   BANK2
      Params:         0       0       0       0
      Locals:         0       0       0       0
      Temps:          0       0       0       0
      Totals:         0       0       0       0
Total ram usage:        0 bytes
 Hardware stack levels used:    1
 Hardware stack levels required when called:    1
 This function calls:
		Nothing
 This function is called by:
		_main
 This function uses a non-reentrant model


 *************** function _IO_safetyCheck10ms *****************
 Defined at:
		line 267 in file "../drv_io.c"
 Parameters:    Size  Location     Type
		None
 Auto vars:     Size  Location     Type
		None
 Return value:  Size  Location     Type
                  1    wreg      void 
 Registers used:
		wreg, status,2
 Tracked objects:
		On entry : 
		On exit  : 
		Unchanged: 
 Data sizes:     COMMON   BANK0   BANK1   BANK2
      Params:         0       0       0       0
      Locals:         0       0       0       0
      Temps:          0       0       0       0
      Totals:         0       0       0       0
Total ram usage:        0 bytes
 Hardware stack levels used:    1
 Hardware stack levels required when called:    1
 This function calls:
		Nothing
 This function is called by:
		_main
 This function uses a non-reentrant model


 *************** function _IO_SetPWM *****************
 Defined at:
		line 211 in file "../drv_io.c"
 Parameters:    Size  Location     Type
  pwm             1    wreg     unsigned char 
 Auto vars:     Size  Location     Type
  pwm             1    1[COMMON] unsigned char 
 Return value:  Size  Location     Type
                  1    wreg      void 
 Registers used:
		wreg, status,2, status,0
 Tracked objects:
		On entry : 
		On exit  : 
		Unchanged: 
 Data sizes:     COMMON   BANK0   BANK1   BANK2
      Params:         0       0       0       0
      Locals:         1       0       0       0
      Temps:          1       0       0       0
      Totals:         2       0       0       0
Total ram usage:        2 bytes
 Hardware stack levels used:    1
 Hardware stack levels required when called:    1
 This function calls:
		Nothing
 This function is called by:
		_main
 This function uses a non-reentrant model


 *************** function _IO_OSTMRElapsed *****************
 Defined at:
		line 242 in file "../drv_io.c"
 Parameters:    Size  Location     Type
		None
 Auto vars:     Size  Location     Type
		None
 Return value:  Size  Location     Type
                  1    wreg      unsigned char 
 Registers used:
		wreg
 Tracked objects:
		On entry : 
		On exit  : 
		Unchanged: 
 Data sizes:     COMMON   BANK0   BANK1   BANK2
      Params:         0       0       0       0
      Locals:         0       0       0       0
      Temps:          0       0       0       0
      Totals:         0       0       0       0
Total ram usage:        0 bytes
 Hardware stack levels used:    1
 Hardware stack levels required when called:    1
 This function calls:
		Nothing
 This function is called by:
		_main
 This function uses a non-reentrant model


 *************** function _IO_Init *****************
 Defined at:
		line 216 in file "../drv_io.c"
 Parameters:    Size  Location     Type
  bFull           1    wreg     unsigned char 
 Auto vars:     Size  Location     Type
  bFull           1   12[COMMON] unsigned char 
 Return value:  Size  Location     Type
                  1    wreg      void 
 Registers used:
		wreg, fsr0l, fsr0h, fsr1l, fsr1h, status,2, status,0, pclath, cstack
 Tracked objects:
		On entry : 
		On exit  : 
		Unchanged: 
 Data sizes:     COMMON   BANK0   BANK1   BANK2
      Params:         0       0       0       0
      Locals:         1       0       0       0
      Temps:          0       0       0       0
      Totals:         1       0       0       0
Total ram usage:        1 bytes
 Hardware stack levels used:    1
 Hardware stack levels required when called:    3
 This function calls:
		_ADC_Init
		_CMP_Init
		_Clock_Init
		_FVR_Init
		_IO_ReadADC
		_PWM_Init
		_Ports_Init
		_TMR0_Init
		_UART_Init
 This function is called by:
		_main
 This function uses a non-reentrant model


 *************** function _UART_Init *****************
 Defined at:
		line 120 in file "../drv_io.c"
 Parameters:    Size  Location     Type
		None
 Auto vars:     Size  Location     Type
		None
 Return value:  Size  Location     Type
                  1    wreg      void 
 Registers used:
		wreg
 Tracked objects:
		On entry : 
		On exit  : 
		Unchanged: 
 Data sizes:     COMMON   BANK0   BANK1   BANK2
      Params:         0       0       0       0
      Locals:         0       0       0       0
      Temps:          0       0       0       0
      Totals:         0       0       0       0
Total ram usage:        0 bytes
 Hardware stack levels used:    1
 Hardware stack levels required when called:    1
 This function calls:
		Nothing
 This function is called by:
		_IO_Init
 This function uses a non-reentrant model


 *************** function _TMR0_Init *****************
 Defined at:
		line 104 in file "../drv_io.c"
 Parameters:    Size  Location     Type
		None
 Auto vars:     Size  Location     Type
		None
 Return value:  Size  Location     Type
                  1    wreg      void 
 Registers used:
		wreg, status,2
 Tracked objects:
		On entry : 
		On exit  : 
		Unchanged: 
 Data sizes:     COMMON   BANK0   BANK1   BANK2
      Params:         0       0       0       0
      Locals:         0       0       0       0
      Temps:          0       0       0       0
      Totals:         0       0       0       0
Total ram usage:        0 bytes
 Hardware stack levels used:    1
 Hardware stack levels required when called:    1
 This function calls:
		Nothing
 This function is called by:
		_IO_Init
 This function uses a non-reentrant model


 *************** function _Ports_Init *****************
 Defined at:
		line 61 in file "../drv_io.c"
 Parameters:    Size  Location     Type
		None
 Auto vars:     Size  Location     Type
		None
 Return value:  Size  Location     Type
                  1    wreg      void 
 Registers used:
		wreg, status,2
 Tracked objects:
		On entry : 
		On exit  : 
		Unchanged: 
 Data sizes:     COMMON   BANK0   BANK1   BANK2
      Params:         0       0       0       0
      Locals:         0       0       0       0
      Temps:          0       0       0       0
      Totals:         0       0       0       0
Total ram usage:        0 bytes
 Hardware stack levels used:    1
 Hardware stack levels required when called:    1
 This function calls:
		Nothing
 This function is called by:
		_IO_Init
 This function uses a non-reentrant model


 *************** function _PWM_Init *****************
 Defined at:
		line 94 in file "../drv_io.c"
 Parameters:    Size  Location     Type
		None
 Auto vars:     Size  Location     Type
		None
 Return value:  Size  Location     Type
                  1    wreg      void 
 Registers used:
		wreg, status,2
 Tracked objects:
		On entry : 
		On exit  : 
		Unchanged: 
 Data sizes:     COMMON   BANK0   BANK1   BANK2
      Params:         0       0       0       0
      Locals:         0       0       0       0
      Temps:          0       0       0       0
      Totals:         0       0       0       0
Total ram usage:        0 bytes
 Hardware stack levels used:    1
 Hardware stack levels required when called:    1
 This function calls:
		Nothing
 This function is called by:
		_IO_Init
 This function uses a non-reentrant model


 *************** function _IO_ReadADC *****************
 Defined at:
		line 141 in file "../drv_io.c"
 Parameters:    Size  Location     Type
		None
 Auto vars:     Size  Location     Type
		None
 Return value:  Size  Location     Type
                  1    wreg      void 
 Registers used:
		wreg, fsr0l, fsr0h, fsr1l, fsr1h, status,2, status,0, pclath, cstack
 Tracked objects:
		On entry : 
		On exit  : 
		Unchanged: 
 Data sizes:     COMMON   BANK0   BANK1   BANK2
      Params:         0       0       0       0
      Locals:         0       0       0       0
      Temps:          0       6       0       0
      Totals:         0       6       0       0
Total ram usage:        6 bytes
 Hardware stack levels used:    1
 Hardware stack levels required when called:    2
 This function calls:
		___lmul
 This function is called by:
		_main
		_IO_Init
 This function uses a non-reentrant model


 *************** function _FVR_Init *****************
 Defined at:
		line 44 in file "../drv_io.c"
 Parameters:    Size  Location     Type
		None
 Auto vars:     Size  Location     Type
		None
 Return value:  Size  Location     Type
                  1    wreg      void 
 Registers used:
		wreg
 Tracked objects:
		On entry : 
		On exit  : 
		Unchanged: 
 Data sizes:     COMMON   BANK0   BANK1   BANK2
      Params:         0       0       0       0
      Locals:         0       0       0       0
      Temps:          0       0       0       0
      Totals:         0       0       0       0
Total ram usage:        0 bytes
 Hardware stack levels used:    1
 Hardware stack levels required when called:    1
 This function calls:
		Nothing
 This function is called by:
		_IO_Init
 This function uses a non-reentrant model


 *************** function _Clock_Init *****************
 Defined at:
		line 25 in file "../drv_io.c"
 Parameters:    Size  Location     Type
		None
 Auto vars:     Size  Location     Type
		None
 Return value:  Size  Location     Type
                  1    wreg      void 
 Registers used:
		wreg, status,2
 Tracked objects:
		On entry : 
		On exit  : 
		Unchanged: 
 Data sizes:     COMMON   BANK0   BANK1   BANK2
      Params:         0       0       0       0
      Locals:         0       0       0       0
      Temps:          0       0       0       0
      Totals:         0       0       0       0
Total ram usage:        0 bytes
 Hardware stack levels used:    1
 Hardware stack levels required when called:    1
 This function calls:
		Nothing
 This function is called by:
		_IO_Init
 This function uses a non-reentrant model


 *************** function _CMP_Init *****************
 Defined at:
		line 50 in file "../drv_io.c"
 Parameters:    Size  Location     Type
		None
 Auto vars:     Size  Location     Type
		None
 Return value:  Size  Location     Type
                  1    wreg      void 
 Registers used:
		wreg
 Tracked objects:
		On entry : 
		On exit  : 
		Unchanged: 
 Data sizes:     COMMON   BANK0   BANK1   BANK2
      Params:         0       0       0       0
      Locals:         0       0       0       0
      Temps:          0       0       0       0
      Totals:         0       0       0       0
Total ram usage:        0 bytes
 Hardware stack levels used:    1
 Hardware stack levels required when called:    1
 This function calls:
		Nothing
 This function is called by:
		_IO_Init
 This function uses a non-reentrant model


 *************** function _ADC_Init *****************
 Defined at:
		line 113 in file "../drv_io.c"
 Parameters:    Size  Location     Type
		None
 Auto vars:     Size  Location     Type
		None
 Return value:  Size  Location     Type
                  1    wreg      void 
 Registers used:
		wreg, status,2
 Tracked objects:
		On entry : 
		On exit  : 
		Unchanged: 
 Data sizes:     COMMON   BANK0   BANK1   BANK2
      Params:         0       0       0       0
      Locals:         0       0       0       0
      Temps:          0       0       0       0
      Totals:         0       0       0       0
Total ram usage:        0 bytes
 Hardware stack levels used:    1
 Hardware stack levels required when called:    1
 This function calls:
		Nothing
 This function is called by:
		_IO_Init
 This function uses a non-reentrant model


 *************** function _CalcPower *****************
 Defined at:
		line 70 in file "../main.c"
 Parameters:    Size  Location     Type
		None
 Auto vars:     Size  Location     Type
		None
 Return value:  Size  Location     Type
                  1    wreg      void 
 Registers used:
		wreg, status,2, status,0, pclath, cstack
 Tracked objects:
		On entry : 
		On exit  : 
		Unchanged: 
 Data sizes:     COMMON   BANK0   BANK1   BANK2
      Params:         0       0       0       0
      Locals:         0       0       0       0
      Temps:          0       0       0       0
      Totals:         0       0       0       0
Total ram usage:        0 bytes
 Hardware stack levels used:    1
 Hardware stack levels required when called:    2
 This function calls:
		___lldiv
		___lmul
 This function is called by:
		_main
 This function uses a non-reentrant model


 *************** function ___lmul *****************
 Defined at:
		line 15 in file "C:\Program Files (x86)\Microchip\xc8\v1.45\sources\common\Umul32.c"
 Parameters:    Size  Location     Type
  multiplier      4    0[COMMON] unsigned long 
  multiplicand    4    4[COMMON] unsigned long 
 Auto vars:     Size  Location     Type
  product         4    8[COMMON] unsigned long 
 Return value:  Size  Location     Type
                  4    0[COMMON] unsigned long 
 Registers used:
		wreg, status,2, status,0
 Tracked objects:
		On entry : 
		On exit  : 
		Unchanged: 
 Data sizes:     COMMON   BANK0   BANK1   BANK2
      Params:         8       0       0       0
      Locals:         4       0       0       0
      Temps:          0       0       0       0
      Totals:        12       0       0       0
Total ram usage:       12 bytes
 Hardware stack levels used:    1
 Hardware stack levels required when called:    1
 This function calls:
		Nothing
 This function is called by:
		_IO_ReadADC
		_CalcPower
 This function uses a non-reentrant model


 *************** function ___lldiv *****************
 Defined at:
		line 6 in file "C:\Program Files (x86)\Microchip\xc8\v1.45\sources\common\lldiv.c"
 Parameters:    Size  Location     Type
  divisor         4    0[COMMON] unsigned long 
  dividend        4    4[COMMON] unsigned long 
 Auto vars:     Size  Location     Type
  quotient        4    8[COMMON] unsigned long 
  counter         1   12[COMMON] unsigned char 
 Return value:  Size  Location     Type
                  4    0[COMMON] unsigned long 
 Registers used:
		wreg, status,2, status,0
 Tracked objects:
		On entry : 
		On exit  : 
		Unchanged: 
 Data sizes:     COMMON   BANK0   BANK1   BANK2
      Params:         8       0       0       0
      Locals:         5       0       0       0
      Temps:          0       0       0       0
      Totals:        13       0       0       0
Total ram usage:       13 bytes
 Hardware stack levels used:    1
 Hardware stack levels required when called:    1
 This function calls:
		Nothing
 This function is called by:
		_CalcPower
 This function uses a non-reentrant model


 *************** function _intr *****************
 Defined at:
		line 250 in file "../drv_io.c"
 Parameters:    Size  Location     Type
		None
 Auto vars:     Size  Location     Type
		None
 Return value:  Size  Location     Type
                  1    wreg      void 
 Registers used:
		wreg, status,2
 Tracked objects:
		On entry : 
		On exit  : 
		Unchanged: 
 Data sizes:     COMMON   BANK0   BANK1   BANK2
      Params:         0       0       0       0
      Locals:         0       0       0       0
      Temps:          0       0       0       0
      Totals:         0       0       0       0
Total ram usage:        0 bytes
 Hardware stack levels used:    1
 This function calls:
		Nothing
 This function is called by:
		Interrupt level 1
 This function uses a non-reentrant model



MODULE INFORMATION

Module		Function		Class		Link	Load	Size
../main.c
		_MPPT          		CODE           	01C6	0000	76
		_main          		CODE           	0280	0000	44
		_CalcPower     		CODE           	0250	0000	49

../main.c estimated size: 169

../drv_io.c
		_IO_safetyCheck10ms		CODE           	02D0	0000	24
		_IO_SetPWM     		CODE           	0324	0000	16
		_IO_safetyCheckIdle		CODE           	0342	0000	15
		_IO_OSTMRElapsed		CODE           	0389	0000	6
		_IO_ReadADC    		CODE           	0015	0000	434
		_UART_Init     		CODE           	0376	0000	11
		_intr          		CODE           	0004	0000	14
		_TMR0_Init     		CODE           	036B	0000	12
		_UART_Send     		CODE           	035E	0000	14
		_CMP_Init      		CODE           	0350	0000	15
		_Clock_Init    		CODE           	0311	0000	20
		_IO_Init       		CODE           	02FD	0000	21
		_Ports_Init    		CODE           	02E7	0000	23
		_PWM_Init      		CODE           	0333	0000	16
		_ADC_Init      		CODE           	0380	0000	10
		_FVR_Init      		CODE           	038E	0000	6

../drv_io.c estimated size: 657

C:\Program Files (x86)\Microchip\xc8\v1.45\sources\common\Umul32.c
		___lmul        		CODE           	02AB	0000	38

C:\Program Files (x86)\Microchip\xc8\v1.45\sources\common\Umul32.c estimated size: 38

shared
		__initialization		CODE           	0012	0000	1

shared estimated size: 1

C:\Program Files (x86)\Microchip\xc8\v1.45\sources\common\lldiv.c
		___lldiv       		CODE           	0211	0000	64

C:\Program Files (x86)\Microchip\xc8\v1.45\sources\common\lldiv.c estimated size: 64

